192.0.2.2 - - [04/Apr/2026:18:01:31 +0530] "GET /api/products HTTP/1.1" 400 2627 "-" "Python/3.11"
10.0.0.2 - - [04/Apr/2026:18:02:57 +0530] "POST /static/css/app.css HTTP/1.1" 200 3727 "-" "curl/7.68.0"
192.0.2.1 - - [04/Apr/2026:18:04:23 +0530] "GET /favicon.ico HTTP/1.1" 200 1062 "-" "Python/3.11"
10.0.0.2 - - [04/Apr/2026:18:05:49 +0530] "POST /api/checkout HTTP/1.1" 200 4501 "-" "curl/7.68.0"
198.51.100.2 - - [04/Apr/2026:18:07:15 +0530] "POST /static/css/app.css HTTP/1.1" 404 207 "-" "Mozilla/5.0 (Macintosh; Intel Mac OS X 10_15_7) Safari/537.36"
192.168.1.1 - - [04/Apr/2026:18:08:41 +0530] "GET /api/orders HTTP/1.1" 200 1697 "-" "Googlebot/2.1"
192.0.2.2 - - [04/Apr/2026:18:10:07 +0530] "GET /api/users HTTP/1.1" 200 4037 "-" "curl/7.68.0"
203.0.113.2 - - [04/Apr/2026:18:11:33 +0530] "GET /static/js/bundle.js HTTP/1.1" 401 2387 "-" "curl/7.68.0"
198.51.100.2 - - [04/Apr/2026:18:12:59 +0530] "GET /api/checkout HTTP/1.1" 200 3396 "-" "curl/7.68.0"
192.0.2.2 - - [04/Apr/2026:18:14:25 +0530] "POST /api/health HTTP/1.1" 200 4095 "-" "curl/7.68.0"
192.0.2.1 - - [04/Apr/2026:18:15:51 +0530] "POST /api/login HTTP/1.1" 404 2322 "-" "Mozilla/5.0 (Windows NT 10.0; Win64; x64) Chrome/120.0"
172.16.0.1 - - [04/Apr/2026:18:17:17 +0530] "GET /api/checkout HTTP/1.1" 200 1842 "-" "Python/3.11"
192.168.1.2 - - [04/Apr/2026:18:18:43 +0530] "GET /api/products HTTP/1.1" 200 4889 "-" "Mozilla/5.0 (Macintosh; Intel Mac OS X 10_15_7) Safari/537.36"
172.16.0.1 - - [04/Apr/2026:18:20:09 +0530] "GET /api/checkout HTTP/1.1" 200 344 "-" "Python/3.11"
192.0.2.1 - - [04/Apr/2026:18:21:35 +0530] "GET /api/products HTTP/1.1" 404 2688 "-" "Python/3.11"
192.0.2.1 - - [04/Apr/2026:18:23:01 +0530] "POST /api/health HTTP/1.1" 301 725 "-" "Python/3.11"
203.0.113.2 - - [04/Apr/2026:18:24:27 +0530] "POST /api/login HTTP/1.1" 200 1495 "-" "Mozilla/5.0 (Windows NT 10.0; Win64; x64) Chrome/120.0"
192.168.1.2 - - [04/Apr/2026:18:25:53 +0530] "GET /api/health HTTP/1.1" 200 3925 "-" "Mozilla/5.0 (Macintosh; Intel Mac OS X 10_15_7) Safari/537.36"
203.0.113.1 - - [04/Apr/2026:18:27:19 +0530] "DELETE /api/checkout HTTP/1.1" 200 4294 "-" "curl/7.68.0"
203.0.113.2 - - [04/Apr/2026:18:28:45 +0530] "PUT /api/users HTTP/1.1" 200 762 "-" "Mozilla/5.0 (Windows NT 10.0; Win64; x64) Chrome/120.0"
192.0.2.1 - - [04/Apr/2026:18:30:11 +0530] "POST /api/login HTTP/1.1" 404 3994 "-" "curl/7.68.0"
192.0.2.2 - - [04/Apr/2026:18:31:37 +0530] "PUT /static/js/bundle.js HTTP/1.1" 200 4456 "-" "Mozilla/5.0 (Windows NT 10.0; Win64; x64) Chrome/120.0"
192.0.2.2 - - [04/Apr/2026:18:33:03 +0530] "GET /api/users HTTP/1.1" 404 3784 "-" "Googlebot/2.1"
192.0.2.2 - - [04/Apr/2026:18:34:29 +0530] "GET /favicon.ico HTTP/1.1" 301 1553 "-" "Mozilla/5.0 (Windows NT 10.0; Win64; x64) Chrome/120.0"
172.16.0.2 - - [04/Apr/2026:18:35:55 +0530] "GET /api/cart HTTP/1.1" 304 0 "-" "curl/7.68.0"
192.0.2.1 - - [04/Apr/2026:18:37:21 +0530] "GET /api/health HTTP/1.1" 200 1212 "-" "Python/3.11"
192.0.2.1 - - [04/Apr/2026:18:38:47 +0530] "GET /api/checkout HTTP/1.1" 200 2526 "-" "Mozilla/5.0 (Windows NT 10.0; Win64; x64) Chrome/120.0"
192.0.2.1 - - [04/Apr/2026:18:40:13 +0530] "GET /api/checkout HTTP/1.1" 304 0 "-" "curl/7.68.0"
198.51.100.2 - - [04/Apr/2026:18:41:39 +0530] "DELETE /api/login HTTP/1.1" 200 4713 "-" "curl/7.68.0"
10.0.0.1 - - [04/Apr/2026:18:43:05 +0530] "POST /api/cart HTTP/1.1" 200 2749 "-" "Mozilla/5.0 (Macintosh; Intel Mac OS X 10_15_7) Safari/537.36"
203.0.113.1 - - [04/Apr/2026:18:44:31 +0530] "GET /static/css/app.css HTTP/1.1" 500 1329 "-" "Googlebot/2.1"
10.0.0.2 - - [04/Apr/2026:18:45:57 +0530] "GET /static/js/bundle.js HTTP/1.1" 200 3442 "-" "Python/3.11"
198.51.100.1 - - [04/Apr/2026:18:47:23 +0530] "PUT /static/css/app.css HTTP/1.1" 200 585 "-" "Mozilla/5.0 (Macintosh; Intel Mac OS X 10_15_7) Safari/537.36"
10.0.0.2 - - [04/Apr/2026:18:48:49 +0530] "POST /static/js/bundle.js HTTP/1.1" 200 1708 "-" "Python/3.11"
10.0.0.1 - - [04/Apr/2026:18:50:15 +0530] "GET /api/users HTTP/1.1" 200 193 "-" "Python/3.11"
172.16.0.1 - - [04/Apr/2026:18:51:41 +0530] "GET /api/cart HTTP/1.1" 200 3312 "-" "Python/3.11"
192.168.1.1 - - [04/Apr/2026:18:53:07 +0530] "DELETE /static/js/bundle.js HTTP/1.1" 500 3960 "-" "Mozilla/5.0 (Macintosh; Intel Mac OS X 10_15_7) Safari/537.36"
10.0.0.1 - - [04/Apr/2026:18:54:33 +0530] "GET /static/js/bundle.js HTTP/1.1" 200 574 "-" "Googlebot/2.1"
10.0.0.1 - - [04/Apr/2026:18:55:59 +0530] "DELETE /favicon.ico HTTP/1.1" 200 1682 "-" "Mozilla/5.0 (Windows NT 10.0; Win64; x64) Chrome/120.0"
10.0.0.2 - - [04/Apr/2026:18:57:25 +0530] "POST /api/health HTTP/1.1" 404 4942 "-" "Mozilla/5.0 (Macintosh; Intel Mac OS X 10_15_7) Safari/537.36"
198.51.100.1 - - [04/Apr/2026:18:58:51 +0530] "GET /api/orders HTTP/1.1" 200 357 "-" "Python/3.11"
192.168.1.2 - - [04/Apr/2026:19:00:17 +0530] "GET /favicon.ico HTTP/1.1" 200 381 "-" "Googlebot/2.1"
192.0.2.2 - - [04/Apr/2026:19:01:43 +0530] "DELETE /api/products HTTP/1.1" 200 4833 "-" "Mozilla/5.0 (Macintosh; Intel Mac OS X 10_15_7) Safari/537.36"
192.168.1.1 - - [04/Apr/2026:19:03:09 +0530] "GET /api/cart HTTP/1.1" 304 0 "-" "curl/7.68.0"
198.51.100.1 - - [04/Apr/2026:19:04:35 +0530] "POST /static/js/bundle.js HTTP/1.1" 200 2000 "-" "Googlebot/2.1"
192.168.1.1 - - [04/Apr/2026:19:06:01 +0530] "GET /api/products HTTP/1.1" 304 0 "-" "Python/3.11"
192.168.1.1 - - [04/Apr/2026:19:07:27 +0530] "PUT /api/checkout HTTP/1.1" 200 4305 "-" "curl/7.68.0"
198.51.100.2 - - [04/Apr/2026:19:08:53 +0530] "POST /static/js/bundle.js HTTP/1.1" 200 2622 "-" "Mozilla/5.0 (Macintosh; Intel Mac OS X 10_15_7) Safari/537.36"
198.51.100.1 - - [04/Apr/2026:19:10:19 +0530] "GET /api/cart HTTP/1.1" 200 3586 "-" "curl/7.68.0"
192.168.1.2 - - [04/Apr/2026:19:11:45 +0530] "GET /static/js/bundle.js HTTP/1.1" 200 1788 "-" "Mozilla/5.0 (Macintosh; Intel Mac OS X 10_15_7) Safari/537.36"
172.16.0.1 - - [04/Apr/2026:19:13:11 +0530] "GET /static/js/bundle.js HTTP/1.1" 200 4163 "-" "Googlebot/2.1"
192.168.1.1 - - [04/Apr/2026:19:14:37 +0530] "GET /static/js/bundle.js HTTP/1.1" 304 0 "-" "Python/3.11"
10.0.0.2 - - [04/Apr/2026:19:16:03 +0530] "POST /api/users HTTP/1.1" 301 1926 "-" "Mozilla/5.0 (Macintosh; Intel Mac OS X 10_15_7) Safari/537.36"
198.51.100.1 - - [04/Apr/2026:19:17:29 +0530] "PUT /api/cart HTTP/1.1" 401 4602 "-" "Googlebot/2.1"
198.51.100.1 - - [04/Apr/2026:19:18:55 +0530] "GET /static/css/app.css HTTP/1.1" 200 3480 "-" "Python/3.11"
198.51.100.1 - - [04/Apr/2026:19:20:21 +0530] "DELETE /favicon.ico HTTP/1.1" 200 3071 "-" "Mozilla/5.0 (Windows NT 10.0; Win64; x64) Chrome/120.0"
198.51.100.2 - - [04/Apr/2026:19:21:47 +0530] "GET /api/orders HTTP/1.1" 200 2595 "-" "Mozilla/5.0 (Windows NT 10.0; Win64; x64) Chrome/120.0"
203.0.113.1 - - [04/Apr/2026:19:23:13 +0530] "GET /static/css/app.css HTTP/1.1" 200 1420 "-" "Mozilla/5.0 (Windows NT 10.0; Win64; x64) Chrome/120.0"
192.168.1.2 - - [04/Apr/2026:19:24:39 +0530] "POST /api/products HTTP/1.1" 200 1661 "-" "Mozilla/5.0 (Windows NT 10.0; Win64; x64) Chrome/120.0"
203.0.113.2 - - [04/Apr/2026:19:26:05 +0530] "GET /api/health HTTP/1.1" 200 912 "-" "Mozilla/5.0 (Macintosh; Intel Mac OS X 10_15_7) Safari/537.36"
172.16.0.1 - - [04/Apr/2026:19:27:31 +0530] "GET /api/login HTTP/1.1" 200 485 "-" "curl/7.68.0"
172.16.0.2 - - [04/Apr/2026:19:28:57 +0530] "GET /api/products HTTP/1.1" 200 2380 "-" "Mozilla/5.0 (Windows NT 10.0; Win64; x64) Chrome/120.0"
192.0.2.2 - - [04/Apr/2026:19:30:23 +0530] "GET /static/js/bundle.js HTTP/1.1" 200 2490 "-" "curl/7.68.0"
192.0.2.1 - - [04/Apr/2026:19:31:49 +0530] "GET /favicon.ico HTTP/1.1" 200 1647 "-" "curl/7.68.0"
192.0.2.1 - - [04/Apr/2026:19:33:15 +0530] "POST /api/orders HTTP/1.1" 200 1922 "-" "Mozilla/5.0 (Windows NT 10.0; Win64; x64) Chrome/120.0"
172.16.0.1 - - [04/Apr/2026:19:34:41 +0530] "POST /api/orders HTTP/1.1" 200 3332 "-" "Mozilla/5.0 (Macintosh; Intel Mac OS X 10_15_7) Safari/537.36"
198.51.100.2 - - [04/Apr/2026:19:36:07 +0530] "GET /api/orders HTTP/1.1" 200 2285 "-" "Mozilla/5.0 (Macintosh; Intel Mac OS X 10_15_7) Safari/537.36"
10.0.0.2 - - [04/Apr/2026:19:37:33 +0530] "GET /api/users HTTP/1.1" 503 3429 "-" "Googlebot/2.1"
198.51.100.1 - - [04/Apr/2026:19:38:59 +0530] "GET /api/products HTTP/1.1" 200 3486 "-" "Python/3.11"
172.16.0.1 - - [04/Apr/2026:19:40:25 +0530] "POST /static/js/bundle.js HTTP/1.1" 401 4501 "-" "Mozilla/5.0 (Windows NT 10.0; Win64; x64) Chrome/120.0"
10.0.0.1 - - [04/Apr/2026:19:41:51 +0530] "GET /api/cart HTTP/1.1" 200 3463 "-" "Python/3.11"
192.168.1.2 - - [04/Apr/2026:19:43:17 +0530] "POST /api/users HTTP/1.1" 400 1776 "-" "Mozilla/5.0 (Windows NT 10.0; Win64; x64) Chrome/120.0"
172.16.0.2 - - [04/Apr/2026:19:44:43 +0530] "GET /api/products HTTP/1.1" 200 3286 "-" "Googlebot/2.1"
198.51.100.2 - - [04/Apr/2026:19:46:09 +0530] "GET /static/js/bundle.js HTTP/1.1" 200 2338 "-" "Googlebot/2.1"
192.0.2.1 - - [04/Apr/2026:19:47:35 +0530] "POST /api/cart HTTP/1.1" 301 2392 "-" "curl/7.68.0"
10.0.0.1 - - [04/Apr/2026:19:49:01 +0530] "GET /static/js/bundle.js HTTP/1.1" 403 3292 "-" "curl/7.68.0"
192.168.1.2 - - [04/Apr/2026:19:50:27 +0530] "GET /api/products HTTP/1.1" 200 4710 "-" "Python/3.11"
192.0.2.1 - - [04/Apr/2026:19:51:53 +0530] "GET /api/checkout HTTP/1.1" 200 4041 "-" "Googlebot/2.1"
192.0.2.2 - - [04/Apr/2026:19:53:19 +0530] "GET /favicon.ico HTTP/1.1" 304 0 "-" "curl/7.68.0"
192.168.1.1 - - [04/Apr/2026:19:54:45 +0530] "POST /api/orders HTTP/1.1" 200 3653 "-" "Python/3.11"
192.0.2.1 - - [04/Apr/2026:19:56:11 +0530] "GET /api/health HTTP/1.1" 200 954 "-" "Googlebot/2.1"
192.0.2.2 - - [04/Apr/2026:19:57:37 +0530] "GET /api/login HTTP/1.1" 200 2032 "-" "curl/7.68.0"
203.0.113.2 - - [04/Apr/2026:19:59:03 +0530] "PUT /api/cart HTTP/1.1" 404 4781 "-" "curl/7.68.0"
203.0.113.1 - - [04/Apr/2026:20:00:29 +0530] "POST /api/checkout HTTP/1.1" 200 3803 "-" "Python/3.11"
198.51.100.1 - - [04/Apr/2026:20:01:55 +0530] "GET /api/orders HTTP/1.1" 200 2404 "-" "Mozilla/5.0 (Macintosh; Intel Mac OS X 10_15_7) Safari/537.36"
192.0.2.2 - - [04/Apr/2026:20:03:21 +0530] "GET /api/health HTTP/1.1" 200 3514 "-" "Googlebot/2.1"
10.0.0.2 - - [04/Apr/2026:20:04:47 +0530] "GET /api/cart HTTP/1.1" 200 3042 "-" "Mozilla/5.0 (Macintosh; Intel Mac OS X 10_15_7) Safari/537.36"
172.16.0.2 - - [04/Apr/2026:20:06:13 +0530] "GET /api/cart HTTP/1.1" 200 2990 "-" "Mozilla/5.0 (Macintosh; Intel Mac OS X 10_15_7) Safari/537.36"
192.168.1.1 - - [04/Apr/2026:20:07:39 +0530] "GET /api/checkout HTTP/1.1" 200 1566 "-" "Python/3.11"
198.51.100.2 - - [04/Apr/2026:20:09:05 +0530] "POST /api/checkout HTTP/1.1" 200 863 "-" "curl/7.68.0"
172.16.0.2 - - [04/Apr/2026:20:10:31 +0530] "GET /api/login HTTP/1.1" 200 913 "-" "Mozilla/5.0 (Macintosh; Intel Mac OS X 10_15_7) Safari/537.36"
198.51.100.1 - - [04/Apr/2026:20:11:57 +0530] "POST /api/orders HTTP/1.1" 200 450 "-" "Mozilla/5.0 (Windows NT 10.0; Win64; x64) Chrome/120.0"
10.0.0.1 - - [04/Apr/2026:20:13:23 +0530] "GET /static/css/app.css HTTP/1.1" 200 4955 "-" "Mozilla/5.0 (Windows NT 10.0; Win64; x64) Chrome/120.0"
172.16.0.1 - - [04/Apr/2026:20:14:49 +0530] "POST /api/users HTTP/1.1" 200 2888 "-" "curl/7.68.0"
198.51.100.1 - - [04/Apr/2026:20:16:15 +0530] "POST /api/orders HTTP/1.1" 200 4324 "-" "Python/3.11"
203.0.113.2 - - [04/Apr/2026:20:17:41 +0530] "GET /api/checkout HTTP/1.1" 200 358 "-" "Googlebot/2.1"
192.0.2.2 - - [04/Apr/2026:20:19:07 +0530] "GET /api/orders HTTP/1.1" 404 2596 "-" "Mozilla/5.0 (Macintosh; Intel Mac OS X 10_15_7) Safari/537.36"
192.0.2.1 - - [04/Apr/2026:20:20:33 +0530] "GET /static/css/app.css HTTP/1.1" 404 549 "-" "Python/3.11"
192.168.1.1 - - [04/Apr/2026:20:21:59 +0530] "PUT /api/orders HTTP/1.1" 200 1152 "-" "curl/7.68.0"
203.0.113.2 - - [04/Apr/2026:20:23:25 +0530] "GET /api/orders HTTP/1.1" 500 4266 "-" "Mozilla/5.0 (Windows NT 10.0; Win64; x64) Chrome/120.0"
192.168.1.1 - - [04/Apr/2026:20:24:51 +0530] "GET /static/js/bundle.js HTTP/1.1" 200 4383 "-" "Mozilla/5.0 (Macintosh; Intel Mac OS X 10_15_7) Safari/537.36"
203.0.113.1 - - [04/Apr/2026:20:26:17 +0530] "GET /api/products HTTP/1.1" 401 1951 "-" "Python/3.11"
172.16.0.2 - - [04/Apr/2026:20:27:43 +0530] "GET /static/js/bundle.js HTTP/1.1" 200 4527 "-" "Mozilla/5.0 (Windows NT 10.0; Win64; x64) Chrome/120.0"
172.16.0.1 - - [04/Apr/2026:20:29:09 +0530] "GET /favicon.ico HTTP/1.1" 200 3522 "-" "Python/3.11"
10.0.0.1 - - [04/Apr/2026:20:30:35 +0530] "GET /api/cart HTTP/1.1" 200 3998 "-" "Python/3.11"
10.0.0.2 - - [04/Apr/2026:20:32:01 +0530] "GET /api/products HTTP/1.1" 200 1766 "-" "Mozilla/5.0 (Windows NT 10.0; Win64; x64) Chrome/120.0"
198.51.100.2 - - [04/Apr/2026:20:33:27 +0530] "GET /api/cart HTTP/1.1" 200 712 "-" "Googlebot/2.1"
172.16.0.1 - - [04/Apr/2026:20:34:53 +0530] "POST /api/health HTTP/1.1" 400 4528 "-" "Mozilla/5.0 (Macintosh; Intel Mac OS X 10_15_7) Safari/537.36"
192.0.2.2 - - [04/Apr/2026:20:36:19 +0530] "POST /api/users HTTP/1.1" 403 1760 "-" "Googlebot/2.1"
192.168.1.1 - - [04/Apr/2026:20:37:45 +0530] "POST /static/css/app.css HTTP/1.1" 200 1524 "-" "Googlebot/2.1"
203.0.113.2 - - [04/Apr/2026:20:39:11 +0530] "PUT /static/js/bundle.js HTTP/1.1" 301 1170 "-" "curl/7.68.0"
192.168.1.1 - - [04/Apr/2026:20:40:37 +0530] "POST /api/cart HTTP/1.1" 200 2065 "-" "Googlebot/2.1"
198.51.100.1 - - [04/Apr/2026:20:42:03 +0530] "POST /api/users HTTP/1.1" 401 785 "-" "Mozilla/5.0 (Windows NT 10.0; Win64; x64) Chrome/120.0"
172.16.0.1 - - [04/Apr/2026:20:43:29 +0530] "POST /api/checkout HTTP/1.1" 200 3402 "-" "Mozilla/5.0 (Windows NT 10.0; Win64; x64) Chrome/120.0"
192.168.1.2 - - [04/Apr/2026:20:44:55 +0530] "GET /api/products HTTP/1.1" 200 994 "-" "Mozilla/5.0 (Macintosh; Intel Mac OS X 10_15_7) Safari/537.36"
172.16.0.2 - - [04/Apr/2026:20:46:21 +0530] "GET /favicon.ico HTTP/1.1" 401 2407 "-" "Mozilla/5.0 (Windows NT 10.0; Win64; x64) Chrome/120.0"
10.0.0.1 - - [04/Apr/2026:20:47:47 +0530] "GET /static/css/app.css HTTP/1.1" 200 3110 "-" "Python/3.11"
10.0.0.2 - - [04/Apr/2026:20:49:13 +0530] "GET /static/js/bundle.js HTTP/1.1" 200 2771 "-" "curl/7.68.0"
192.168.1.1 - - [04/Apr/2026:20:50:39 +0530] "GET /favicon.ico HTTP/1.1" 400 1016 "-" "Python/3.11"
203.0.113.2 - - [04/Apr/2026:20:52:05 +0530] "POST /api/orders HTTP/1.1" 200 4804 "-" "Mozilla/5.0 (Macintosh; Intel Mac OS X 10_15_7) Safari/537.36"
10.0.0.1 - - [04/Apr/2026:20:53:31 +0530] "GET /api/users HTTP/1.1" 200 292 "-" "Googlebot/2.1"
203.0.113.1 - - [04/Apr/2026:20:54:57 +0530] "POST /favicon.ico HTTP/1.1" 200 3171 "-" "Mozilla/5.0 (Windows NT 10.0; Win64; x64) Chrome/120.0"
203.0.113.1 - - [04/Apr/2026:20:56:23 +0530] "DELETE /api/products HTTP/1.1" 200 3384 "-" "Mozilla/5.0 (Macintosh; Intel Mac OS X 10_15_7) Safari/537.36"
192.168.1.1 - - [04/Apr/2026:20:57:49 +0530] "PUT /api/cart HTTP/1.1" 400 2898 "-" "curl/7.68.0"
198.51.100.1 - - [04/Apr/2026:20:59:15 +0530] "GET /api/checkout HTTP/1.1" 500 3069 "-" "Mozilla/5.0 (Windows NT 10.0; Win64; x64) Chrome/120.0"
203.0.113.1 - - [04/Apr/2026:21:00:41 +0530] "POST /static/css/app.css HTTP/1.1" 200 4413 "-" "Mozilla/5.0 (Windows NT 10.0; Win64; x64) Chrome/120.0"
10.0.0.1 - - [04/Apr/2026:21:02:07 +0530] "PUT /api/users HTTP/1.1" 200 1775 "-" "curl/7.68.0"
192.168.1.1 - - [04/Apr/2026:21:03:33 +0530] "GET /static/css/app.css HTTP/1.1" 200 569 "-" "Python/3.11"
203.0.113.1 - - [04/Apr/2026:21:04:59 +0530] "GET /api/users HTTP/1.1" 400 3395 "-" "Mozilla/5.0 (Windows NT 10.0; Win64; x64) Chrome/120.0"
198.51.100.1 - - [04/Apr/2026:21:06:25 +0530] "GET /api/cart HTTP/1.1" 503 1353 "-" "Python/3.11"
192.168.1.2 - - [04/Apr/2026:21:07:51 +0530] "GET /api/health HTTP/1.1" 304 0 "-" "curl/7.68.0"
172.16.0.1 - - [04/Apr/2026:21:09:17 +0530] "POST /api/products HTTP/1.1" 304 0 "-" "Googlebot/2.1"
192.168.1.1 - - [04/Apr/2026:21:10:43 +0530] "GET /api/health HTTP/1.1" 200 1105 "-" "Mozilla/5.0 (Windows NT 10.0; Win64; x64) Chrome/120.0"
203.0.113.2 - - [04/Apr/2026:21:12:09 +0530] "GET /api/orders HTTP/1.1" 301 1575 "-" "Mozilla/5.0 (Windows NT 10.0; Win64; x64) Chrome/120.0"
203.0.113.1 - - [04/Apr/2026:21:13:35 +0530] "POST /api/checkout HTTP/1.1" 200 2362 "-" "curl/7.68.0"
203.0.113.2 - - [04/Apr/2026:21:15:01 +0530] "GET /api/products HTTP/1.1" 401 2653 "-" "Mozilla/5.0 (Windows NT 10.0; Win64; x64) Chrome/120.0"
192.0.2.1 - - [04/Apr/2026:21:16:27 +0530] "GET /api/orders HTTP/1.1" 200 490 "-" "Python/3.11"
172.16.0.2 - - [04/Apr/2026:21:17:53 +0530] "GET /static/css/app.css HTTP/1.1" 200 3788 "-" "Googlebot/2.1"
172.16.0.2 - - [04/Apr/2026:21:19:19 +0530] "GET /favicon.ico HTTP/1.1" 200 2977 "-" "Mozilla/5.0 (Macintosh; Intel Mac OS X 10_15_7) Safari/537.36"
198.51.100.2 - - [04/Apr/2026:21:20:45 +0530] "PUT /api/health HTTP/1.1" 301 1296 "-" "Mozilla/5.0 (Windows NT 10.0; Win64; x64) Chrome/120.0"
203.0.113.1 - - [04/Apr/2026:21:22:11 +0530] "POST /api/health HTTP/1.1" 200 3793 "-" "Mozilla/5.0 (Windows NT 10.0; Win64; x64) Chrome/120.0"
10.0.0.2 - - [04/Apr/2026:21:23:37 +0530] "PUT /api/login HTTP/1.1" 401 1914 "-" "curl/7.68.0"
192.168.1.2 - - [04/Apr/2026:21:25:03 +0530] "DELETE /api/health HTTP/1.1" 301 4391 "-" "Python/3.11"
192.168.1.2 - - [04/Apr/2026:21:26:29 +0530] "PUT /favicon.ico HTTP/1.1" 200 3809 "-" "curl/7.68.0"
198.51.100.1 - - [04/Apr/2026:21:27:55 +0530] "DELETE /api/products HTTP/1.1" 200 1864 "-" "Mozilla/5.0 (Windows NT 10.0; Win64; x64) Chrome/120.0"
198.51.100.2 - - [04/Apr/2026:21:29:21 +0530] "GET /static/css/app.css HTTP/1.1" 403 4854 "-" "Python/3.11"
192.0.2.2 - - [04/Apr/2026:21:30:47 +0530] "GET /api/products HTTP/1.1" 200 1743 "-" "curl/7.68.0"
203.0.113.1 - - [04/Apr/2026:21:32:13 +0530] "POST /static/js/bundle.js HTTP/1.1" 200 2625 "-" "curl/7.68.0"
10.0.0.2 - - [04/Apr/2026:21:33:39 +0530] "GET /api/checkout HTTP/1.1" 200 1443 "-" "Mozilla/5.0 (Macintosh; Intel Mac OS X 10_15_7) Safari/537.36"
203.0.113.2 - - [04/Apr/2026:21:35:05 +0530] "GET /api/cart HTTP/1.1" 200 3723 "-" "Mozilla/5.0 (Windows NT 10.0; Win64; x64) Chrome/120.0"
198.51.100.1 - - [04/Apr/2026:21:36:31 +0530] "GET /api/products HTTP/1.1" 200 3624 "-" "Mozilla/5.0 (Windows NT 10.0; Win64; x64) Chrome/120.0"
10.0.0.1 - - [04/Apr/2026:21:37:57 +0530] "GET /static/js/bundle.js HTTP/1.1" 200 3648 "-" "Googlebot/2.1"
198.51.100.2 - - [04/Apr/2026:21:39:23 +0530] "GET /api/health HTTP/1.1" 200 2130 "-" "Python/3.11"
192.0.2.2 - - [04/Apr/2026:21:40:49 +0530] "GET /static/css/app.css HTTP/1.1" 401 3322 "-" "Python/3.11"
203.0.113.1 - - [04/Apr/2026:21:42:15 +0530] "GET /static/css/app.css HTTP/1.1" 404 3869 "-" "Googlebot/2.1"
198.51.100.2 - - [04/Apr/2026:21:43:41 +0530] "GET /api/orders HTTP/1.1" 304 0 "-" "curl/7.68.0"
172.16.0.1 - - [04/Apr/2026:21:45:07 +0530] "POST /static/css/app.css HTTP/1.1" 200 1101 "-" "Mozilla/5.0 (Macintosh; Intel Mac OS X 10_15_7) Safari/537.36"
203.0.113.2 - - [04/Apr/2026:21:46:33 +0530] "PUT /api/users HTTP/1.1" 200 4465 "-" "Googlebot/2.1"
10.0.0.2 - - [04/Apr/2026:21:47:59 +0530] "GET /api/login HTTP/1.1" 200 3933 "-" "Python/3.11"
192.168.1.2 - - [04/Apr/2026:21:49:25 +0530] "GET /favicon.ico HTTP/1.1" 200 3909 "-" "Python/3.11"
192.0.2.2 - - [04/Apr/2026:21:50:51 +0530] "GET /api/products HTTP/1.1" 200 654 "-" "Mozilla/5.0 (Macintosh; Intel Mac OS X 10_15_7) Safari/537.36"
10.0.0.2 - - [04/Apr/2026:21:52:17 +0530] "POST /static/js/bundle.js HTTP/1.1" 400 2686 "-" "Python/3.11"
198.51.100.2 - - [04/Apr/2026:21:53:43 +0530] "GET /api/health HTTP/1.1" 200 1534 "-" "Mozilla/5.0 (Windows NT 10.0; Win64; x64) Chrome/120.0"
172.16.0.1 - - [04/Apr/2026:21:55:09 +0530] "POST /api/orders HTTP/1.1" 200 2895 "-" "Mozilla/5.0 (Windows NT 10.0; Win64; x64) Chrome/120.0"
192.168.1.2 - - [04/Apr/2026:21:56:35 +0530] "GET /api/checkout HTTP/1.1" 503 1298 "-" "Googlebot/2.1"
198.51.100.1 - - [04/Apr/2026:21:58:01 +0530] "GET /api/cart HTTP/1.1" 304 0 "-" "curl/7.68.0"
10.0.0.1 - - [04/Apr/2026:21:59:27 +0530] "GET /api/login HTTP/1.1" 304 0 "-" "Mozilla/5.0 (Windows NT 10.0; Win64; x64) Chrome/120.0"
172.16.0.2 - - [04/Apr/2026:22:00:53 +0530] "PUT /api/cart HTTP/1.1" 200 537 "-" "Googlebot/2.1"
10.0.0.1 - - [04/Apr/2026:22:02:19 +0530] "POST /api/checkout HTTP/1.1" 301 808 "-" "curl/7.68.0"
198.51.100.2 - - [04/Apr/2026:22:03:45 +0530] "GET /static/css/app.css HTTP/1.1" 200 1449 "-" "Python/3.11"
198.51.100.1 - - [04/Apr/2026:22:05:11 +0530] "GET /api/cart HTTP/1.1" 200 2911 "-" "Python/3.11"
192.168.1.2 - - [04/Apr/2026:22:06:37 +0530] "GET /api/users HTTP/1.1" 301 2124 "-" "Mozilla/5.0 (Windows NT 10.0; Win64; x64) Chrome/120.0"
10.0.0.2 - - [04/Apr/2026:22:08:03 +0530] "GET /api/login HTTP/1.1" 400 3155 "-" "Mozilla/5.0 (Windows NT 10.0; Win64; x64) Chrome/120.0"
10.0.0.1 - - [04/Apr/2026:22:09:29 +0530] "POST /api/login HTTP/1.1" 200 888 "-" "Python/3.11"
192.0.2.1 - - [04/Apr/2026:22:10:55 +0530] "GET /api/users HTTP/1.1" 200 2745 "-" "Mozilla/5.0 (Windows NT 10.0; Win64; x64) Chrome/120.0"
172.16.0.1 - - [04/Apr/2026:22:12:21 +0530] "GET /api/orders HTTP/1.1" 200 3855 "-" "curl/7.68.0"
203.0.113.1 - - [04/Apr/2026:22:13:47 +0530] "GET /api/users HTTP/1.1" 200 1896 "-" "curl/7.68.0"
192.168.1.1 - - [04/Apr/2026:22:15:13 +0530] "GET /static/css/app.css HTTP/1.1" 500 2426 "-" "Mozilla/5.0 (Windows NT 10.0; Win64; x64) Chrome/120.0"
203.0.113.1 - - [04/Apr/2026:22:16:39 +0530] "POST /api/checkout HTTP/1.1" 200 3425 "-" "Mozilla/5.0 (Windows NT 10.0; Win64; x64) Chrome/120.0"
192.0.2.2 - - [04/Apr/2026:22:18:05 +0530] "PUT /api/products HTTP/1.1" 200 1441 "-" "curl/7.68.0"
192.168.1.1 - - [04/Apr/2026:22:19:31 +0530] "GET /api/login HTTP/1.1" 301 1792 "-" "curl/7.68.0"
192.168.1.1 - - [04/Apr/2026:22:20:57 +0530] "POST /api/orders HTTP/1.1" 200 498 "-" "Mozilla/5.0 (Macintosh; Intel Mac OS X 10_15_7) Safari/537.36"
192.0.2.2 - - [04/Apr/2026:22:22:23 +0530] "GET /api/cart HTTP/1.1" 200 2683 "-" "Mozilla/5.0 (Macintosh; Intel Mac OS X 10_15_7) Safari/537.36"
192.168.1.1 - - [04/Apr/2026:22:23:49 +0530] "PUT /api/products HTTP/1.1" 200 3123 "-" "Googlebot/2.1"
192.168.1.1 - - [04/Apr/2026:22:25:15 +0530] "GET /api/products HTTP/1.1" 200 3838 "-" "Mozilla/5.0 (Windows NT 10.0; Win64; x64) Chrome/120.0"
192.0.2.1 - - [04/Apr/2026:22:26:41 +0530] "GET /api/cart HTTP/1.1" 400 3574 "-" "Python/3.11"
203.0.113.1 - - [04/Apr/2026:22:28:07 +0530] "GET /api/health HTTP/1.1" 503 363 "-" "Googlebot/2.1"
192.168.1.2 - - [04/Apr/2026:22:29:33 +0530] "POST /api/checkout HTTP/1.1" 200 4915 "-" "Mozilla/5.0 (Macintosh; Intel Mac OS X 10_15_7) Safari/537.36"
192.0.2.2 - - [04/Apr/2026:22:30:59 +0530] "GET /api/orders HTTP/1.1" 401 3040 "-" "Mozilla/5.0 (Macintosh; Intel Mac OS X 10_15_7) Safari/537.36"
203.0.113.1 - - [04/Apr/2026:22:32:25 +0530] "GET /favicon.ico HTTP/1.1" 200 3150 "-" "Googlebot/2.1"
172.16.0.1 - - [04/Apr/2026:22:33:51 +0530] "POST /api/login HTTP/1.1" 200 1257 "-" "Mozilla/5.0 (Windows NT 10.0; Win64; x64) Chrome/120.0"
192.168.1.1 - - [04/Apr/2026:22:35:17 +0530] "POST /api/orders HTTP/1.1" 200 3315 "-" "curl/7.68.0"
203.0.113.2 - - [04/Apr/2026:22:36:43 +0530] "GET /api/orders HTTP/1.1" 200 3129 "-" "Googlebot/2.1"
203.0.113.2 - - [04/Apr/2026:22:38:09 +0530] "POST /favicon.ico HTTP/1.1" 200 5000 "-" "Mozilla/5.0 (Macintosh; Intel Mac OS X 10_15_7) Safari/537.36"
198.51.100.1 - - [04/Apr/2026:22:39:35 +0530] "GET /static/js/bundle.js HTTP/1.1" 200 1629 "-" "Mozilla/5.0 (Macintosh; Intel Mac OS X 10_15_7) Safari/537.36"
192.168.1.2 - - [04/Apr/2026:22:41:01 +0530] "POST /static/css/app.css HTTP/1.1" 400 3905 "-" "Googlebot/2.1"
172.16.0.2 - - [04/Apr/2026:22:42:27 +0530] "GET /api/checkout HTTP/1.1" 200 981 "-" "curl/7.68.0"
198.51.100.1 - - [04/Apr/2026:22:43:53 +0530] "GET /static/js/bundle.js HTTP/1.1" 200 1489 "-" "curl/7.68.0"
10.0.0.1 - - [04/Apr/2026:22:45:19 +0530] "GET /api/login HTTP/1.1" 301 3272 "-" "Googlebot/2.1"
10.0.0.1 - - [04/Apr/2026:22:46:45 +0530] "GET /api/users HTTP/1.1" 200 736 "-" "Mozilla/5.0 (Macintosh; Intel Mac OS X 10_15_7) Safari/537.36"
203.0.113.1 - - [04/Apr/2026:22:48:11 +0530] "GET /static/js/bundle.js HTTP/1.1" 200 3923 "-" "Mozilla/5.0 (Macintosh; Intel Mac OS X 10_15_7) Safari/537.36"
172.16.0.2 - - [04/Apr/2026:22:49:37 +0530] "POST /api/users HTTP/1.1" 200 3101 "-" "Mozilla/5.0 (Macintosh; Intel Mac OS X 10_15_7) Safari/537.36"
10.0.0.1 - - [04/Apr/2026:22:51:03 +0530] "GET /api/cart HTTP/1.1" 200 954 "-" "Mozilla/5.0 (Macintosh; Intel Mac OS X 10_15_7) Safari/537.36"
192.168.1.1 - - [04/Apr/2026:22:52:29 +0530] "GET /favicon.ico HTTP/1.1" 200 4288 "-" "Mozilla/5.0 (Macintosh; Intel Mac OS X 10_15_7) Safari/537.36"
192.0.2.1 - - [04/Apr/2026:22:53:55 +0530] "GET /api/checkout HTTP/1.1" 200 3324 "-" "curl/7.68.0"
192.0.2.1 - - [04/Apr/2026:22:55:21 +0530] "POST /api/users HTTP/1.1" 301 4391 "-" "Mozilla/5.0 (Windows NT 10.0; Win64; x64) Chrome/120.0"
192.0.2.1 - - [04/Apr/2026:22:56:47 +0530] "POST /static/js/bundle.js HTTP/1.1" 401 2694 "-" "Googlebot/2.1"
192.168.1.1 - - [04/Apr/2026:22:58:13 +0530] "DELETE /api/users HTTP/1.1" 200 2033 "-" "Googlebot/2.1"
192.168.1.1 - - [04/Apr/2026:22:59:39 +0530] "POST /api/health HTTP/1.1" 404 3323 "-" "curl/7.68.0"
10.0.0.1 - - [04/Apr/2026:23:01:05 +0530] "POST /api/login HTTP/1.1" 400 1394 "-" "curl/7.68.0"
10.0.0.2 - - [04/Apr/2026:23:02:31 +0530] "GET /static/css/app.css HTTP/1.1" 200 4136 "-" "curl/7.68.0"
172.16.0.1 - - [04/Apr/2026:23:03:57 +0530] "GET /static/css/app.css HTTP/1.1" 200 4087 "-" "Mozilla/5.0 (Windows NT 10.0; Win64; x64) Chrome/120.0"
198.51.100.2 - - [04/Apr/2026:23:05:23 +0530] "PUT /static/js/bundle.js HTTP/1.1" 200 143 "-" "Python/3.11"
192.168.1.2 - - [04/Apr/2026:23:06:49 +0530] "GET /api/login HTTP/1.1" 200 1045 "-" "curl/7.68.0"
192.0.2.1 - - [04/Apr/2026:23:08:15 +0530] "GET /api/users HTTP/1.1" 304 0 "-" "Googlebot/2.1"
198.51.100.2 - - [04/Apr/2026:23:09:41 +0530] "GET /api/health HTTP/1.1" 200 1533 "-" "Googlebot/2.1"
10.0.0.2 - - [04/Apr/2026:23:11:07 +0530] "PUT /api/users HTTP/1.1" 304 0 "-" "Mozilla/5.0 (Macintosh; Intel Mac OS X 10_15_7) Safari/537.36"
198.51.100.2 - - [04/Apr/2026:23:12:33 +0530] "POST /api/orders HTTP/1.1" 200 1483 "-" "Mozilla/5.0 (Windows NT 10.0; Win64; x64) Chrome/120.0"
198.51.100.1 - - [04/Apr/2026:23:13:59 +0530] "GET /api/health HTTP/1.1" 401 865 "-" "Python/3.11"
198.51.100.1 - - [04/Apr/2026:23:15:25 +0530] "GET /api/cart HTTP/1.1" 200 2638 "-" "Mozilla/5.0 (Macintosh; Intel Mac OS X 10_15_7) Safari/537.36"
203.0.113.2 - - [04/Apr/2026:23:16:51 +0530] "GET /api/cart HTTP/1.1" 200 1531 "-" "Mozilla/5.0 (Windows NT 10.0; Win64; x64) Chrome/120.0"
10.0.0.1 - - [04/Apr/2026:23:18:17 +0530] "POST /api/health HTTP/1.1" 200 4425 "-" "Mozilla/5.0 (Macintosh; Intel Mac OS X 10_15_7) Safari/537.36"
198.51.100.1 - - [04/Apr/2026:23:19:43 +0530] "POST /api/orders HTTP/1.1" 301 1410 "-" "Mozilla/5.0 (Macintosh; Intel Mac OS X 10_15_7) Safari/537.36"
203.0.113.2 - - [04/Apr/2026:23:21:09 +0530] "GET /api/checkout HTTP/1.1" 200 3597 "-" "curl/7.68.0"
198.51.100.1 - - [04/Apr/2026:23:22:35 +0530] "POST /static/js/bundle.js HTTP/1.1" 200 2546 "-" "Mozilla/5.0 (Windows NT 10.0; Win64; x64) Chrome/120.0"
192.0.2.2 - - [04/Apr/2026:23:24:01 +0530] "PUT /api/login HTTP/1.1" 200 4575 "-" "Python/3.11"
203.0.113.1 - - [04/Apr/2026:23:25:27 +0530] "PUT /api/checkout HTTP/1.1" 400 3497 "-" "Mozilla/5.0 (Windows NT 10.0; Win64; x64) Chrome/120.0"
192.168.1.2 - - [04/Apr/2026:23:26:53 +0530] "GET /favicon.ico HTTP/1.1" 200 3964 "-" "Mozilla/5.0 (Windows NT 10.0; Win64; x64) Chrome/120.0"
203.0.113.1 - - [04/Apr/2026:23:28:19 +0530] "POST /static/css/app.css HTTP/1.1" 200 2191 "-" "Mozilla/5.0 (Windows NT 10.0; Win64; x64) Chrome/120.0"
203.0.113.1 - - [04/Apr/2026:23:29:45 +0530] "POST /api/products HTTP/1.1" 200 1103 "-" "Mozilla/5.0 (Windows NT 10.0; Win64; x64) Chrome/120.0"
203.0.113.2 - - [04/Apr/2026:23:31:11 +0530] "GET /api/checkout HTTP/1.1" 400 3217 "-" "Python/3.11"
192.168.1.2 - - [04/Apr/2026:23:32:37 +0530] "POST /api/cart HTTP/1.1" 200 707 "-" "Mozilla/5.0 (Windows NT 10.0; Win64; x64) Chrome/120.0"
198.51.100.2 - - [04/Apr/2026:23:34:03 +0530] "GET /api/cart HTTP/1.1" 200 3638 "-" "Googlebot/2.1"
172.16.0.2 - - [04/Apr/2026:23:35:29 +0530] "GET /api/health HTTP/1.1" 200 222 "-" "Mozilla/5.0 (Windows NT 10.0; Win64; x64) Chrome/120.0"
198.51.100.1 - - [04/Apr/2026:23:36:55 +0530] "GET /api/cart HTTP/1.1" 200 3626 "-" "curl/7.68.0"
203.0.113.2 - - [04/Apr/2026:23:38:21 +0530] "GET /static/js/bundle.js HTTP/1.1" 200 4725 "-" "curl/7.68.0"
172.16.0.2 - - [04/Apr/2026:23:39:47 +0530] "POST /api/checkout HTTP/1.1" 200 437 "-" "Mozilla/5.0 (Windows NT 10.0; Win64; x64) Chrome/120.0"
198.51.100.2 - - [04/Apr/2026:23:41:13 +0530] "GET /api/products HTTP/1.1" 401 4538 "-" "Python/3.11"
203.0.113.2 - - [04/Apr/2026:23:42:39 +0530] "POST /api/health HTTP/1.1" 200 1295 "-" "Googlebot/2.1"
198.51.100.2 - - [04/Apr/2026:23:44:05 +0530] "PUT /api/checkout HTTP/1.1" 200 1129 "-" "Python/3.11"
172.16.0.1 - - [04/Apr/2026:23:45:31 +0530] "GET /api/checkout HTTP/1.1" 200 2125 "-" "curl/7.68.0"
172.16.0.2 - - [04/Apr/2026:23:46:57 +0530] "POST /api/login HTTP/1.1" 304 0 "-" "Mozilla/5.0 (Macintosh; Intel Mac OS X 10_15_7) Safari/537.36"
172.16.0.1 - - [04/Apr/2026:23:48:23 +0530] "GET /static/js/bundle.js HTTP/1.1" 401 1148 "-" "Googlebot/2.1"
198.51.100.2 - - [04/Apr/2026:23:49:49 +0530] "POST /static/js/bundle.js HTTP/1.1" 304 0 "-" "Python/3.11"
203.0.113.2 - - [04/Apr/2026:23:51:15 +0530] "GET /api/login HTTP/1.1" 200 1360 "-" "Python/3.11"
172.16.0.2 - - [04/Apr/2026:23:52:41 +0530] "GET /api/cart HTTP/1.1" 200 1071 "-" "Python/3.11"
10.0.0.2 - - [04/Apr/2026:23:54:07 +0530] "DELETE /favicon.ico HTTP/1.1" 401 811 "-" "Googlebot/2.1"
10.0.0.2 - - [04/Apr/2026:23:55:33 +0530] "GET /api/health HTTP/1.1" 401 4499 "-" "curl/7.68.0"
198.51.100.1 - - [04/Apr/2026:23:56:59 +0530] "GET /api/checkout HTTP/1.1" 200 1435 "-" "Googlebot/2.1"
10.0.0.2 - - [04/Apr/2026:23:58:25 +0530] "POST /favicon.ico HTTP/1.1" 200 1464 "-" "Python/3.11"
172.16.0.2 - - [04/Apr/2026:23:59:51 +0530] "GET /api/cart HTTP/1.1" 200 144 "-" "Mozilla/5.0 (Macintosh; Intel Mac OS X 10_15_7) Safari/537.36"
10.0.0.1 - - [05/Apr/2026:00:01:17 +0530] "GET /api/health HTTP/1.1" 500 4176 "-" "Googlebot/2.1"
10.0.0.2 - - [05/Apr/2026:00:02:43 +0530] "GET /api/orders HTTP/1.1" 403 3546 "-" "Googlebot/2.1"
192.0.2.2 - - [05/Apr/2026:00:04:09 +0530] "GET /api/users HTTP/1.1" 200 2437 "-" "Googlebot/2.1"
203.0.113.2 - - [05/Apr/2026:00:05:35 +0530] "GET /api/orders HTTP/1.1" 400 4621 "-" "Googlebot/2.1"
198.51.100.2 - - [05/Apr/2026:00:07:01 +0530] "GET /api/health HTTP/1.1" 200 2037 "-" "Python/3.11"
192.168.1.1 - - [05/Apr/2026:00:08:27 +0530] "GET /api/health HTTP/1.1" 200 2416 "-" "Mozilla/5.0 (Windows NT 10.0; Win64; x64) Chrome/120.0"
192.168.1.2 - - [05/Apr/2026:00:09:53 +0530] "PUT /static/css/app.css HTTP/1.1" 301 2897 "-" "Mozilla/5.0 (Macintosh; Intel Mac OS X 10_15_7) Safari/537.36"
192.0.2.1 - - [05/Apr/2026:00:11:19 +0530] "GET /api/cart HTTP/1.1" 401 2917 "-" "Mozilla/5.0 (Macintosh; Intel Mac OS X 10_15_7) Safari/537.36"
10.0.0.2 - - [05/Apr/2026:00:12:45 +0530] "PUT /static/js/bundle.js HTTP/1.1" 200 195 "-" "Mozilla/5.0 (Macintosh; Intel Mac OS X 10_15_7) Safari/537.36"
192.168.1.1 - - [05/Apr/2026:00:14:11 +0530] "PUT /api/checkout HTTP/1.1" 200 2685 "-" "Mozilla/5.0 (Macintosh; Intel Mac OS X 10_15_7) Safari/537.36"
172.16.0.2 - - [05/Apr/2026:00:15:37 +0530] "POST /static/css/app.css HTTP/1.1" 200 3127 "-" "Mozilla/5.0 (Windows NT 10.0; Win64; x64) Chrome/120.0"
198.51.100.2 - - [05/Apr/2026:00:17:03 +0530] "GET /api/checkout HTTP/1.1" 200 2414 "-" "Mozilla/5.0 (Windows NT 10.0; Win64; x64) Chrome/120.0"
198.51.100.1 - - [05/Apr/2026:00:18:29 +0530] "GET /api/users HTTP/1.1" 401 4671 "-" "Mozilla/5.0 (Macintosh; Intel Mac OS X 10_15_7) Safari/537.36"
198.51.100.2 - - [05/Apr/2026:00:19:55 +0530] "DELETE /favicon.ico HTTP/1.1" 200 4698 "-" "Python/3.11"
198.51.100.1 - - [05/Apr/2026:00:21:21 +0530] "GET /api/cart HTTP/1.1" 200 3387 "-" "Googlebot/2.1"
198.51.100.2 - - [05/Apr/2026:00:22:47 +0530] "GET /api/orders HTTP/1.1" 401 3012 "-" "Mozilla/5.0 (Macintosh; Intel Mac OS X 10_15_7) Safari/537.36"
192.0.2.2 - - [05/Apr/2026:00:24:13 +0530] "GET /api/products HTTP/1.1" 304 0 "-" "Mozilla/5.0 (Windows NT 10.0; Win64; x64) Chrome/120.0"
10.0.0.2 - - [05/Apr/2026:00:25:39 +0530] "GET /api/users HTTP/1.1" 200 4354 "-" "Mozilla/5.0 (Windows NT 10.0; Win64; x64) Chrome/120.0"
203.0.113.1 - - [05/Apr/2026:00:27:05 +0530] "DELETE /api/cart HTTP/1.1" 200 1609 "-" "Googlebot/2.1"
192.168.1.1 - - [05/Apr/2026:00:28:31 +0530] "POST /api/cart HTTP/1.1" 200 1486 "-" "Python/3.11"
192.0.2.2 - - [05/Apr/2026:00:29:57 +0530] "GET /static/css/app.css HTTP/1.1" 200 726 "-" "Mozilla/5.0 (Windows NT 10.0; Win64; x64) Chrome/120.0"
172.16.0.1 - - [05/Apr/2026:00:31:23 +0530] "POST /static/js/bundle.js HTTP/1.1" 200 4262 "-" "curl/7.68.0"
192.168.1.2 - - [05/Apr/2026:00:32:49 +0530] "DELETE /api/login HTTP/1.1" 200 2393 "-" "Python/3.11"
172.16.0.2 - - [05/Apr/2026:00:34:15 +0530] "GET /api/orders HTTP/1.1" 200 2033 "-" "Mozilla/5.0 (Macintosh; Intel Mac OS X 10_15_7) Safari/537.36"
172.16.0.2 - - [05/Apr/2026:00:35:41 +0530] "GET /favicon.ico HTTP/1.1" 400 3391 "-" "Python/3.11"
198.51.100.1 - - [05/Apr/2026:00:37:07 +0530] "GET /api/cart HTTP/1.1" 304 0 "-" "Googlebot/2.1"
172.16.0.2 - - [05/Apr/2026:00:38:33 +0530] "POST /favicon.ico HTTP/1.1" 200 1282 "-" "Googlebot/2.1"
203.0.113.1 - - [05/Apr/2026:00:39:59 +0530] "GET /api/users HTTP/1.1" 200 296 "-" "Mozilla/5.0 (Windows NT 10.0; Win64; x64) Chrome/120.0"
10.0.0.1 - - [05/Apr/2026:00:41:25 +0530] "GET /api/checkout HTTP/1.1" 200 1197 "-" "Python/3.11"
192.0.2.1 - - [05/Apr/2026:00:42:51 +0530] "PUT /api/cart HTTP/1.1" 400 3049 "-" "Googlebot/2.1"
192.0.2.1 - - [05/Apr/2026:00:44:17 +0530] "DELETE /api/login HTTP/1.1" 400 3080 "-" "curl/7.68.0"
192.0.2.2 - - [05/Apr/2026:00:45:43 +0530] "POST /api/checkout HTTP/1.1" 200 1528 "-" "Mozilla/5.0 (Windows NT 10.0; Win64; x64) Chrome/120.0"
10.0.0.2 - - [05/Apr/2026:00:47:09 +0530] "GET /api/orders HTTP/1.1" 404 1237 "-" "curl/7.68.0"
10.0.0.2 - - [05/Apr/2026:00:48:35 +0530] "POST /api/health HTTP/1.1" 200 276 "-" "curl/7.68.0"
203.0.113.1 - - [05/Apr/2026:00:50:01 +0530] "POST /static/js/bundle.js HTTP/1.1" 200 1642 "-" "Googlebot/2.1"
10.0.0.2 - - [05/Apr/2026:00:51:27 +0530] "POST /api/orders HTTP/1.1" 200 2343 "-" "Mozilla/5.0 (Windows NT 10.0; Win64; x64) Chrome/120.0"
203.0.113.1 - - [05/Apr/2026:00:52:53 +0530] "DELETE /static/js/bundle.js HTTP/1.1" 200 4426 "-" "Mozilla/5.0 (Windows NT 10.0; Win64; x64) Chrome/120.0"
192.168.1.2 - - [05/Apr/2026:00:54:19 +0530] "GET /api/cart HTTP/1.1" 200 4992 "-" "Python/3.11"
172.16.0.1 - - [05/Apr/2026:00:55:45 +0530] "GET /favicon.ico HTTP/1.1" 304 0 "-" "Python/3.11"
203.0.113.1 - - [05/Apr/2026:00:57:11 +0530] "GET /api/orders HTTP/1.1" 200 2706 "-" "Mozilla/5.0 (Macintosh; Intel Mac OS X 10_15_7) Safari/537.36"
198.51.100.2 - - [05/Apr/2026:00:58:37 +0530] "PUT /api/cart HTTP/1.1" 200 324 "-" "Googlebot/2.1"
10.0.0.2 - - [05/Apr/2026:01:00:03 +0530] "GET /static/js/bundle.js HTTP/1.1" 200 663 "-" "curl/7.68.0"
192.0.2.2 - - [05/Apr/2026:01:01:29 +0530] "GET /static/css/app.css HTTP/1.1" 200 1823 "-" "curl/7.68.0"
172.16.0.1 - - [05/Apr/2026:01:02:55 +0530] "GET /api/products HTTP/1.1" 304 0 "-" "Mozilla/5.0 (Macintosh; Intel Mac OS X 10_15_7) Safari/537.36"
198.51.100.1 - - [05/Apr/2026:01:04:21 +0530] "POST /api/cart HTTP/1.1" 200 3002 "-" "Python/3.11"
192.0.2.2 - - [05/Apr/2026:01:05:47 +0530] "DELETE /api/cart HTTP/1.1" 401 403 "-" "Googlebot/2.1"
203.0.113.2 - - [05/Apr/2026:01:07:13 +0530] "GET /api/products HTTP/1.1" 200 1353 "-" "curl/7.68.0"
192.168.1.2 - - [05/Apr/2026:01:08:39 +0530] "POST /static/js/bundle.js HTTP/1.1" 200 4898 "-" "Python/3.11"
198.51.100.2 - - [05/Apr/2026:01:10:05 +0530] "POST /api/login HTTP/1.1" 200 4666 "-" "curl/7.68.0"
172.16.0.2 - - [05/Apr/2026:01:11:31 +0530] "GET /static/css/app.css HTTP/1.1" 304 0 "-" "Mozilla/5.0 (Macintosh; Intel Mac OS X 10_15_7) Safari/537.36"
192.168.1.2 - - [05/Apr/2026:01:12:57 +0530] "GET /favicon.ico HTTP/1.1" 200 901 "-" "curl/7.68.0"
192.0.2.2 - - [05/Apr/2026:01:14:23 +0530] "GET /api/health HTTP/1.1" 200 1084 "-" "Mozilla/5.0 (Macintosh; Intel Mac OS X 10_15_7) Safari/537.36"
172.16.0.2 - - [05/Apr/2026:01:15:49 +0530] "GET /api/orders HTTP/1.1" 200 3671 "-" "Mozilla/5.0 (Windows NT 10.0; Win64; x64) Chrome/120.0"
203.0.113.1 - - [05/Apr/2026:01:17:15 +0530] "GET /static/js/bundle.js HTTP/1.1" 200 4587 "-" "curl/7.68.0"
172.16.0.2 - - [05/Apr/2026:01:18:41 +0530] "GET /api/orders HTTP/1.1" 200 3213 "-" "Mozilla/5.0 (Macintosh; Intel Mac OS X 10_15_7) Safari/537.36"
192.168.1.2 - - [05/Apr/2026:01:20:07 +0530] "POST /api/orders HTTP/1.1" 200 3442 "-" "curl/7.68.0"
203.0.113.1 - - [05/Apr/2026:01:21:33 +0530] "GET /static/js/bundle.js HTTP/1.1" 400 497 "-" "Mozilla/5.0 (Macintosh; Intel Mac OS X 10_15_7) Safari/537.36"
192.0.2.1 - - [05/Apr/2026:01:22:59 +0530] "GET /api/cart HTTP/1.1" 200 1435 "-" "curl/7.68.0"
198.51.100.2 - - [05/Apr/2026:01:24:25 +0530] "PUT /api/checkout HTTP/1.1" 200 3700 "-" "Googlebot/2.1"
10.0.0.1 - - [05/Apr/2026:01:25:51 +0530] "PUT /api/login HTTP/1.1" 503 2491 "-" "Mozilla/5.0 (Windows NT 10.0; Win64; x64) Chrome/120.0"
172.16.0.1 - - [05/Apr/2026:01:27:17 +0530] "GET /api/orders HTTP/1.1" 200 4317 "-" "Mozilla/5.0 (Macintosh; Intel Mac OS X 10_15_7) Safari/537.36"
198.51.100.2 - - [05/Apr/2026:01:28:43 +0530] "GET /api/health HTTP/1.1" 200 3526 "-" "curl/7.68.0"
192.168.1.2 - - [05/Apr/2026:01:30:09 +0530] "DELETE /api/orders HTTP/1.1" 200 3612 "-" "Mozilla/5.0 (Windows NT 10.0; Win64; x64) Chrome/120.0"
192.168.1.2 - - [05/Apr/2026:01:31:35 +0530] "POST /static/js/bundle.js HTTP/1.1" 200 212 "-" "Mozilla/5.0 (Macintosh; Intel Mac OS X 10_15_7) Safari/537.36"
10.0.0.2 - - [05/Apr/2026:01:33:01 +0530] "GET /api/products HTTP/1.1" 304 0 "-" "Mozilla/5.0 (Macintosh; Intel Mac OS X 10_15_7) Safari/537.36"
203.0.113.1 - - [05/Apr/2026:01:34:27 +0530] "GET /favicon.ico HTTP/1.1" 200 1441 "-" "Python/3.11"
192.0.2.1 - - [05/Apr/2026:01:35:53 +0530] "PUT /favicon.ico HTTP/1.1" 200 2650 "-" "Mozilla/5.0 (Macintosh; Intel Mac OS X 10_15_7) Safari/537.36"
203.0.113.1 - - [05/Apr/2026:01:37:19 +0530] "GET /api/cart HTTP/1.1" 200 1458 "-" "curl/7.68.0"
198.51.100.1 - - [05/Apr/2026:01:38:45 +0530] "GET /api/users HTTP/1.1" 200 951 "-" "Python/3.11"
10.0.0.1 - - [05/Apr/2026:01:40:11 +0530] "GET /api/users HTTP/1.1" 400 3412 "-" "Mozilla/5.0 (Windows NT 10.0; Win64; x64) Chrome/120.0"
203.0.113.1 - - [05/Apr/2026:01:41:37 +0530] "POST /static/js/bundle.js HTTP/1.1" 200 1582 "-" "curl/7.68.0"
198.51.100.1 - - [05/Apr/2026:01:43:03 +0530] "GET /api/checkout HTTP/1.1" 404 2816 "-" "Googlebot/2.1"
172.16.0.2 - - [05/Apr/2026:01:44:29 +0530] "POST /static/css/app.css HTTP/1.1" 200 657 "-" "curl/7.68.0"
192.0.2.1 - - [05/Apr/2026:01:45:55 +0530] "GET /static/css/app.css HTTP/1.1" 200 4279 "-" "Mozilla/5.0 (Windows NT 10.0; Win64; x64) Chrome/120.0"
10.0.0.1 - - [05/Apr/2026:01:47:21 +0530] "PUT /api/health HTTP/1.1" 200 3943 "-" "Python/3.11"
172.16.0.2 - - [05/Apr/2026:01:48:47 +0530] "POST /api/checkout HTTP/1.1" 400 3953 "-" "Mozilla/5.0 (Windows NT 10.0; Win64; x64) Chrome/120.0"
198.51.100.1 - - [05/Apr/2026:01:50:13 +0530] "GET /api/users HTTP/1.1" 200 4940 "-" "curl/7.68.0"
192.0.2.2 - - [05/Apr/2026:01:51:39 +0530] "PUT /api/products HTTP/1.1" 500 2786 "-" "Googlebot/2.1"
172.16.0.2 - - [05/Apr/2026:01:53:05 +0530] "GET /api/products HTTP/1.1" 301 2337 "-" "Mozilla/5.0 (Windows NT 10.0; Win64; x64) Chrome/120.0"
203.0.113.1 - - [05/Apr/2026:01:54:31 +0530] "POST /api/checkout HTTP/1.1" 200 1812 "-" "Mozilla/5.0 (Windows NT 10.0; Win64; x64) Chrome/120.0"
192.0.2.2 - - [05/Apr/2026:01:55:57 +0530] "GET /favicon.ico HTTP/1.1" 500 2329 "-" "Python/3.11"
203.0.113.2 - - [05/Apr/2026:01:57:23 +0530] "GET /api/users HTTP/1.1" 400 3326 "-" "Mozilla/5.0 (Macintosh; Intel Mac OS X 10_15_7) Safari/537.36"
192.0.2.1 - - [05/Apr/2026:01:58:49 +0530] "GET /static/css/app.css HTTP/1.1" 200 2997 "-" "Mozilla/5.0 (Macintosh; Intel Mac OS X 10_15_7) Safari/537.36"
10.0.0.1 - - [05/Apr/2026:02:00:15 +0530] "DELETE /api/health HTTP/1.1" 200 974 "-" "curl/7.68.0"
198.51.100.2 - - [05/Apr/2026:02:01:41 +0530] "POST /static/js/bundle.js HTTP/1.1" 301 499 "-" "Python/3.11"
192.0.2.2 - - [05/Apr/2026:02:03:07 +0530] "GET /api/cart HTTP/1.1" 200 1851 "-" "curl/7.68.0"
203.0.113.2 - - [05/Apr/2026:02:04:33 +0530] "DELETE /static/css/app.css HTTP/1.1" 200 4050 "-" "curl/7.68.0"
172.16.0.2 - - [05/Apr/2026:02:05:59 +0530] "POST /api/login HTTP/1.1" 200 254 "-" "Python/3.11"
192.168.1.1 - - [05/Apr/2026:02:07:25 +0530] "POST /api/users HTTP/1.1" 404 3148 "-" "curl/7.68.0"
172.16.0.1 - - [05/Apr/2026:02:08:51 +0530] "PUT /static/js/bundle.js HTTP/1.1" 200 2417 "-" "Mozilla/5.0 (Macintosh; Intel Mac OS X 10_15_7) Safari/537.36"
198.51.100.1 - - [05/Apr/2026:02:10:17 +0530] "GET /api/products HTTP/1.1" 200 783 "-" "Mozilla/5.0 (Macintosh; Intel Mac OS X 10_15_7) Safari/537.36"
192.0.2.2 - - [05/Apr/2026:02:11:43 +0530] "GET /api/orders HTTP/1.1" 200 2191 "-" "Python/3.11"
203.0.113.1 - - [05/Apr/2026:02:13:09 +0530] "GET /api/cart HTTP/1.1" 200 2822 "-" "curl/7.68.0"
10.0.0.2 - - [05/Apr/2026:02:14:35 +0530] "POST /favicon.ico HTTP/1.1" 200 3299 "-" "curl/7.68.0"
198.51.100.2 - - [05/Apr/2026:02:16:01 +0530] "DELETE /api/checkout HTTP/1.1" 200 4133 "-" "curl/7.68.0"
192.168.1.2 - - [05/Apr/2026:02:17:27 +0530] "DELETE /static/css/app.css HTTP/1.1" 200 1667 "-" "Mozilla/5.0 (Windows NT 10.0; Win64; x64) Chrome/120.0"
192.0.2.1 - - [05/Apr/2026:02:18:53 +0530] "GET /api/products HTTP/1.1" 200 4563 "-" "Mozilla/5.0 (Windows NT 10.0; Win64; x64) Chrome/120.0"
192.168.1.2 - - [05/Apr/2026:02:20:19 +0530] "GET /api/users HTTP/1.1" 301 3022 "-" "Python/3.11"
203.0.113.1 - - [05/Apr/2026:02:21:45 +0530] "GET /static/css/app.css HTTP/1.1" 500 815 "-" "Mozilla/5.0 (Windows NT 10.0; Win64; x64) Chrome/120.0"
203.0.113.2 - - [05/Apr/2026:02:23:11 +0530] "POST /favicon.ico HTTP/1.1" 301 2986 "-" "curl/7.68.0"
198.51.100.2 - - [05/Apr/2026:02:24:37 +0530] "GET /api/login HTTP/1.1" 200 2814 "-" "curl/7.68.0"
203.0.113.2 - - [05/Apr/2026:02:26:03 +0530] "GET /api/orders HTTP/1.1" 200 4372 "-" "Python/3.11"
192.168.1.1 - - [05/Apr/2026:02:27:29 +0530] "POST /api/orders HTTP/1.1" 200 3424 "-" "curl/7.68.0"
203.0.113.2 - - [05/Apr/2026:02:28:55 +0530] "GET /api/users HTTP/1.1" 200 2625 "-" "Mozilla/5.0 (Windows NT 10.0; Win64; x64) Chrome/120.0"
192.168.1.1 - - [05/Apr/2026:02:30:21 +0530] "GET /api/orders HTTP/1.1" 200 2609 "-" "Googlebot/2.1"
172.16.0.2 - - [05/Apr/2026:02:31:47 +0530] "GET /api/cart HTTP/1.1" 200 682 "-" "Googlebot/2.1"
198.51.100.2 - - [05/Apr/2026:02:33:13 +0530] "GET /static/js/bundle.js HTTP/1.1" 200 4221 "-" "Mozilla/5.0 (Macintosh; Intel Mac OS X 10_15_7) Safari/537.36"
192.168.1.1 - - [05/Apr/2026:02:34:39 +0530] "POST /api/health HTTP/1.1" 200 2798 "-" "Mozilla/5.0 (Macintosh; Intel Mac OS X 10_15_7) Safari/537.36"
203.0.113.1 - - [05/Apr/2026:02:36:05 +0530] "GET /api/login HTTP/1.1" 200 3010 "-" "Python/3.11"
192.168.1.2 - - [05/Apr/2026:02:37:31 +0530] "GET /api/cart HTTP/1.1" 200 4130 "-" "Mozilla/5.0 (Windows NT 10.0; Win64; x64) Chrome/120.0"
10.0.0.2 - - [05/Apr/2026:02:38:57 +0530] "POST /static/css/app.css HTTP/1.1" 200 875 "-" "curl/7.68.0"
192.0.2.2 - - [05/Apr/2026:02:40:23 +0530] "GET /static/js/bundle.js HTTP/1.1" 200 3589 "-" "Mozilla/5.0 (Windows NT 10.0; Win64; x64) Chrome/120.0"
203.0.113.1 - - [05/Apr/2026:02:41:49 +0530] "GET /favicon.ico HTTP/1.1" 401 3468 "-" "Python/3.11"
203.0.113.1 - - [05/Apr/2026:02:43:15 +0530] "GET /favicon.ico HTTP/1.1" 200 1513 "-" "Googlebot/2.1"
192.168.1.2 - - [05/Apr/2026:02:44:41 +0530] "GET /static/css/app.css HTTP/1.1" 200 1826 "-" "Mozilla/5.0 (Macintosh; Intel Mac OS X 10_15_7) Safari/537.36"
10.0.0.2 - - [05/Apr/2026:02:46:07 +0530] "POST /api/users HTTP/1.1" 200 2017 "-" "Googlebot/2.1"
198.51.100.1 - - [05/Apr/2026:02:47:33 +0530] "POST /api/users HTTP/1.1" 200 1136 "-" "Mozilla/5.0 (Macintosh; Intel Mac OS X 10_15_7) Safari/537.36"
203.0.113.2 - - [05/Apr/2026:02:48:59 +0530] "GET /api/checkout HTTP/1.1" 200 3577 "-" "Googlebot/2.1"
192.0.2.1 - - [05/Apr/2026:02:50:25 +0530] "POST /static/js/bundle.js HTTP/1.1" 200 1450 "-" "Python/3.11"
203.0.113.2 - - [05/Apr/2026:02:51:51 +0530] "GET /api/checkout HTTP/1.1" 200 2116 "-" "Googlebot/2.1"
192.168.1.1 - - [05/Apr/2026:02:53:17 +0530] "POST /api/orders HTTP/1.1" 200 2253 "-" "Googlebot/2.1"
192.168.1.1 - - [05/Apr/2026:02:54:43 +0530] "GET /api/checkout HTTP/1.1" 400 1933 "-" "Mozilla/5.0 (Macintosh; Intel Mac OS X 10_15_7) Safari/537.36"
10.0.0.1 - - [05/Apr/2026:02:56:09 +0530] "DELETE /api/orders HTTP/1.1" 200 1585 "-" "Mozilla/5.0 (Macintosh; Intel Mac OS X 10_15_7) Safari/537.36"
198.51.100.2 - - [05/Apr/2026:02:57:35 +0530] "POST /api/orders HTTP/1.1" 200 2332 "-" "curl/7.68.0"
10.0.0.2 - - [05/Apr/2026:02:59:01 +0530] "GET /favicon.ico HTTP/1.1" 404 1401 "-" "Googlebot/2.1"
203.0.113.2 - - [05/Apr/2026:03:00:27 +0530] "GET /favicon.ico HTTP/1.1" 200 289 "-" "curl/7.68.0"
203.0.113.2 - - [05/Apr/2026:03:01:53 +0530] "GET /favicon.ico HTTP/1.1" 304 0 "-" "curl/7.68.0"
192.168.1.1 - - [05/Apr/2026:03:03:19 +0530] "PUT /api/cart HTTP/1.1" 200 3959 "-" "Mozilla/5.0 (Macintosh; Intel Mac OS X 10_15_7) Safari/537.36"
172.16.0.2 - - [05/Apr/2026:03:04:45 +0530] "POST /api/health HTTP/1.1" 200 3331 "-" "Python/3.11"
10.0.0.1 - - [05/Apr/2026:03:06:11 +0530] "POST /static/js/bundle.js HTTP/1.1" 200 732 "-" "Googlebot/2.1"
198.51.100.2 - - [05/Apr/2026:03:07:37 +0530] "GET /favicon.ico HTTP/1.1" 200 1015 "-" "Googlebot/2.1"
198.51.100.1 - - [05/Apr/2026:03:09:03 +0530] "GET /api/checkout HTTP/1.1" 200 1759 "-" "curl/7.68.0"
192.0.2.1 - - [05/Apr/2026:03:10:29 +0530] "POST /api/health HTTP/1.1" 200 4058 "-" "Googlebot/2.1"
192.168.1.2 - - [05/Apr/2026:03:11:55 +0530] "GET /favicon.ico HTTP/1.1" 200 1330 "-" "Python/3.11"
172.16.0.1 - - [05/Apr/2026:03:13:21 +0530] "GET /api/health HTTP/1.1" 200 2985 "-" "curl/7.68.0"
192.0.2.2 - - [05/Apr/2026:03:14:47 +0530] "POST /api/orders HTTP/1.1" 304 0 "-" "Python/3.11"
203.0.113.1 - - [05/Apr/2026:03:16:13 +0530] "GET /api/users HTTP/1.1" 500 1054 "-" "Mozilla/5.0 (Macintosh; Intel Mac OS X 10_15_7) Safari/537.36"
203.0.113.1 - - [05/Apr/2026:03:17:39 +0530] "GET /static/css/app.css HTTP/1.1" 301 3437 "-" "Googlebot/2.1"
192.168.1.2 - - [05/Apr/2026:03:19:05 +0530] "GET /api/health HTTP/1.1" 200 4083 "-" "Googlebot/2.1"
192.0.2.2 - - [05/Apr/2026:03:20:31 +0530] "GET /api/orders HTTP/1.1" 200 2310 "-" "Python/3.11"
192.168.1.2 - - [05/Apr/2026:03:21:57 +0530] "GET /static/js/bundle.js HTTP/1.1" 200 4694 "-" "Mozilla/5.0 (Macintosh; Intel Mac OS X 10_15_7) Safari/537.36"
10.0.0.1 - - [05/Apr/2026:03:23:23 +0530] "POST /api/health HTTP/1.1" 200 3150 "-" "Mozilla/5.0 (Macintosh; Intel Mac OS X 10_15_7) Safari/537.36"
172.16.0.2 - - [05/Apr/2026:03:24:49 +0530] "DELETE /favicon.ico HTTP/1.1" 301 4857 "-" "Python/3.11"
192.0.2.1 - - [05/Apr/2026:03:26:15 +0530] "GET /api/login HTTP/1.1" 200 532 "-" "Mozilla/5.0 (Macintosh; Intel Mac OS X 10_15_7) Safari/537.36"
192.168.1.1 - - [05/Apr/2026:03:27:41 +0530] "GET /api/cart HTTP/1.1" 200 4987 "-" "Mozilla/5.0 (Windows NT 10.0; Win64; x64) Chrome/120.0"
198.51.100.1 - - [05/Apr/2026:03:29:07 +0530] "GET /static/css/app.css HTTP/1.1" 200 423 "-" "Googlebot/2.1"
172.16.0.1 - - [05/Apr/2026:03:30:33 +0530] "GET /static/js/bundle.js HTTP/1.1" 200 1006 "-" "Mozilla/5.0 (Macintosh; Intel Mac OS X 10_15_7) Safari/537.36"
10.0.0.2 - - [05/Apr/2026:03:31:59 +0530] "GET /static/js/bundle.js HTTP/1.1" 200 4736 "-" "Mozilla/5.0 (Windows NT 10.0; Win64; x64) Chrome/120.0"
192.0.2.1 - - [05/Apr/2026:03:33:25 +0530] "GET /api/users HTTP/1.1" 200 3458 "-" "curl/7.68.0"
198.51.100.2 - - [05/Apr/2026:03:34:51 +0530] "GET /favicon.ico HTTP/1.1" 200 4076 "-" "Mozilla/5.0 (Macintosh; Intel Mac OS X 10_15_7) Safari/537.36"
10.0.0.2 - - [05/Apr/2026:03:36:17 +0530] "GET /favicon.ico HTTP/1.1" 200 285 "-" "Googlebot/2.1"
198.51.100.1 - - [05/Apr/2026:03:37:43 +0530] "PUT /api/users HTTP/1.1" 404 1411 "-" "Mozilla/5.0 (Windows NT 10.0; Win64; x64) Chrome/120.0"
192.0.2.2 - - [05/Apr/2026:03:39:09 +0530] "GET /api/login HTTP/1.1" 404 4538 "-" "Googlebot/2.1"
172.16.0.1 - - [05/Apr/2026:03:40:35 +0530] "DELETE /static/css/app.css HTTP/1.1" 200 931 "-" "Mozilla/5.0 (Windows NT 10.0; Win64; x64) Chrome/120.0"
192.0.2.2 - - [05/Apr/2026:03:42:01 +0530] "POST /api/checkout HTTP/1.1" 200 3979 "-" "Python/3.11"
192.0.2.2 - - [05/Apr/2026:03:43:27 +0530] "POST /api/health HTTP/1.1" 200 504 "-" "curl/7.68.0"
203.0.113.2 - - [05/Apr/2026:03:44:53 +0530] "GET /api/products HTTP/1.1" 200 1028 "-" "Googlebot/2.1"
198.51.100.1 - - [05/Apr/2026:03:46:19 +0530] "GET /api/checkout HTTP/1.1" 401 3594 "-" "Python/3.11"
10.0.0.1 - - [05/Apr/2026:03:47:45 +0530] "POST /api/login HTTP/1.1" 200 2317 "-" "Googlebot/2.1"
198.51.100.1 - - [05/Apr/2026:03:49:11 +0530] "GET /api/users HTTP/1.1" 200 2784 "-" "Mozilla/5.0 (Windows NT 10.0; Win64; x64) Chrome/120.0"
203.0.113.2 - - [05/Apr/2026:03:50:37 +0530] "GET /favicon.ico HTTP/1.1" 200 3380 "-" "Mozilla/5.0 (Windows NT 10.0; Win64; x64) Chrome/120.0"
172.16.0.2 - - [05/Apr/2026:03:52:03 +0530] "POST /static/css/app.css HTTP/1.1" 200 2540 "-" "Mozilla/5.0 (Windows NT 10.0; Win64; x64) Chrome/120.0"
10.0.0.1 - - [05/Apr/2026:03:53:29 +0530] "GET /api/login HTTP/1.1" 200 3702 "-" "Mozilla/5.0 (Macintosh; Intel Mac OS X 10_15_7) Safari/537.36"
203.0.113.2 - - [05/Apr/2026:03:54:55 +0530] "GET /favicon.ico HTTP/1.1" 200 1516 "-" "curl/7.68.0"
172.16.0.2 - - [05/Apr/2026:03:56:21 +0530] "GET /api/health HTTP/1.1" 301 491 "-" "Googlebot/2.1"
192.168.1.2 - - [05/Apr/2026:03:57:47 +0530] "GET /api/products HTTP/1.1" 200 1138 "-" "Googlebot/2.1"
198.51.100.1 - - [05/Apr/2026:03:59:13 +0530] "GET /api/orders HTTP/1.1" 403 1992 "-" "Googlebot/2.1"
