10.0.0.1 - - [05/Apr/2026:04:00:39 +0530] "GET /static/js/bundle.js HTTP/1.1" 200 1764 "-" "Mozilla/5.0 (Macintosh; Intel Mac OS X 10_15_7) Safari/537.36"
198.51.100.1 - - [05/Apr/2026:04:02:05 +0530] "POST /static/js/bundle.js HTTP/1.1" 200 1260 "-" "Python/3.11"
192.168.1.1 - - [05/Apr/2026:04:03:31 +0530] "POST /api/cart HTTP/1.1" 200 160 "-" "curl/7.68.0"
198.51.100.1 - - [05/Apr/2026:04:04:57 +0530] "GET /static/js/bundle.js HTTP/1.1" 304 0 "-" "curl/7.68.0"
192.168.1.2 - - [05/Apr/2026:04:06:23 +0530] "GET /static/css/app.css HTTP/1.1" 200 4570 "-" "Python/3.11"
203.0.113.2 - - [05/Apr/2026:04:07:49 +0530] "GET /api/orders HTTP/1.1" 200 4245 "-" "Python/3.11"
198.51.100.2 - - [05/Apr/2026:04:09:15 +0530] "GET /api/health HTTP/1.1" 400 3660 "-" "Googlebot/2.1"
203.0.113.2 - - [05/Apr/2026:04:10:41 +0530] "GET /static/js/bundle.js HTTP/1.1" 200 2269 "-" "curl/7.68.0"
192.0.2.2 - - [05/Apr/2026:04:12:07 +0530] "POST /static/js/bundle.js HTTP/1.1" 200 1005 "-" "curl/7.68.0"
172.16.0.2 - - [05/Apr/2026:04:13:33 +0530] "PUT /static/js/bundle.js HTTP/1.1" 200 494 "-" "Mozilla/5.0 (Windows NT 10.0; Win64; x64) Chrome/120.0"
203.0.113.2 - - [05/Apr/2026:04:14:59 +0530] "POST /api/products HTTP/1.1" 200 2200 "-" "curl/7.68.0"
192.168.1.1 - - [05/Apr/2026:04:16:25 +0530] "POST /api/orders HTTP/1.1" 301 3351 "-" "Python/3.11"
192.0.2.2 - - [05/Apr/2026:04:17:51 +0530] "POST /api/cart HTTP/1.1" 301 3582 "-" "curl/7.68.0"
172.16.0.1 - - [05/Apr/2026:04:19:17 +0530] "GET /api/checkout HTTP/1.1" 200 3350 "-" "Mozilla/5.0 (Macintosh; Intel Mac OS X 10_15_7) Safari/537.36"
198.51.100.2 - - [05/Apr/2026:04:20:43 +0530] "GET /api/cart HTTP/1.1" 200 4658 "-" "curl/7.68.0"
198.51.100.1 - - [05/Apr/2026:04:22:09 +0530] "GET /api/checkout HTTP/1.1" 200 1075 "-" "Mozilla/5.0 (Windows NT 10.0; Win64; x64) Chrome/120.0"
192.168.1.1 - - [05/Apr/2026:04:23:35 +0530] "GET /static/js/bundle.js HTTP/1.1" 200 286 "-" "Python/3.11"
198.51.100.1 - - [05/Apr/2026:04:25:01 +0530] "GET /api/cart HTTP/1.1" 301 2786 "-" "Mozilla/5.0 (Windows NT 10.0; Win64; x64) Chrome/120.0"
10.0.0.2 - - [05/Apr/2026:04:26:27 +0530] "GET /static/css/app.css HTTP/1.1" 401 2801 "-" "Python/3.11"
192.168.1.2 - - [05/Apr/2026:04:27:53 +0530] "GET /static/css/app.css HTTP/1.1" 200 4026 "-" "Mozilla/5.0 (Macintosh; Intel Mac OS X 10_15_7) Safari/537.36"
10.0.0.1 - - [05/Apr/2026:04:29:19 +0530] "PUT /static/js/bundle.js HTTP/1.1" 400 3535 "-" "Mozilla/5.0 (Macintosh; Intel Mac OS X 10_15_7) Safari/537.36"
198.51.100.1 - - [05/Apr/2026:04:30:45 +0530] "PUT /favicon.ico HTTP/1.1" 401 1874 "-" "Mozilla/5.0 (Macintosh; Intel Mac OS X 10_15_7) Safari/537.36"
172.16.0.1 - - [05/Apr/2026:04:32:11 +0530] "GET /static/js/bundle.js HTTP/1.1" 200 4303 "-" "Mozilla/5.0 (Windows NT 10.0; Win64; x64) Chrome/120.0"
198.51.100.1 - - [05/Apr/2026:04:33:37 +0530] "GET /static/css/app.css HTTP/1.1" 200 1973 "-" "Python/3.11"
192.0.2.1 - - [05/Apr/2026:04:35:03 +0530] "GET /api/users HTTP/1.1" 301 3275 "-" "Mozilla/5.0 (Windows NT 10.0; Win64; x64) Chrome/120.0"
172.16.0.2 - - [05/Apr/2026:04:36:29 +0530] "GET /api/users HTTP/1.1" 400 1800 "-" "Mozilla/5.0 (Macintosh; Intel Mac OS X 10_15_7) Safari/537.36"
198.51.100.1 - - [05/Apr/2026:04:37:55 +0530] "GET /api/products HTTP/1.1" 503 2720 "-" "Mozilla/5.0 (Windows NT 10.0; Win64; x64) Chrome/120.0"
192.0.2.2 - - [05/Apr/2026:04:39:21 +0530] "GET /api/products HTTP/1.1" 200 3301 "-" "Googlebot/2.1"
10.0.0.2 - - [05/Apr/2026:04:40:47 +0530] "GET /static/js/bundle.js HTTP/1.1" 301 4839 "-" "curl/7.68.0"
172.16.0.2 - - [05/Apr/2026:04:42:13 +0530] "GET /api/cart HTTP/1.1" 200 2687 "-" "Mozilla/5.0 (Macintosh; Intel Mac OS X 10_15_7) Safari/537.36"
203.0.113.1 - - [05/Apr/2026:04:43:39 +0530] "PUT /api/orders HTTP/1.1" 200 657 "-" "Googlebot/2.1"
10.0.0.2 - - [05/Apr/2026:04:45:05 +0530] "POST /api/health HTTP/1.1" 401 1073 "-" "Mozilla/5.0 (Macintosh; Intel Mac OS X 10_15_7) Safari/537.36"
203.0.113.1 - - [05/Apr/2026:04:46:31 +0530] "GET /api/health HTTP/1.1" 200 4895 "-" "Python/3.11"
198.51.100.2 - - [05/Apr/2026:04:47:57 +0530] "POST /api/orders HTTP/1.1" 200 4474 "-" "Python/3.11"
172.16.0.2 - - [05/Apr/2026:04:49:23 +0530] "PUT /static/css/app.css HTTP/1.1" 200 4435 "-" "Mozilla/5.0 (Macintosh; Intel Mac OS X 10_15_7) Safari/537.36"
192.0.2.2 - - [05/Apr/2026:04:50:49 +0530] "GET /static/css/app.css HTTP/1.1" 404 2739 "-" "Googlebot/2.1"
10.0.0.1 - - [05/Apr/2026:04:52:15 +0530] "POST /static/css/app.css HTTP/1.1" 200 4845 "-" "Python/3.11"
192.168.1.2 - - [05/Apr/2026:04:53:41 +0530] "POST /static/js/bundle.js HTTP/1.1" 200 326 "-" "curl/7.68.0"
192.0.2.1 - - [05/Apr/2026:04:55:07 +0530] "POST /api/orders HTTP/1.1" 200 2717 "-" "Mozilla/5.0 (Macintosh; Intel Mac OS X 10_15_7) Safari/537.36"
192.168.1.1 - - [05/Apr/2026:04:56:33 +0530] "GET /api/users HTTP/1.1" 200 3647 "-" "Mozilla/5.0 (Macintosh; Intel Mac OS X 10_15_7) Safari/537.36"
192.0.2.1 - - [05/Apr/2026:04:57:59 +0530] "GET /api/health HTTP/1.1" 200 1901 "-" "Python/3.11"
192.168.1.2 - - [05/Apr/2026:04:59:25 +0530] "GET /api/products HTTP/1.1" 404 2778 "-" "Mozilla/5.0 (Macintosh; Intel Mac OS X 10_15_7) Safari/537.36"
198.51.100.2 - - [05/Apr/2026:05:00:51 +0530] "GET /api/health HTTP/1.1" 200 3688 "-" "Python/3.11"
203.0.113.2 - - [05/Apr/2026:05:02:17 +0530] "POST /static/css/app.css HTTP/1.1" 401 799 "-" "curl/7.68.0"
10.0.0.2 - - [05/Apr/2026:05:03:43 +0530] "POST /api/login HTTP/1.1" 503 4338 "-" "Mozilla/5.0 (Windows NT 10.0; Win64; x64) Chrome/120.0"
192.168.1.2 - - [05/Apr/2026:05:05:09 +0530] "GET /api/login HTTP/1.1" 200 2788 "-" "Mozilla/5.0 (Windows NT 10.0; Win64; x64) Chrome/120.0"
198.51.100.1 - - [05/Apr/2026:05:06:35 +0530] "GET /api/products HTTP/1.1" 400 1195 "-" "Mozilla/5.0 (Windows NT 10.0; Win64; x64) Chrome/120.0"
192.0.2.1 - - [05/Apr/2026:05:08:01 +0530] "GET /api/cart HTTP/1.1" 200 4973 "-" "Googlebot/2.1"
10.0.0.2 - - [05/Apr/2026:05:09:27 +0530] "GET /api/cart HTTP/1.1" 301 3662 "-" "Mozilla/5.0 (Windows NT 10.0; Win64; x64) Chrome/120.0"
172.16.0.1 - - [05/Apr/2026:05:10:53 +0530] "POST /api/products HTTP/1.1" 200 3858 "-" "curl/7.68.0"
192.0.2.2 - - [05/Apr/2026:05:12:19 +0530] "GET /api/products HTTP/1.1" 200 2693 "-" "curl/7.68.0"
10.0.0.1 - - [05/Apr/2026:05:13:45 +0530] "GET /api/orders HTTP/1.1" 400 3305 "-" "curl/7.68.0"
198.51.100.2 - - [05/Apr/2026:05:15:11 +0530] "GET /api/cart HTTP/1.1" 200 3612 "-" "curl/7.68.0"
10.0.0.2 - - [05/Apr/2026:05:16:37 +0530] "PUT /api/login HTTP/1.1" 404 113 "-" "Mozilla/5.0 (Windows NT 10.0; Win64; x64) Chrome/120.0"
192.0.2.1 - - [05/Apr/2026:05:18:03 +0530] "GET /api/cart HTTP/1.1" 200 1986 "-" "Mozilla/5.0 (Windows NT 10.0; Win64; x64) Chrome/120.0"
192.0.2.2 - - [05/Apr/2026:05:19:29 +0530] "PUT /api/users HTTP/1.1" 200 2762 "-" "Mozilla/5.0 (Macintosh; Intel Mac OS X 10_15_7) Safari/537.36"
203.0.113.2 - - [05/Apr/2026:05:20:55 +0530] "POST /api/products HTTP/1.1" 200 838 "-" "Googlebot/2.1"
192.0.2.1 - - [05/Apr/2026:05:22:21 +0530] "GET /api/health HTTP/1.1" 200 4293 "-" "Python/3.11"
172.16.0.1 - - [05/Apr/2026:05:23:47 +0530] "POST /api/users HTTP/1.1" 200 1119 "-" "Python/3.11"
203.0.113.2 - - [05/Apr/2026:05:25:13 +0530] "POST /static/css/app.css HTTP/1.1" 200 4027 "-" "Mozilla/5.0 (Windows NT 10.0; Win64; x64) Chrome/120.0"
192.168.1.1 - - [05/Apr/2026:05:26:39 +0530] "POST /api/orders HTTP/1.1" 401 262 "-" "Googlebot/2.1"
192.168.1.1 - - [05/Apr/2026:05:28:05 +0530] "GET /api/products HTTP/1.1" 400 1186 "-" "Mozilla/5.0 (Macintosh; Intel Mac OS X 10_15_7) Safari/537.36"
10.0.0.1 - - [05/Apr/2026:05:29:31 +0530] "DELETE /api/orders HTTP/1.1" 200 3774 "-" "curl/7.68.0"
192.0.2.2 - - [05/Apr/2026:05:30:57 +0530] "PUT /api/products HTTP/1.1" 200 3640 "-" "Mozilla/5.0 (Macintosh; Intel Mac OS X 10_15_7) Safari/537.36"
172.16.0.1 - - [05/Apr/2026:05:32:23 +0530] "GET /api/users HTTP/1.1" 200 2061 "-" "Mozilla/5.0 (Macintosh; Intel Mac OS X 10_15_7) Safari/537.36"
198.51.100.2 - - [05/Apr/2026:05:33:49 +0530] "GET /api/cart HTTP/1.1" 200 2495 "-" "Mozilla/5.0 (Macintosh; Intel Mac OS X 10_15_7) Safari/537.36"
192.168.1.2 - - [05/Apr/2026:05:35:15 +0530] "POST /favicon.ico HTTP/1.1" 200 3292 "-" "Mozilla/5.0 (Macintosh; Intel Mac OS X 10_15_7) Safari/537.36"
192.0.2.1 - - [05/Apr/2026:05:36:41 +0530] "GET /api/users HTTP/1.1" 200 4150 "-" "Mozilla/5.0 (Macintosh; Intel Mac OS X 10_15_7) Safari/537.36"
203.0.113.2 - - [05/Apr/2026:05:38:07 +0530] "PUT /api/users HTTP/1.1" 200 4515 "-" "Mozilla/5.0 (Windows NT 10.0; Win64; x64) Chrome/120.0"
192.0.2.1 - - [05/Apr/2026:05:39:33 +0530] "GET /api/health HTTP/1.1" 200 3416 "-" "curl/7.68.0"
192.0.2.1 - - [05/Apr/2026:05:40:59 +0530] "DELETE /api/health HTTP/1.1" 301 4520 "-" "Mozilla/5.0 (Macintosh; Intel Mac OS X 10_15_7) Safari/537.36"
192.0.2.1 - - [05/Apr/2026:05:42:25 +0530] "GET /api/orders HTTP/1.1" 200 1122 "-" "Mozilla/5.0 (Macintosh; Intel Mac OS X 10_15_7) Safari/537.36"
172.16.0.2 - - [05/Apr/2026:05:43:51 +0530] "POST /static/js/bundle.js HTTP/1.1" 301 2862 "-" "Mozilla/5.0 (Windows NT 10.0; Win64; x64) Chrome/120.0"
10.0.0.2 - - [05/Apr/2026:05:45:17 +0530] "GET /api/login HTTP/1.1" 200 4248 "-" "Googlebot/2.1"
172.16.0.2 - - [05/Apr/2026:05:46:43 +0530] "PUT /static/js/bundle.js HTTP/1.1" 200 1221 "-" "Mozilla/5.0 (Windows NT 10.0; Win64; x64) Chrome/120.0"
198.51.100.2 - - [05/Apr/2026:05:48:09 +0530] "GET /api/checkout HTTP/1.1" 200 2459 "-" "Googlebot/2.1"
198.51.100.2 - - [05/Apr/2026:05:49:35 +0530] "GET /api/orders HTTP/1.1" 200 2390 "-" "Mozilla/5.0 (Macintosh; Intel Mac OS X 10_15_7) Safari/537.36"
198.51.100.2 - - [05/Apr/2026:05:51:01 +0530] "GET /api/orders HTTP/1.1" 200 2502 "-" "Googlebot/2.1"
192.0.2.1 - - [05/Apr/2026:05:52:27 +0530] "GET /api/health HTTP/1.1" 200 4954 "-" "Googlebot/2.1"
198.51.100.1 - - [05/Apr/2026:05:53:53 +0530] "GET /api/orders HTTP/1.1" 200 2389 "-" "Googlebot/2.1"
203.0.113.2 - - [05/Apr/2026:05:55:19 +0530] "GET /favicon.ico HTTP/1.1" 200 314 "-" "Googlebot/2.1"
198.51.100.2 - - [05/Apr/2026:05:56:45 +0530] "PUT /api/users HTTP/1.1" 200 1385 "-" "Python/3.11"
192.0.2.2 - - [05/Apr/2026:05:58:11 +0530] "PUT /api/orders HTTP/1.1" 200 2448 "-" "Mozilla/5.0 (Macintosh; Intel Mac OS X 10_15_7) Safari/537.36"
10.0.0.2 - - [05/Apr/2026:05:59:37 +0530] "GET /static/js/bundle.js HTTP/1.1" 401 3859 "-" "Googlebot/2.1"
172.16.0.2 - - [05/Apr/2026:06:01:03 +0530] "GET /api/orders HTTP/1.1" 400 3796 "-" "curl/7.68.0"
10.0.0.1 - - [05/Apr/2026:06:02:29 +0530] "PUT /api/cart HTTP/1.1" 404 4234 "-" "Mozilla/5.0 (Windows NT 10.0; Win64; x64) Chrome/120.0"
10.0.0.2 - - [05/Apr/2026:06:03:55 +0530] "POST /static/js/bundle.js HTTP/1.1" 200 1602 "-" "Googlebot/2.1"
198.51.100.1 - - [05/Apr/2026:06:05:21 +0530] "POST /api/cart HTTP/1.1" 200 1037 "-" "Python/3.11"
10.0.0.2 - - [05/Apr/2026:06:06:47 +0530] "POST /static/js/bundle.js HTTP/1.1" 401 1198 "-" "Mozilla/5.0 (Macintosh; Intel Mac OS X 10_15_7) Safari/537.36"
10.0.0.1 - - [05/Apr/2026:06:08:13 +0530] "PUT /api/login HTTP/1.1" 200 3005 "-" "Mozilla/5.0 (Windows NT 10.0; Win64; x64) Chrome/120.0"
203.0.113.2 - - [05/Apr/2026:06:09:39 +0530] "POST /api/login HTTP/1.1" 200 2181 "-" "Mozilla/5.0 (Windows NT 10.0; Win64; x64) Chrome/120.0"
203.0.113.2 - - [05/Apr/2026:06:11:05 +0530] "GET /api/login HTTP/1.1" 200 2300 "-" "curl/7.68.0"
192.168.1.1 - - [05/Apr/2026:06:12:31 +0530] "POST /api/health HTTP/1.1" 200 2643 "-" "Mozilla/5.0 (Macintosh; Intel Mac OS X 10_15_7) Safari/537.36"
10.0.0.2 - - [05/Apr/2026:06:13:57 +0530] "GET /favicon.ico HTTP/1.1" 200 3140 "-" "Googlebot/2.1"
198.51.100.2 - - [05/Apr/2026:06:15:23 +0530] "DELETE /api/products HTTP/1.1" 200 4339 "-" "Python/3.11"
10.0.0.1 - - [05/Apr/2026:06:16:49 +0530] "DELETE /static/css/app.css HTTP/1.1" 200 277 "-" "Python/3.11"
203.0.113.2 - - [05/Apr/2026:06:18:15 +0530] "POST /api/products HTTP/1.1" 200 4728 "-" "Mozilla/5.0 (Windows NT 10.0; Win64; x64) Chrome/120.0"
198.51.100.2 - - [05/Apr/2026:06:19:41 +0530] "GET /favicon.ico HTTP/1.1" 200 1771 "-" "Mozilla/5.0 (Windows NT 10.0; Win64; x64) Chrome/120.0"
172.16.0.1 - - [05/Apr/2026:06:21:07 +0530] "DELETE /api/health HTTP/1.1" 200 2445 "-" "Python/3.11"
198.51.100.2 - - [05/Apr/2026:06:22:33 +0530] "POST /api/orders HTTP/1.1" 401 3220 "-" "curl/7.68.0"
192.0.2.1 - - [05/Apr/2026:06:23:59 +0530] "POST /api/orders HTTP/1.1" 401 4999 "-" "curl/7.68.0"
203.0.113.1 - - [05/Apr/2026:06:25:25 +0530] "PUT /api/health HTTP/1.1" 200 2879 "-" "Mozilla/5.0 (Macintosh; Intel Mac OS X 10_15_7) Safari/537.36"
10.0.0.1 - - [05/Apr/2026:06:26:51 +0530] "GET /static/js/bundle.js HTTP/1.1" 200 4181 "-" "Googlebot/2.1"
192.168.1.1 - - [05/Apr/2026:06:28:17 +0530] "GET /api/login HTTP/1.1" 200 3079 "-" "Googlebot/2.1"
203.0.113.2 - - [05/Apr/2026:06:29:43 +0530] "POST /static/css/app.css HTTP/1.1" 200 560 "-" "Googlebot/2.1"
203.0.113.2 - - [05/Apr/2026:06:31:09 +0530] "PUT /favicon.ico HTTP/1.1" 200 948 "-" "Mozilla/5.0 (Macintosh; Intel Mac OS X 10_15_7) Safari/537.36"
203.0.113.2 - - [05/Apr/2026:06:32:35 +0530] "GET /api/checkout HTTP/1.1" 200 530 "-" "Python/3.11"
172.16.0.2 - - [05/Apr/2026:06:34:01 +0530] "GET /api/cart HTTP/1.1" 200 4991 "-" "Python/3.11"
172.16.0.2 - - [05/Apr/2026:06:35:27 +0530] "GET /api/cart HTTP/1.1" 200 806 "-" "Googlebot/2.1"
192.168.1.2 - - [05/Apr/2026:06:36:53 +0530] "GET /static/css/app.css HTTP/1.1" 200 4535 "-" "Mozilla/5.0 (Macintosh; Intel Mac OS X 10_15_7) Safari/537.36"
203.0.113.2 - - [05/Apr/2026:06:38:19 +0530] "PUT /api/users HTTP/1.1" 401 3174 "-" "curl/7.68.0"
198.51.100.1 - - [05/Apr/2026:06:39:45 +0530] "PUT /api/login HTTP/1.1" 200 4705 "-" "Googlebot/2.1"
192.168.1.1 - - [05/Apr/2026:06:41:11 +0530] "POST /static/js/bundle.js HTTP/1.1" 200 4951 "-" "Mozilla/5.0 (Windows NT 10.0; Win64; x64) Chrome/120.0"
192.0.2.1 - - [05/Apr/2026:06:42:37 +0530] "GET /favicon.ico HTTP/1.1" 401 816 "-" "Python/3.11"
203.0.113.2 - - [05/Apr/2026:06:44:03 +0530] "POST /api/checkout HTTP/1.1" 200 4686 "-" "curl/7.68.0"
203.0.113.1 - - [05/Apr/2026:06:45:29 +0530] "GET /api/users HTTP/1.1" 304 0 "-" "Mozilla/5.0 (Macintosh; Intel Mac OS X 10_15_7) Safari/537.36"
172.16.0.1 - - [05/Apr/2026:06:46:55 +0530] "POST /favicon.ico HTTP/1.1" 200 806 "-" "Mozilla/5.0 (Windows NT 10.0; Win64; x64) Chrome/120.0"
192.0.2.1 - - [05/Apr/2026:06:48:21 +0530] "POST /api/login HTTP/1.1" 304 0 "-" "Python/3.11"
203.0.113.2 - - [05/Apr/2026:06:49:47 +0530] "DELETE /api/orders HTTP/1.1" 200 3050 "-" "Mozilla/5.0 (Macintosh; Intel Mac OS X 10_15_7) Safari/537.36"
172.16.0.1 - - [05/Apr/2026:06:51:13 +0530] "GET /api/cart HTTP/1.1" 400 3967 "-" "Python/3.11"
203.0.113.2 - - [05/Apr/2026:06:52:39 +0530] "POST /api/products HTTP/1.1" 200 1520 "-" "Googlebot/2.1"
172.16.0.1 - - [05/Apr/2026:06:54:05 +0530] "POST /api/cart HTTP/1.1" 200 3454 "-" "Googlebot/2.1"
172.16.0.1 - - [05/Apr/2026:06:55:31 +0530] "PUT /api/cart HTTP/1.1" 200 3000 "-" "Python/3.11"
198.51.100.2 - - [05/Apr/2026:06:56:57 +0530] "POST /api/products HTTP/1.1" 200 2765 "-" "Python/3.11"
192.168.1.1 - - [05/Apr/2026:06:58:23 +0530] "POST /api/users HTTP/1.1" 200 2696 "-" "Googlebot/2.1"
203.0.113.2 - - [05/Apr/2026:06:59:49 +0530] "POST /favicon.ico HTTP/1.1" 200 3985 "-" "Googlebot/2.1"
10.0.0.2 - - [05/Apr/2026:07:01:15 +0530] "PUT /api/cart HTTP/1.1" 200 1327 "-" "curl/7.68.0"
198.51.100.1 - - [05/Apr/2026:07:02:41 +0530] "PUT /api/users HTTP/1.1" 401 2982 "-" "curl/7.68.0"
172.16.0.2 - - [05/Apr/2026:07:04:07 +0530] "PUT /api/users HTTP/1.1" 200 2527 "-" "Python/3.11"
192.168.1.2 - - [05/Apr/2026:07:05:33 +0530] "GET /api/checkout HTTP/1.1" 200 3326 "-" "Googlebot/2.1"
10.0.0.1 - - [05/Apr/2026:07:06:59 +0530] "POST /api/orders HTTP/1.1" 404 778 "-" "curl/7.68.0"
172.16.0.2 - - [05/Apr/2026:07:08:25 +0530] "GET /api/cart HTTP/1.1" 200 1187 "-" "Mozilla/5.0 (Macintosh; Intel Mac OS X 10_15_7) Safari/537.36"
10.0.0.1 - - [05/Apr/2026:07:09:51 +0530] "GET /api/login HTTP/1.1" 301 953 "-" "Python/3.11"
192.0.2.2 - - [05/Apr/2026:07:11:17 +0530] "GET /api/products HTTP/1.1" 200 468 "-" "curl/7.68.0"
172.16.0.2 - - [05/Apr/2026:07:12:43 +0530] "DELETE /favicon.ico HTTP/1.1" 200 233 "-" "Mozilla/5.0 (Windows NT 10.0; Win64; x64) Chrome/120.0"
10.0.0.2 - - [05/Apr/2026:07:14:09 +0530] "POST /favicon.ico HTTP/1.1" 403 433 "-" "Python/3.11"
172.16.0.1 - - [05/Apr/2026:07:15:35 +0530] "GET /static/js/bundle.js HTTP/1.1" 500 2690 "-" "Mozilla/5.0 (Windows NT 10.0; Win64; x64) Chrome/120.0"
192.168.1.2 - - [05/Apr/2026:07:17:01 +0530] "GET /api/users HTTP/1.1" 301 2279 "-" "Googlebot/2.1"
192.168.1.1 - - [05/Apr/2026:07:18:27 +0530] "GET /api/cart HTTP/1.1" 304 0 "-" "Googlebot/2.1"
192.168.1.1 - - [05/Apr/2026:07:19:53 +0530] "GET /api/users HTTP/1.1" 403 3031 "-" "Python/3.11"
192.0.2.1 - - [05/Apr/2026:07:21:19 +0530] "GET /api/checkout HTTP/1.1" 200 371 "-" "Googlebot/2.1"
192.168.1.2 - - [05/Apr/2026:07:22:45 +0530] "GET /api/cart HTTP/1.1" 200 3151 "-" "Mozilla/5.0 (Macintosh; Intel Mac OS X 10_15_7) Safari/537.36"
172.16.0.2 - - [05/Apr/2026:07:24:11 +0530] "PUT /api/products HTTP/1.1" 200 1627 "-" "Python/3.11"
172.16.0.2 - - [05/Apr/2026:07:25:37 +0530] "POST /favicon.ico HTTP/1.1" 200 1216 "-" "Googlebot/2.1"
203.0.113.2 - - [05/Apr/2026:07:27:03 +0530] "GET /api/login HTTP/1.1" 301 2664 "-" "Python/3.11"
192.168.1.2 - - [05/Apr/2026:07:28:29 +0530] "GET /api/checkout HTTP/1.1" 200 1987 "-" "curl/7.68.0"
192.0.2.2 - - [05/Apr/2026:07:29:55 +0530] "GET /api/login HTTP/1.1" 200 3323 "-" "Googlebot/2.1"
192.168.1.2 - - [05/Apr/2026:07:31:21 +0530] "GET /api/products HTTP/1.1" 400 404 "-" "Mozilla/5.0 (Macintosh; Intel Mac OS X 10_15_7) Safari/537.36"
172.16.0.1 - - [05/Apr/2026:07:32:47 +0530] "GET /api/users HTTP/1.1" 200 3032 "-" "Mozilla/5.0 (Windows NT 10.0; Win64; x64) Chrome/120.0"
203.0.113.1 - - [05/Apr/2026:07:34:13 +0530] "GET /api/cart HTTP/1.1" 200 4687 "-" "Mozilla/5.0 (Windows NT 10.0; Win64; x64) Chrome/120.0"
203.0.113.2 - - [05/Apr/2026:07:35:39 +0530] "GET /api/health HTTP/1.1" 200 671 "-" "Mozilla/5.0 (Macintosh; Intel Mac OS X 10_15_7) Safari/537.36"
192.168.1.1 - - [05/Apr/2026:07:37:05 +0530] "GET /api/products HTTP/1.1" 200 939 "-" "Mozilla/5.0 (Windows NT 10.0; Win64; x64) Chrome/120.0"
203.0.113.2 - - [05/Apr/2026:07:38:31 +0530] "POST /api/orders HTTP/1.1" 200 278 "-" "Mozilla/5.0 (Windows NT 10.0; Win64; x64) Chrome/120.0"
10.0.0.1 - - [05/Apr/2026:07:39:57 +0530] "GET /api/orders HTTP/1.1" 200 1038 "-" "Python/3.11"
192.168.1.2 - - [05/Apr/2026:07:41:23 +0530] "POST /api/checkout HTTP/1.1" 200 1548 "-" "Mozilla/5.0 (Macintosh; Intel Mac OS X 10_15_7) Safari/537.36"
198.51.100.2 - - [05/Apr/2026:07:42:49 +0530] "POST /api/orders HTTP/1.1" 200 3464 "-" "Mozilla/5.0 (Windows NT 10.0; Win64; x64) Chrome/120.0"
203.0.113.1 - - [05/Apr/2026:07:44:15 +0530] "GET /favicon.ico HTTP/1.1" 200 1844 "-" "curl/7.68.0"
10.0.0.1 - - [05/Apr/2026:07:45:41 +0530] "POST /api/login HTTP/1.1" 200 2273 "-" "Googlebot/2.1"
10.0.0.1 - - [05/Apr/2026:07:47:07 +0530] "DELETE /api/login HTTP/1.1" 200 2178 "-" "curl/7.68.0"
198.51.100.2 - - [05/Apr/2026:07:48:33 +0530] "POST /api/health HTTP/1.1" 200 1636 "-" "Googlebot/2.1"
10.0.0.2 - - [05/Apr/2026:07:49:59 +0530] "POST /api/users HTTP/1.1" 401 3081 "-" "curl/7.68.0"
203.0.113.2 - - [05/Apr/2026:07:51:25 +0530] "GET /static/js/bundle.js HTTP/1.1" 200 2909 "-" "Mozilla/5.0 (Macintosh; Intel Mac OS X 10_15_7) Safari/537.36"
10.0.0.1 - - [05/Apr/2026:07:52:51 +0530] "GET /api/users HTTP/1.1" 301 4811 "-" "Python/3.11"
203.0.113.2 - - [05/Apr/2026:07:54:17 +0530] "POST /api/orders HTTP/1.1" 200 3013 "-" "curl/7.68.0"
192.0.2.2 - - [05/Apr/2026:07:55:43 +0530] "POST /api/products HTTP/1.1" 200 1614 "-" "Python/3.11"
172.16.0.1 - - [05/Apr/2026:07:57:09 +0530] "POST /favicon.ico HTTP/1.1" 400 3708 "-" "Googlebot/2.1"
192.168.1.1 - - [05/Apr/2026:07:58:35 +0530] "GET /static/js/bundle.js HTTP/1.1" 304 0 "-" "Mozilla/5.0 (Macintosh; Intel Mac OS X 10_15_7) Safari/537.36"
10.0.0.2 - - [05/Apr/2026:08:00:01 +0530] "GET /api/products HTTP/1.1" 200 1450 "-" "Googlebot/2.1"
192.0.2.2 - - [05/Apr/2026:08:01:27 +0530] "GET /api/cart HTTP/1.1" 200 2753 "-" "Mozilla/5.0 (Macintosh; Intel Mac OS X 10_15_7) Safari/537.36"
172.16.0.1 - - [05/Apr/2026:08:02:53 +0530] "GET /api/health HTTP/1.1" 200 4805 "-" "Mozilla/5.0 (Windows NT 10.0; Win64; x64) Chrome/120.0"
203.0.113.1 - - [05/Apr/2026:08:04:19 +0530] "PUT /static/css/app.css HTTP/1.1" 200 2892 "-" "Mozilla/5.0 (Macintosh; Intel Mac OS X 10_15_7) Safari/537.36"
192.0.2.1 - - [05/Apr/2026:08:05:45 +0530] "DELETE /api/health HTTP/1.1" 200 310 "-" "Python/3.11"
192.0.2.1 - - [05/Apr/2026:08:07:11 +0530] "GET /static/css/app.css HTTP/1.1" 403 3966 "-" "Mozilla/5.0 (Windows NT 10.0; Win64; x64) Chrome/120.0"
198.51.100.1 - - [05/Apr/2026:08:08:37 +0530] "PUT /static/css/app.css HTTP/1.1" 200 3238 "-" "curl/7.68.0"
192.0.2.1 - - [05/Apr/2026:08:10:03 +0530] "GET /api/orders HTTP/1.1" 200 3858 "-" "Python/3.11"
203.0.113.1 - - [05/Apr/2026:08:11:29 +0530] "GET /favicon.ico HTTP/1.1" 200 2618 "-" "curl/7.68.0"
192.0.2.1 - - [05/Apr/2026:08:12:55 +0530] "GET /api/cart HTTP/1.1" 403 3990 "-" "Mozilla/5.0 (Windows NT 10.0; Win64; x64) Chrome/120.0"
192.0.2.2 - - [05/Apr/2026:08:14:21 +0530] "POST /static/css/app.css HTTP/1.1" 200 1838 "-" "curl/7.68.0"
192.168.1.2 - - [05/Apr/2026:08:15:47 +0530] "GET /api/checkout HTTP/1.1" 200 2339 "-" "Python/3.11"
203.0.113.1 - - [05/Apr/2026:08:17:13 +0530] "GET /static/css/app.css HTTP/1.1" 200 4478 "-" "Python/3.11"
203.0.113.1 - - [05/Apr/2026:08:18:39 +0530] "GET /api/cart HTTP/1.1" 200 1211 "-" "curl/7.68.0"
10.0.0.1 - - [05/Apr/2026:08:20:05 +0530] "PUT /favicon.ico HTTP/1.1" 200 2945 "-" "curl/7.68.0"
198.51.100.2 - - [05/Apr/2026:08:21:31 +0530] "GET /api/checkout HTTP/1.1" 200 588 "-" "Mozilla/5.0 (Windows NT 10.0; Win64; x64) Chrome/120.0"
192.0.2.1 - - [05/Apr/2026:08:22:57 +0530] "GET /api/checkout HTTP/1.1" 200 3360 "-" "Mozilla/5.0 (Macintosh; Intel Mac OS X 10_15_7) Safari/537.36"
198.51.100.1 - - [05/Apr/2026:08:24:23 +0530] "POST /api/orders HTTP/1.1" 200 264 "-" "Python/3.11"
192.0.2.1 - - [05/Apr/2026:08:25:49 +0530] "GET /static/css/app.css HTTP/1.1" 200 3119 "-" "curl/7.68.0"
172.16.0.2 - - [05/Apr/2026:08:27:15 +0530] "GET /api/orders HTTP/1.1" 301 4541 "-" "Mozilla/5.0 (Macintosh; Intel Mac OS X 10_15_7) Safari/537.36"
198.51.100.2 - - [05/Apr/2026:08:28:41 +0530] "GET /api/products HTTP/1.1" 200 4196 "-" "Mozilla/5.0 (Windows NT 10.0; Win64; x64) Chrome/120.0"
192.0.2.2 - - [05/Apr/2026:08:30:07 +0530] "GET /api/checkout HTTP/1.1" 200 2929 "-" "Python/3.11"
192.168.1.1 - - [05/Apr/2026:08:31:33 +0530] "GET /static/js/bundle.js HTTP/1.1" 200 4832 "-" "Mozilla/5.0 (Windows NT 10.0; Win64; x64) Chrome/120.0"
198.51.100.1 - - [05/Apr/2026:08:32:59 +0530] "GET /api/health HTTP/1.1" 200 4277 "-" "Mozilla/5.0 (Windows NT 10.0; Win64; x64) Chrome/120.0"
203.0.113.2 - - [05/Apr/2026:08:34:25 +0530] "GET /static/css/app.css HTTP/1.1" 200 1401 "-" "Mozilla/5.0 (Windows NT 10.0; Win64; x64) Chrome/120.0"
198.51.100.1 - - [05/Apr/2026:08:35:51 +0530] "PUT /favicon.ico HTTP/1.1" 200 3158 "-" "Googlebot/2.1"
203.0.113.1 - - [05/Apr/2026:08:37:17 +0530] "POST /static/js/bundle.js HTTP/1.1" 200 1344 "-" "Googlebot/2.1"
203.0.113.1 - - [05/Apr/2026:08:38:43 +0530] "GET /static/js/bundle.js HTTP/1.1" 200 769 "-" "Mozilla/5.0 (Windows NT 10.0; Win64; x64) Chrome/120.0"
198.51.100.2 - - [05/Apr/2026:08:40:09 +0530] "DELETE /favicon.ico HTTP/1.1" 200 1558 "-" "Mozilla/5.0 (Windows NT 10.0; Win64; x64) Chrome/120.0"
10.0.0.2 - - [05/Apr/2026:08:41:35 +0530] "GET /api/users HTTP/1.1" 403 376 "-" "Googlebot/2.1"
203.0.113.1 - - [05/Apr/2026:08:43:01 +0530] "GET /api/orders HTTP/1.1" 200 3292 "-" "Mozilla/5.0 (Macintosh; Intel Mac OS X 10_15_7) Safari/537.36"
10.0.0.2 - - [05/Apr/2026:08:44:27 +0530] "GET /api/products HTTP/1.1" 200 4091 "-" "Python/3.11"
203.0.113.1 - - [05/Apr/2026:08:45:53 +0530] "DELETE /static/js/bundle.js HTTP/1.1" 301 4325 "-" "Mozilla/5.0 (Windows NT 10.0; Win64; x64) Chrome/120.0"
192.168.1.2 - - [05/Apr/2026:08:47:19 +0530] "DELETE /api/users HTTP/1.1" 200 1005 "-" "Python/3.11"
10.0.0.1 - - [05/Apr/2026:08:48:45 +0530] "POST /api/products HTTP/1.1" 200 3850 "-" "Mozilla/5.0 (Windows NT 10.0; Win64; x64) Chrome/120.0"
203.0.113.2 - - [05/Apr/2026:08:50:11 +0530] "GET /api/checkout HTTP/1.1" 200 4149 "-" "Mozilla/5.0 (Windows NT 10.0; Win64; x64) Chrome/120.0"
198.51.100.2 - - [05/Apr/2026:08:51:37 +0530] "GET /api/products HTTP/1.1" 200 4609 "-" "curl/7.68.0"
203.0.113.1 - - [05/Apr/2026:08:53:03 +0530] "GET /api/cart HTTP/1.1" 200 3990 "-" "curl/7.68.0"
203.0.113.2 - - [05/Apr/2026:08:54:29 +0530] "GET /static/js/bundle.js HTTP/1.1" 200 776 "-" "Mozilla/5.0 (Macintosh; Intel Mac OS X 10_15_7) Safari/537.36"
10.0.0.1 - - [05/Apr/2026:08:55:55 +0530] "POST /static/css/app.css HTTP/1.1" 200 1775 "-" "Googlebot/2.1"
10.0.0.2 - - [05/Apr/2026:08:57:21 +0530] "POST /api/login HTTP/1.1" 304 0 "-" "curl/7.68.0"
192.168.1.1 - - [05/Apr/2026:08:58:47 +0530] "GET /static/css/app.css HTTP/1.1" 200 4572 "-" "Googlebot/2.1"
203.0.113.1 - - [05/Apr/2026:09:00:13 +0530] "POST /static/js/bundle.js HTTP/1.1" 200 4749 "-" "Googlebot/2.1"
192.168.1.1 - - [05/Apr/2026:09:01:39 +0530] "GET /api/products HTTP/1.1" 200 147 "-" "curl/7.68.0"
192.0.2.2 - - [05/Apr/2026:09:03:05 +0530] "PUT /api/products HTTP/1.1" 503 1003 "-" "Mozilla/5.0 (Windows NT 10.0; Win64; x64) Chrome/120.0"
203.0.113.1 - - [05/Apr/2026:09:04:31 +0530] "PUT /static/js/bundle.js HTTP/1.1" 200 2373 "-" "Mozilla/5.0 (Macintosh; Intel Mac OS X 10_15_7) Safari/537.36"
192.168.1.1 - - [05/Apr/2026:09:05:57 +0530] "GET /api/products HTTP/1.1" 404 2956 "-" "Mozilla/5.0 (Windows NT 10.0; Win64; x64) Chrome/120.0"
192.168.1.2 - - [05/Apr/2026:09:07:23 +0530] "GET /api/login HTTP/1.1" 200 1639 "-" "Python/3.11"
203.0.113.2 - - [05/Apr/2026:09:08:49 +0530] "GET /api/products HTTP/1.1" 200 4200 "-" "Python/3.11"
192.168.1.1 - - [05/Apr/2026:09:10:15 +0530] "GET /api/login HTTP/1.1" 200 2669 "-" "curl/7.68.0"
198.51.100.1 - - [05/Apr/2026:09:11:41 +0530] "POST /api/orders HTTP/1.1" 304 0 "-" "Googlebot/2.1"
192.168.1.2 - - [05/Apr/2026:09:13:07 +0530] "POST /api/checkout HTTP/1.1" 200 3672 "-" "Mozilla/5.0 (Windows NT 10.0; Win64; x64) Chrome/120.0"
192.168.1.1 - - [05/Apr/2026:09:14:33 +0530] "GET /api/login HTTP/1.1" 200 4680 "-" "Python/3.11"
198.51.100.2 - - [05/Apr/2026:09:15:59 +0530] "POST /api/health HTTP/1.1" 200 2874 "-" "Mozilla/5.0 (Macintosh; Intel Mac OS X 10_15_7) Safari/537.36"
172.16.0.1 - - [05/Apr/2026:09:17:25 +0530] "GET /api/orders HTTP/1.1" 200 1880 "-" "Mozilla/5.0 (Windows NT 10.0; Win64; x64) Chrome/120.0"
172.16.0.1 - - [05/Apr/2026:09:18:51 +0530] "PUT /api/orders HTTP/1.1" 301 4909 "-" "curl/7.68.0"
172.16.0.1 - - [05/Apr/2026:09:20:17 +0530] "PUT /api/orders HTTP/1.1" 200 3627 "-" "Python/3.11"
10.0.0.2 - - [05/Apr/2026:09:21:43 +0530] "POST /static/css/app.css HTTP/1.1" 200 1780 "-" "Mozilla/5.0 (Macintosh; Intel Mac OS X 10_15_7) Safari/537.36"
198.51.100.1 - - [05/Apr/2026:09:23:09 +0530] "GET /api/orders HTTP/1.1" 304 0 "-" "curl/7.68.0"
192.0.2.2 - - [05/Apr/2026:09:24:35 +0530] "PUT /api/orders HTTP/1.1" 200 1354 "-" "Mozilla/5.0 (Windows NT 10.0; Win64; x64) Chrome/120.0"
10.0.0.2 - - [05/Apr/2026:09:26:01 +0530] "GET /api/health HTTP/1.1" 200 4748 "-" "curl/7.68.0"
192.168.1.1 - - [05/Apr/2026:09:27:27 +0530] "GET /api/health HTTP/1.1" 503 568 "-" "Googlebot/2.1"
198.51.100.2 - - [05/Apr/2026:09:28:53 +0530] "POST /api/orders HTTP/1.1" 200 4736 "-" "Googlebot/2.1"
203.0.113.2 - - [05/Apr/2026:09:30:19 +0530] "POST /api/health HTTP/1.1" 200 3455 "-" "Python/3.11"
172.16.0.1 - - [05/Apr/2026:09:31:45 +0530] "GET /api/cart HTTP/1.1" 200 4861 "-" "Googlebot/2.1"
172.16.0.2 - - [05/Apr/2026:09:33:11 +0530] "POST /api/cart HTTP/1.1" 200 2825 "-" "Python/3.11"
10.0.0.2 - - [05/Apr/2026:09:34:37 +0530] "GET /static/js/bundle.js HTTP/1.1" 200 2689 "-" "Mozilla/5.0 (Windows NT 10.0; Win64; x64) Chrome/120.0"
198.51.100.2 - - [05/Apr/2026:09:36:03 +0530] "GET /api/orders HTTP/1.1" 200 798 "-" "Python/3.11"
203.0.113.2 - - [05/Apr/2026:09:37:29 +0530] "GET /api/products HTTP/1.1" 200 2582 "-" "Mozilla/5.0 (Windows NT 10.0; Win64; x64) Chrome/120.0"
203.0.113.2 - - [05/Apr/2026:09:38:55 +0530] "GET /api/cart HTTP/1.1" 200 4028 "-" "Mozilla/5.0 (Macintosh; Intel Mac OS X 10_15_7) Safari/537.36"
203.0.113.1 - - [05/Apr/2026:09:40:21 +0530] "GET /favicon.ico HTTP/1.1" 401 3200 "-" "Mozilla/5.0 (Macintosh; Intel Mac OS X 10_15_7) Safari/537.36"
172.16.0.1 - - [05/Apr/2026:09:41:47 +0530] "POST /static/js/bundle.js HTTP/1.1" 200 4306 "-" "Googlebot/2.1"
192.168.1.1 - - [05/Apr/2026:09:43:13 +0530] "PUT /static/css/app.css HTTP/1.1" 200 2207 "-" "Mozilla/5.0 (Macintosh; Intel Mac OS X 10_15_7) Safari/537.36"
203.0.113.2 - - [05/Apr/2026:09:44:39 +0530] "GET /api/checkout HTTP/1.1" 304 0 "-" "Python/3.11"
192.168.1.1 - - [05/Apr/2026:09:46:05 +0530] "GET /api/checkout HTTP/1.1" 500 407 "-" "curl/7.68.0"
10.0.0.1 - - [05/Apr/2026:09:47:31 +0530] "POST /api/login HTTP/1.1" 200 1845 "-" "Mozilla/5.0 (Macintosh; Intel Mac OS X 10_15_7) Safari/537.36"
10.0.0.2 - - [05/Apr/2026:09:48:57 +0530] "GET /api/login HTTP/1.1" 200 786 "-" "Python/3.11"
192.0.2.2 - - [05/Apr/2026:09:50:23 +0530] "POST /api/cart HTTP/1.1" 404 4155 "-" "Python/3.11"
192.168.1.2 - - [05/Apr/2026:09:51:49 +0530] "POST /static/css/app.css HTTP/1.1" 200 465 "-" "Mozilla/5.0 (Windows NT 10.0; Win64; x64) Chrome/120.0"
192.168.1.1 - - [05/Apr/2026:09:53:15 +0530] "POST /api/health HTTP/1.1" 200 171 "-" "Mozilla/5.0 (Windows NT 10.0; Win64; x64) Chrome/120.0"
192.0.2.1 - - [05/Apr/2026:09:54:41 +0530] "POST /api/cart HTTP/1.1" 403 3125 "-" "curl/7.68.0"
203.0.113.1 - - [05/Apr/2026:09:56:07 +0530] "GET /api/orders HTTP/1.1" 403 2625 "-" "Mozilla/5.0 (Macintosh; Intel Mac OS X 10_15_7) Safari/537.36"
192.0.2.1 - - [05/Apr/2026:09:57:33 +0530] "GET /api/login HTTP/1.1" 200 1057 "-" "Mozilla/5.0 (Macintosh; Intel Mac OS X 10_15_7) Safari/537.36"
172.16.0.1 - - [05/Apr/2026:09:58:59 +0530] "DELETE /api/products HTTP/1.1" 200 3704 "-" "Mozilla/5.0 (Macintosh; Intel Mac OS X 10_15_7) Safari/537.36"
192.0.2.1 - - [05/Apr/2026:10:00:25 +0530] "POST /api/checkout HTTP/1.1" 200 3457 "-" "Mozilla/5.0 (Macintosh; Intel Mac OS X 10_15_7) Safari/537.36"
203.0.113.2 - - [05/Apr/2026:10:01:51 +0530] "PUT /api/cart HTTP/1.1" 200 3794 "-" "Python/3.11"
172.16.0.2 - - [05/Apr/2026:10:03:17 +0530] "POST /api/orders HTTP/1.1" 400 2111 "-" "Googlebot/2.1"
192.0.2.2 - - [05/Apr/2026:10:04:43 +0530] "PUT /api/health HTTP/1.1" 200 4668 "-" "Mozilla/5.0 (Windows NT 10.0; Win64; x64) Chrome/120.0"
192.168.1.1 - - [05/Apr/2026:10:06:09 +0530] "GET /api/users HTTP/1.1" 200 4369 "-" "Mozilla/5.0 (Macintosh; Intel Mac OS X 10_15_7) Safari/537.36"
10.0.0.2 - - [05/Apr/2026:10:07:35 +0530] "GET /api/checkout HTTP/1.1" 400 4683 "-" "Googlebot/2.1"
192.0.2.2 - - [05/Apr/2026:10:09:01 +0530] "GET /favicon.ico HTTP/1.1" 200 2596 "-" "Mozilla/5.0 (Windows NT 10.0; Win64; x64) Chrome/120.0"
198.51.100.2 - - [05/Apr/2026:10:10:27 +0530] "GET /api/health HTTP/1.1" 200 2272 "-" "curl/7.68.0"
192.168.1.2 - - [05/Apr/2026:10:11:53 +0530] "PUT /api/cart HTTP/1.1" 200 864 "-" "Mozilla/5.0 (Macintosh; Intel Mac OS X 10_15_7) Safari/537.36"
192.0.2.1 - - [05/Apr/2026:10:13:19 +0530] "GET /api/checkout HTTP/1.1" 200 3806 "-" "Mozilla/5.0 (Windows NT 10.0; Win64; x64) Chrome/120.0"
198.51.100.2 - - [05/Apr/2026:10:14:45 +0530] "PUT /static/js/bundle.js HTTP/1.1" 200 2293 "-" "Python/3.11"
198.51.100.1 - - [05/Apr/2026:10:16:11 +0530] "GET /static/js/bundle.js HTTP/1.1" 503 3222 "-" "Python/3.11"
198.51.100.1 - - [05/Apr/2026:10:17:37 +0530] "GET /api/health HTTP/1.1" 403 4312 "-" "Mozilla/5.0 (Windows NT 10.0; Win64; x64) Chrome/120.0"
172.16.0.2 - - [05/Apr/2026:10:19:03 +0530] "GET /api/cart HTTP/1.1" 200 3846 "-" "curl/7.68.0"
192.0.2.2 - - [05/Apr/2026:10:20:29 +0530] "GET /api/checkout HTTP/1.1" 200 4416 "-" "Mozilla/5.0 (Macintosh; Intel Mac OS X 10_15_7) Safari/537.36"
172.16.0.1 - - [05/Apr/2026:10:21:55 +0530] "POST /api/orders HTTP/1.1" 400 2145 "-" "Mozilla/5.0 (Windows NT 10.0; Win64; x64) Chrome/120.0"
203.0.113.2 - - [05/Apr/2026:10:23:21 +0530] "PUT /api/checkout HTTP/1.1" 200 1469 "-" "curl/7.68.0"
192.168.1.1 - - [05/Apr/2026:10:24:47 +0530] "POST /static/css/app.css HTTP/1.1" 301 2841 "-" "curl/7.68.0"
172.16.0.1 - - [05/Apr/2026:10:26:13 +0530] "GET /favicon.ico HTTP/1.1" 503 4626 "-" "curl/7.68.0"
203.0.113.1 - - [05/Apr/2026:10:27:39 +0530] "GET /api/checkout HTTP/1.1" 200 1657 "-" "Python/3.11"
198.51.100.2 - - [05/Apr/2026:10:29:05 +0530] "GET /api/users HTTP/1.1" 200 1217 "-" "curl/7.68.0"
10.0.0.2 - - [05/Apr/2026:10:30:31 +0530] "POST /static/css/app.css HTTP/1.1" 200 1598 "-" "Googlebot/2.1"
203.0.113.2 - - [05/Apr/2026:10:31:57 +0530] "PUT /api/health HTTP/1.1" 403 2200 "-" "Mozilla/5.0 (Windows NT 10.0; Win64; x64) Chrome/120.0"
192.0.2.2 - - [05/Apr/2026:10:33:23 +0530] "GET /static/css/app.css HTTP/1.1" 200 2964 "-" "curl/7.68.0"
192.168.1.2 - - [05/Apr/2026:10:34:49 +0530] "POST /api/login HTTP/1.1" 400 4161 "-" "Mozilla/5.0 (Macintosh; Intel Mac OS X 10_15_7) Safari/537.36"
203.0.113.2 - - [05/Apr/2026:10:36:15 +0530] "GET /favicon.ico HTTP/1.1" 400 3651 "-" "Mozilla/5.0 (Windows NT 10.0; Win64; x64) Chrome/120.0"
198.51.100.1 - - [05/Apr/2026:10:37:41 +0530] "POST /api/orders HTTP/1.1" 200 3859 "-" "Python/3.11"
10.0.0.1 - - [05/Apr/2026:10:39:07 +0530] "GET /api/users HTTP/1.1" 200 3886 "-" "Mozilla/5.0 (Macintosh; Intel Mac OS X 10_15_7) Safari/537.36"
172.16.0.2 - - [05/Apr/2026:10:40:33 +0530] "GET /static/js/bundle.js HTTP/1.1" 400 4747 "-" "Mozilla/5.0 (Macintosh; Intel Mac OS X 10_15_7) Safari/537.36"
192.168.1.1 - - [05/Apr/2026:10:41:59 +0530] "DELETE /static/css/app.css HTTP/1.1" 304 0 "-" "Mozilla/5.0 (Windows NT 10.0; Win64; x64) Chrome/120.0"
172.16.0.1 - - [05/Apr/2026:10:43:25 +0530] "POST /static/css/app.css HTTP/1.1" 200 243 "-" "Mozilla/5.0 (Windows NT 10.0; Win64; x64) Chrome/120.0"
198.51.100.2 - - [05/Apr/2026:10:44:51 +0530] "GET /api/checkout HTTP/1.1" 200 2366 "-" "Mozilla/5.0 (Windows NT 10.0; Win64; x64) Chrome/120.0"
10.0.0.1 - - [05/Apr/2026:10:46:17 +0530] "POST /api/cart HTTP/1.1" 200 3301 "-" "Python/3.11"
192.168.1.2 - - [05/Apr/2026:10:47:43 +0530] "GET /favicon.ico HTTP/1.1" 400 3465 "-" "curl/7.68.0"
172.16.0.1 - - [05/Apr/2026:10:49:09 +0530] "POST /api/checkout HTTP/1.1" 200 494 "-" "Mozilla/5.0 (Macintosh; Intel Mac OS X 10_15_7) Safari/537.36"
192.0.2.1 - - [05/Apr/2026:10:50:35 +0530] "GET /api/orders HTTP/1.1" 200 184 "-" "Googlebot/2.1"
192.168.1.1 - - [05/Apr/2026:10:52:01 +0530] "GET /api/users HTTP/1.1" 304 0 "-" "Mozilla/5.0 (Windows NT 10.0; Win64; x64) Chrome/120.0"
198.51.100.1 - - [05/Apr/2026:10:53:27 +0530] "GET /static/css/app.css HTTP/1.1" 400 4339 "-" "Mozilla/5.0 (Windows NT 10.0; Win64; x64) Chrome/120.0"
172.16.0.2 - - [05/Apr/2026:10:54:53 +0530] "POST /api/login HTTP/1.1" 200 479 "-" "curl/7.68.0"
192.168.1.2 - - [05/Apr/2026:10:56:19 +0530] "GET /api/login HTTP/1.1" 200 2109 "-" "Mozilla/5.0 (Macintosh; Intel Mac OS X 10_15_7) Safari/537.36"
172.16.0.2 - - [05/Apr/2026:10:57:45 +0530] "PUT /favicon.ico HTTP/1.1" 200 2656 "-" "Mozilla/5.0 (Windows NT 10.0; Win64; x64) Chrome/120.0"
192.0.2.2 - - [05/Apr/2026:10:59:11 +0530] "POST /api/cart HTTP/1.1" 401 812 "-" "Python/3.11"
198.51.100.1 - - [05/Apr/2026:11:00:37 +0530] "GET /static/js/bundle.js HTTP/1.1" 401 2582 "-" "Mozilla/5.0 (Macintosh; Intel Mac OS X 10_15_7) Safari/537.36"
192.0.2.1 - - [05/Apr/2026:11:02:03 +0530] "PUT /api/cart HTTP/1.1" 200 1463 "-" "Python/3.11"
198.51.100.2 - - [05/Apr/2026:11:03:29 +0530] "GET /static/css/app.css HTTP/1.1" 200 4897 "-" "Googlebot/2.1"
192.0.2.2 - - [05/Apr/2026:11:04:55 +0530] "POST /api/health HTTP/1.1" 401 4343 "-" "Mozilla/5.0 (Macintosh; Intel Mac OS X 10_15_7) Safari/537.36"
198.51.100.2 - - [05/Apr/2026:11:06:21 +0530] "GET /api/cart HTTP/1.1" 304 0 "-" "Mozilla/5.0 (Macintosh; Intel Mac OS X 10_15_7) Safari/537.36"
198.51.100.2 - - [05/Apr/2026:11:07:47 +0530] "GET /static/css/app.css HTTP/1.1" 200 195 "-" "Googlebot/2.1"
192.0.2.1 - - [05/Apr/2026:11:09:13 +0530] "GET /api/health HTTP/1.1" 301 4169 "-" "Mozilla/5.0 (Windows NT 10.0; Win64; x64) Chrome/120.0"
192.168.1.2 - - [05/Apr/2026:11:10:39 +0530] "GET /api/cart HTTP/1.1" 304 0 "-" "Mozilla/5.0 (Macintosh; Intel Mac OS X 10_15_7) Safari/537.36"
203.0.113.2 - - [05/Apr/2026:11:12:05 +0530] "GET /api/health HTTP/1.1" 200 4989 "-" "Googlebot/2.1"
192.168.1.1 - - [05/Apr/2026:11:13:31 +0530] "POST /static/css/app.css HTTP/1.1" 401 2678 "-" "Python/3.11"
192.168.1.2 - - [05/Apr/2026:11:14:57 +0530] "DELETE /static/js/bundle.js HTTP/1.1" 200 2993 "-" "Googlebot/2.1"
10.0.0.2 - - [05/Apr/2026:11:16:23 +0530] "GET /api/health HTTP/1.1" 200 2059 "-" "Mozilla/5.0 (Windows NT 10.0; Win64; x64) Chrome/120.0"
192.0.2.1 - - [05/Apr/2026:11:17:49 +0530] "GET /static/js/bundle.js HTTP/1.1" 200 364 "-" "curl/7.68.0"
172.16.0.2 - - [05/Apr/2026:11:19:15 +0530] "PUT /api/cart HTTP/1.1" 200 3084 "-" "Googlebot/2.1"
10.0.0.2 - - [05/Apr/2026:11:20:41 +0530] "GET /static/css/app.css HTTP/1.1" 301 867 "-" "curl/7.68.0"
172.16.0.1 - - [05/Apr/2026:11:22:07 +0530] "GET /api/health HTTP/1.1" 301 2027 "-" "Googlebot/2.1"
198.51.100.2 - - [05/Apr/2026:11:23:33 +0530] "GET /favicon.ico HTTP/1.1" 200 4605 "-" "Mozilla/5.0 (Macintosh; Intel Mac OS X 10_15_7) Safari/537.36"
192.168.1.2 - - [05/Apr/2026:11:24:59 +0530] "POST /api/health HTTP/1.1" 200 1051 "-" "Mozilla/5.0 (Windows NT 10.0; Win64; x64) Chrome/120.0"
203.0.113.1 - - [05/Apr/2026:11:26:25 +0530] "POST /static/js/bundle.js HTTP/1.1" 301 636 "-" "Googlebot/2.1"
192.168.1.2 - - [05/Apr/2026:11:27:51 +0530] "POST /api/cart HTTP/1.1" 301 3969 "-" "Googlebot/2.1"
192.0.2.1 - - [05/Apr/2026:11:29:17 +0530] "GET /api/login HTTP/1.1" 404 3985 "-" "Mozilla/5.0 (Macintosh; Intel Mac OS X 10_15_7) Safari/537.36"
172.16.0.2 - - [05/Apr/2026:11:30:43 +0530] "POST /api/users HTTP/1.1" 200 2036 "-" "Mozilla/5.0 (Windows NT 10.0; Win64; x64) Chrome/120.0"
198.51.100.1 - - [05/Apr/2026:11:32:09 +0530] "GET /api/login HTTP/1.1" 200 839 "-" "Python/3.11"
10.0.0.1 - - [05/Apr/2026:11:33:35 +0530] "DELETE /api/orders HTTP/1.1" 400 1660 "-" "curl/7.68.0"
172.16.0.2 - - [05/Apr/2026:11:35:01 +0530] "GET /favicon.ico HTTP/1.1" 400 1690 "-" "Mozilla/5.0 (Windows NT 10.0; Win64; x64) Chrome/120.0"
192.168.1.2 - - [05/Apr/2026:11:36:27 +0530] "GET /favicon.ico HTTP/1.1" 200 2142 "-" "curl/7.68.0"
192.168.1.1 - - [05/Apr/2026:11:37:53 +0530] "GET /static/css/app.css HTTP/1.1" 200 2832 "-" "Mozilla/5.0 (Windows NT 10.0; Win64; x64) Chrome/120.0"
192.0.2.2 - - [05/Apr/2026:11:39:19 +0530] "GET /api/checkout HTTP/1.1" 200 1649 "-" "Python/3.11"
172.16.0.2 - - [05/Apr/2026:11:40:45 +0530] "GET /api/cart HTTP/1.1" 404 3576 "-" "Python/3.11"
203.0.113.2 - - [05/Apr/2026:11:42:11 +0530] "PUT /api/users HTTP/1.1" 503 3711 "-" "Mozilla/5.0 (Macintosh; Intel Mac OS X 10_15_7) Safari/537.36"
172.16.0.2 - - [05/Apr/2026:11:43:37 +0530] "GET /static/js/bundle.js HTTP/1.1" 200 424 "-" "Python/3.11"
198.51.100.1 - - [05/Apr/2026:11:45:03 +0530] "POST /static/js/bundle.js HTTP/1.1" 200 4330 "-" "curl/7.68.0"
172.16.0.2 - - [05/Apr/2026:11:46:29 +0530] "POST /static/css/app.css HTTP/1.1" 200 1675 "-" "curl/7.68.0"
192.168.1.2 - - [05/Apr/2026:11:47:55 +0530] "POST /api/checkout HTTP/1.1" 200 2428 "-" "Googlebot/2.1"
198.51.100.1 - - [05/Apr/2026:11:49:21 +0530] "POST /api/login HTTP/1.1" 200 3884 "-" "Mozilla/5.0 (Macintosh; Intel Mac OS X 10_15_7) Safari/537.36"
192.0.2.2 - - [05/Apr/2026:11:50:47 +0530] "POST /api/cart HTTP/1.1" 304 0 "-" "Python/3.11"
172.16.0.2 - - [05/Apr/2026:11:52:13 +0530] "GET /static/js/bundle.js HTTP/1.1" 200 3613 "-" "Mozilla/5.0 (Macintosh; Intel Mac OS X 10_15_7) Safari/537.36"
172.16.0.1 - - [05/Apr/2026:11:53:39 +0530] "GET /favicon.ico HTTP/1.1" 200 1051 "-" "curl/7.68.0"
198.51.100.2 - - [05/Apr/2026:11:55:05 +0530] "POST /static/js/bundle.js HTTP/1.1" 200 1601 "-" "Mozilla/5.0 (Macintosh; Intel Mac OS X 10_15_7) Safari/537.36"
192.168.1.1 - - [05/Apr/2026:11:56:31 +0530] "POST /api/products HTTP/1.1" 200 1133 "-" "Mozilla/5.0 (Macintosh; Intel Mac OS X 10_15_7) Safari/537.36"
192.168.1.2 - - [05/Apr/2026:11:57:57 +0530] "GET /favicon.ico HTTP/1.1" 200 2113 "-" "curl/7.68.0"
192.168.1.1 - - [05/Apr/2026:11:59:23 +0530] "PUT /api/health HTTP/1.1" 200 3960 "-" "Python/3.11"
203.0.113.1 - - [05/Apr/2026:12:00:49 +0530] "GET /api/checkout HTTP/1.1" 401 3778 "-" "Python/3.11"
172.16.0.1 - - [05/Apr/2026:12:02:15 +0530] "PUT /api/checkout HTTP/1.1" 200 4489 "-" "Googlebot/2.1"
203.0.113.1 - - [05/Apr/2026:12:03:41 +0530] "POST /api/checkout HTTP/1.1" 200 755 "-" "Mozilla/5.0 (Macintosh; Intel Mac OS X 10_15_7) Safari/537.36"
203.0.113.2 - - [05/Apr/2026:12:05:07 +0530] "GET /static/js/bundle.js HTTP/1.1" 400 1958 "-" "Googlebot/2.1"
192.0.2.1 - - [05/Apr/2026:12:06:33 +0530] "GET /api/cart HTTP/1.1" 200 1252 "-" "Mozilla/5.0 (Windows NT 10.0; Win64; x64) Chrome/120.0"
192.168.1.1 - - [05/Apr/2026:12:07:59 +0530] "POST /static/js/bundle.js HTTP/1.1" 200 4386 "-" "Python/3.11"
10.0.0.1 - - [05/Apr/2026:12:09:25 +0530] "DELETE /api/cart HTTP/1.1" 401 1218 "-" "Mozilla/5.0 (Windows NT 10.0; Win64; x64) Chrome/120.0"
172.16.0.2 - - [05/Apr/2026:12:10:51 +0530] "GET /favicon.ico HTTP/1.1" 200 345 "-" "curl/7.68.0"
198.51.100.1 - - [05/Apr/2026:12:12:17 +0530] "POST /api/checkout HTTP/1.1" 200 2541 "-" "curl/7.68.0"
198.51.100.1 - - [05/Apr/2026:12:13:43 +0530] "GET /api/login HTTP/1.1" 403 4304 "-" "Mozilla/5.0 (Macintosh; Intel Mac OS X 10_15_7) Safari/537.36"
198.51.100.2 - - [05/Apr/2026:12:15:09 +0530] "GET /favicon.ico HTTP/1.1" 200 1176 "-" "Mozilla/5.0 (Macintosh; Intel Mac OS X 10_15_7) Safari/537.36"
10.0.0.1 - - [05/Apr/2026:12:16:35 +0530] "GET /api/login HTTP/1.1" 200 1797 "-" "Mozilla/5.0 (Windows NT 10.0; Win64; x64) Chrome/120.0"
192.0.2.1 - - [05/Apr/2026:12:18:01 +0530] "PUT /api/orders HTTP/1.1" 401 3248 "-" "Python/3.11"
10.0.0.1 - - [05/Apr/2026:12:19:27 +0530] "GET /api/products HTTP/1.1" 301 3699 "-" "Googlebot/2.1"
10.0.0.2 - - [05/Apr/2026:12:20:53 +0530] "GET /api/cart HTTP/1.1" 200 2239 "-" "Python/3.11"
203.0.113.1 - - [05/Apr/2026:12:22:19 +0530] "POST /api/products HTTP/1.1" 200 3334 "-" "Mozilla/5.0 (Macintosh; Intel Mac OS X 10_15_7) Safari/537.36"
192.168.1.1 - - [05/Apr/2026:12:23:45 +0530] "POST /api/checkout HTTP/1.1" 403 2691 "-" "Mozilla/5.0 (Macintosh; Intel Mac OS X 10_15_7) Safari/537.36"
192.168.1.1 - - [05/Apr/2026:12:25:11 +0530] "GET /api/orders HTTP/1.1" 200 1250 "-" "Python/3.11"
172.16.0.2 - - [05/Apr/2026:12:26:37 +0530] "GET /api/health HTTP/1.1" 401 952 "-" "Mozilla/5.0 (Windows NT 10.0; Win64; x64) Chrome/120.0"
192.168.1.2 - - [05/Apr/2026:12:28:03 +0530] "GET /api/orders HTTP/1.1" 200 4440 "-" "curl/7.68.0"
10.0.0.1 - - [05/Apr/2026:12:29:29 +0530] "GET /static/css/app.css HTTP/1.1" 301 3217 "-" "Mozilla/5.0 (Macintosh; Intel Mac OS X 10_15_7) Safari/537.36"
172.16.0.2 - - [05/Apr/2026:12:30:55 +0530] "GET /api/orders HTTP/1.1" 200 361 "-" "Mozilla/5.0 (Macintosh; Intel Mac OS X 10_15_7) Safari/537.36"
203.0.113.1 - - [05/Apr/2026:12:32:21 +0530] "GET /api/checkout HTTP/1.1" 503 3078 "-" "Googlebot/2.1"
172.16.0.2 - - [05/Apr/2026:12:33:47 +0530] "POST /api/login HTTP/1.1" 200 3022 "-" "Mozilla/5.0 (Windows NT 10.0; Win64; x64) Chrome/120.0"
198.51.100.1 - - [05/Apr/2026:12:35:13 +0530] "GET /api/login HTTP/1.1" 200 4970 "-" "Mozilla/5.0 (Windows NT 10.0; Win64; x64) Chrome/120.0"
198.51.100.1 - - [05/Apr/2026:12:36:39 +0530] "GET /api/login HTTP/1.1" 200 1418 "-" "Mozilla/5.0 (Windows NT 10.0; Win64; x64) Chrome/120.0"
203.0.113.1 - - [05/Apr/2026:12:38:05 +0530] "GET /api/orders HTTP/1.1" 200 2886 "-" "curl/7.68.0"
192.0.2.1 - - [05/Apr/2026:12:39:31 +0530] "GET /static/css/app.css HTTP/1.1" 200 2604 "-" "Mozilla/5.0 (Windows NT 10.0; Win64; x64) Chrome/120.0"
198.51.100.2 - - [05/Apr/2026:12:40:57 +0530] "PUT /static/js/bundle.js HTTP/1.1" 401 1688 "-" "Mozilla/5.0 (Macintosh; Intel Mac OS X 10_15_7) Safari/537.36"
198.51.100.2 - - [05/Apr/2026:12:42:23 +0530] "GET /api/login HTTP/1.1" 301 1169 "-" "Mozilla/5.0 (Windows NT 10.0; Win64; x64) Chrome/120.0"
203.0.113.1 - - [05/Apr/2026:12:43:49 +0530] "POST /api/products HTTP/1.1" 200 2678 "-" "Googlebot/2.1"
198.51.100.1 - - [05/Apr/2026:12:45:15 +0530] "PUT /api/users HTTP/1.1" 200 3174 "-" "Mozilla/5.0 (Macintosh; Intel Mac OS X 10_15_7) Safari/537.36"
192.168.1.2 - - [05/Apr/2026:12:46:41 +0530] "POST /favicon.ico HTTP/1.1" 200 4311 "-" "Mozilla/5.0 (Windows NT 10.0; Win64; x64) Chrome/120.0"
198.51.100.1 - - [05/Apr/2026:12:48:07 +0530] "PUT /api/users HTTP/1.1" 304 0 "-" "Python/3.11"
10.0.0.2 - - [05/Apr/2026:12:49:33 +0530] "GET /api/checkout HTTP/1.1" 200 473 "-" "Mozilla/5.0 (Macintosh; Intel Mac OS X 10_15_7) Safari/537.36"
192.168.1.2 - - [05/Apr/2026:12:50:59 +0530] "GET /static/js/bundle.js HTTP/1.1" 200 3474 "-" "Googlebot/2.1"
192.168.1.1 - - [05/Apr/2026:12:52:25 +0530] "GET /favicon.ico HTTP/1.1" 200 4594 "-" "Python/3.11"
198.51.100.1 - - [05/Apr/2026:12:53:51 +0530] "DELETE /api/users HTTP/1.1" 200 323 "-" "Python/3.11"
203.0.113.1 - - [05/Apr/2026:12:55:17 +0530] "GET /api/checkout HTTP/1.1" 304 0 "-" "Mozilla/5.0 (Macintosh; Intel Mac OS X 10_15_7) Safari/537.36"
192.168.1.1 - - [05/Apr/2026:12:56:43 +0530] "GET /api/users HTTP/1.1" 404 1342 "-" "Mozilla/5.0 (Windows NT 10.0; Win64; x64) Chrome/120.0"
172.16.0.1 - - [05/Apr/2026:12:58:09 +0530] "PUT /api/orders HTTP/1.1" 400 1744 "-" "Mozilla/5.0 (Windows NT 10.0; Win64; x64) Chrome/120.0"
192.0.2.2 - - [05/Apr/2026:12:59:35 +0530] "POST /api/cart HTTP/1.1" 200 3248 "-" "Googlebot/2.1"
172.16.0.2 - - [05/Apr/2026:13:01:01 +0530] "POST /api/orders HTTP/1.1" 404 1913 "-" "Mozilla/5.0 (Windows NT 10.0; Win64; x64) Chrome/120.0"
192.0.2.1 - - [05/Apr/2026:13:02:27 +0530] "GET /api/products HTTP/1.1" 200 495 "-" "Googlebot/2.1"
192.168.1.1 - - [05/Apr/2026:13:03:53 +0530] "GET /api/products HTTP/1.1" 200 646 "-" "Python/3.11"
10.0.0.2 - - [05/Apr/2026:13:05:19 +0530] "DELETE /static/css/app.css HTTP/1.1" 304 0 "-" "Mozilla/5.0 (Windows NT 10.0; Win64; x64) Chrome/120.0"
172.16.0.1 - - [05/Apr/2026:13:06:45 +0530] "GET /favicon.ico HTTP/1.1" 401 2960 "-" "Python/3.11"
192.168.1.1 - - [05/Apr/2026:13:08:11 +0530] "POST /favicon.ico HTTP/1.1" 304 0 "-" "Mozilla/5.0 (Windows NT 10.0; Win64; x64) Chrome/120.0"
198.51.100.1 - - [05/Apr/2026:13:09:37 +0530] "DELETE /api/checkout HTTP/1.1" 404 2560 "-" "Mozilla/5.0 (Windows NT 10.0; Win64; x64) Chrome/120.0"
198.51.100.2 - - [05/Apr/2026:13:11:03 +0530] "GET /api/cart HTTP/1.1" 200 4762 "-" "Mozilla/5.0 (Windows NT 10.0; Win64; x64) Chrome/120.0"
172.16.0.1 - - [05/Apr/2026:13:12:29 +0530] "POST /api/products HTTP/1.1" 200 2924 "-" "curl/7.68.0"
198.51.100.2 - - [05/Apr/2026:13:13:55 +0530] "GET /api/health HTTP/1.1" 404 4807 "-" "Mozilla/5.0 (Macintosh; Intel Mac OS X 10_15_7) Safari/537.36"
192.168.1.1 - - [05/Apr/2026:13:15:21 +0530] "GET /static/js/bundle.js HTTP/1.1" 200 1868 "-" "Python/3.11"
172.16.0.1 - - [05/Apr/2026:13:16:47 +0530] "GET /static/css/app.css HTTP/1.1" 200 1231 "-" "Googlebot/2.1"
203.0.113.2 - - [05/Apr/2026:13:18:13 +0530] "GET /static/css/app.css HTTP/1.1" 200 4156 "-" "Mozilla/5.0 (Macintosh; Intel Mac OS X 10_15_7) Safari/537.36"
203.0.113.2 - - [05/Apr/2026:13:19:39 +0530] "PUT /api/checkout HTTP/1.1" 200 2682 "-" "Mozilla/5.0 (Windows NT 10.0; Win64; x64) Chrome/120.0"
192.168.1.2 - - [05/Apr/2026:13:21:05 +0530] "GET /api/products HTTP/1.1" 200 3313 "-" "Mozilla/5.0 (Windows NT 10.0; Win64; x64) Chrome/120.0"
203.0.113.2 - - [05/Apr/2026:13:22:31 +0530] "POST /favicon.ico HTTP/1.1" 200 804 "-" "curl/7.68.0"
198.51.100.1 - - [05/Apr/2026:13:23:57 +0530] "POST /api/users HTTP/1.1" 400 413 "-" "Python/3.11"
203.0.113.2 - - [05/Apr/2026:13:25:23 +0530] "GET /api/cart HTTP/1.1" 200 1859 "-" "Mozilla/5.0 (Macintosh; Intel Mac OS X 10_15_7) Safari/537.36"
203.0.113.2 - - [05/Apr/2026:13:26:49 +0530] "GET /api/login HTTP/1.1" 200 2903 "-" "Mozilla/5.0 (Windows NT 10.0; Win64; x64) Chrome/120.0"
198.51.100.1 - - [05/Apr/2026:13:28:15 +0530] "POST /static/js/bundle.js HTTP/1.1" 304 0 "-" "curl/7.68.0"
10.0.0.1 - - [05/Apr/2026:13:29:41 +0530] "GET /static/css/app.css HTTP/1.1" 200 459 "-" "Googlebot/2.1"
203.0.113.2 - - [05/Apr/2026:13:31:07 +0530] "POST /api/health HTTP/1.1" 200 4910 "-" "Googlebot/2.1"
172.16.0.2 - - [05/Apr/2026:13:32:33 +0530] "GET /api/cart HTTP/1.1" 500 4357 "-" "Python/3.11"
192.168.1.2 - - [05/Apr/2026:13:33:59 +0530] "GET /api/login HTTP/1.1" 301 2303 "-" "Mozilla/5.0 (Windows NT 10.0; Win64; x64) Chrome/120.0"
192.168.1.2 - - [05/Apr/2026:13:35:25 +0530] "GET /api/checkout HTTP/1.1" 200 2091 "-" "Googlebot/2.1"
192.0.2.1 - - [05/Apr/2026:13:36:51 +0530] "GET /static/js/bundle.js HTTP/1.1" 200 1787 "-" "Mozilla/5.0 (Macintosh; Intel Mac OS X 10_15_7) Safari/537.36"
10.0.0.2 - - [05/Apr/2026:13:38:17 +0530] "GET /favicon.ico HTTP/1.1" 401 1364 "-" "Googlebot/2.1"
192.168.1.1 - - [05/Apr/2026:13:39:43 +0530] "POST /static/css/app.css HTTP/1.1" 200 4316 "-" "curl/7.68.0"
192.0.2.2 - - [05/Apr/2026:13:41:09 +0530] "GET /api/users HTTP/1.1" 301 146 "-" "Python/3.11"
192.0.2.1 - - [05/Apr/2026:13:42:35 +0530] "PUT /api/cart HTTP/1.1" 200 3138 "-" "Googlebot/2.1"
203.0.113.2 - - [05/Apr/2026:13:44:01 +0530] "PUT /api/checkout HTTP/1.1" 200 2531 "-" "curl/7.68.0"
10.0.0.1 - - [05/Apr/2026:13:45:27 +0530] "POST /api/checkout HTTP/1.1" 200 4382 "-" "curl/7.68.0"
192.168.1.1 - - [05/Apr/2026:13:46:53 +0530] "GET /static/js/bundle.js HTTP/1.1" 200 2613 "-" "Googlebot/2.1"
172.16.0.1 - - [05/Apr/2026:13:48:19 +0530] "GET /api/login HTTP/1.1" 200 885 "-" "Googlebot/2.1"
192.168.1.2 - - [05/Apr/2026:13:49:45 +0530] "GET /static/js/bundle.js HTTP/1.1" 200 3042 "-" "Python/3.11"
203.0.113.1 - - [05/Apr/2026:13:51:11 +0530] "DELETE /api/login HTTP/1.1" 200 3281 "-" "Googlebot/2.1"
