192.168.1.2 - - [05/Apr/2026:13:52:37 +0530] "GET /api/orders HTTP/1.1" 200 3503 "-" "Mozilla/5.0 (Windows NT 10.0; Win64; x64) Chrome/120.0"
192.0.2.2 - - [05/Apr/2026:13:54:03 +0530] "GET /static/js/bundle.js HTTP/1.1" 304 0 "-" "curl/7.68.0"
10.0.0.2 - - [05/Apr/2026:13:55:29 +0530] "PUT /favicon.ico HTTP/1.1" 200 4590 "-" "curl/7.68.0"
172.16.0.2 - - [05/Apr/2026:13:56:55 +0530] "GET /api/products HTTP/1.1" 400 2565 "-" "curl/7.68.0"
172.16.0.1 - - [05/Apr/2026:13:58:21 +0530] "POST /static/css/app.css HTTP/1.1" 200 1789 "-" "Python/3.11"
10.0.0.1 - - [05/Apr/2026:13:59:47 +0530] "GET /api/cart HTTP/1.1" 200 3584 "-" "Mozilla/5.0 (Windows NT 10.0; Win64; x64) Chrome/120.0"
172.16.0.2 - - [05/Apr/2026:14:01:13 +0530] "GET /static/css/app.css HTTP/1.1" 404 2124 "-" "Mozilla/5.0 (Windows NT 10.0; Win64; x64) Chrome/120.0"
203.0.113.1 - - [05/Apr/2026:14:02:39 +0530] "GET /api/cart HTTP/1.1" 200 1784 "-" "Googlebot/2.1"
172.16.0.1 - - [05/Apr/2026:14:04:05 +0530] "GET /api/checkout HTTP/1.1" 304 0 "-" "Mozilla/5.0 (Macintosh; Intel Mac OS X 10_15_7) Safari/537.36"
192.168.1.1 - - [05/Apr/2026:14:05:31 +0530] "GET /api/users HTTP/1.1" 200 1681 "-" "Mozilla/5.0 (Macintosh; Intel Mac OS X 10_15_7) Safari/537.36"
172.16.0.1 - - [05/Apr/2026:14:06:57 +0530] "GET /api/cart HTTP/1.1" 200 1957 "-" "Python/3.11"
10.0.0.2 - - [05/Apr/2026:14:08:23 +0530] "DELETE /api/health HTTP/1.1" 200 3762 "-" "curl/7.68.0"
172.16.0.1 - - [05/Apr/2026:14:09:49 +0530] "POST /static/css/app.css HTTP/1.1" 400 1553 "-" "Mozilla/5.0 (Windows NT 10.0; Win64; x64) Chrome/120.0"
172.16.0.2 - - [05/Apr/2026:14:11:15 +0530] "PUT /api/products HTTP/1.1" 401 3869 "-" "Python/3.11"
172.16.0.1 - - [05/Apr/2026:14:12:41 +0530] "POST /api/users HTTP/1.1" 200 132 "-" "Mozilla/5.0 (Windows NT 10.0; Win64; x64) Chrome/120.0"
192.0.2.1 - - [05/Apr/2026:14:14:07 +0530] "DELETE /static/js/bundle.js HTTP/1.1" 200 4168 "-" "Python/3.11"
203.0.113.2 - - [05/Apr/2026:14:15:33 +0530] "POST /api/products HTTP/1.1" 200 3574 "-" "curl/7.68.0"
172.16.0.2 - - [05/Apr/2026:14:16:59 +0530] "GET /api/checkout HTTP/1.1" 200 417 "-" "Python/3.11"
10.0.0.1 - - [05/Apr/2026:14:18:25 +0530] "POST /static/css/app.css HTTP/1.1" 200 2561 "-" "curl/7.68.0"
203.0.113.2 - - [05/Apr/2026:14:19:51 +0530] "PUT /api/cart HTTP/1.1" 200 1811 "-" "Mozilla/5.0 (Windows NT 10.0; Win64; x64) Chrome/120.0"
203.0.113.1 - - [05/Apr/2026:14:21:17 +0530] "GET /api/login HTTP/1.1" 200 296 "-" "curl/7.68.0"
172.16.0.1 - - [05/Apr/2026:14:22:43 +0530] "POST /api/checkout HTTP/1.1" 200 3410 "-" "Googlebot/2.1"
192.0.2.2 - - [05/Apr/2026:14:24:09 +0530] "GET /api/users HTTP/1.1" 200 1448 "-" "Googlebot/2.1"
203.0.113.2 - - [05/Apr/2026:14:25:35 +0530] "GET /api/cart HTTP/1.1" 200 127 "-" "Mozilla/5.0 (Windows NT 10.0; Win64; x64) Chrome/120.0"
10.0.0.2 - - [05/Apr/2026:14:27:01 +0530] "POST /api/cart HTTP/1.1" 200 2933 "-" "curl/7.68.0"
203.0.113.1 - - [05/Apr/2026:14:28:27 +0530] "POST /api/products HTTP/1.1" 200 1401 "-" "curl/7.68.0"
10.0.0.2 - - [05/Apr/2026:14:29:53 +0530] "GET /api/checkout HTTP/1.1" 200 4514 "-" "Mozilla/5.0 (Macintosh; Intel Mac OS X 10_15_7) Safari/537.36"
10.0.0.2 - - [05/Apr/2026:14:31:19 +0530] "GET /api/login HTTP/1.1" 200 2640 "-" "curl/7.68.0"
203.0.113.1 - - [05/Apr/2026:14:32:45 +0530] "GET /api/users HTTP/1.1" 200 1463 "-" "Python/3.11"
192.0.2.1 - - [05/Apr/2026:14:34:11 +0530] "DELETE /api/login HTTP/1.1" 200 4323 "-" "Mozilla/5.0 (Windows NT 10.0; Win64; x64) Chrome/120.0"
192.0.2.2 - - [05/Apr/2026:14:35:37 +0530] "GET /api/users HTTP/1.1" 200 2464 "-" "Python/3.11"
192.0.2.2 - - [05/Apr/2026:14:37:03 +0530] "GET /api/login HTTP/1.1" 404 3090 "-" "Googlebot/2.1"
192.168.1.1 - - [05/Apr/2026:14:38:29 +0530] "POST /api/cart HTTP/1.1" 200 807 "-" "Mozilla/5.0 (Windows NT 10.0; Win64; x64) Chrome/120.0"
203.0.113.1 - - [05/Apr/2026:14:39:55 +0530] "POST /api/health HTTP/1.1" 200 3193 "-" "Python/3.11"
172.16.0.2 - - [05/Apr/2026:14:41:21 +0530] "PUT /api/users HTTP/1.1" 200 1488 "-" "Mozilla/5.0 (Windows NT 10.0; Win64; x64) Chrome/120.0"
10.0.0.2 - - [05/Apr/2026:14:42:47 +0530] "POST /api/login HTTP/1.1" 400 469 "-" "Googlebot/2.1"
172.16.0.2 - - [05/Apr/2026:14:44:13 +0530] "PUT /api/products HTTP/1.1" 200 3090 "-" "Mozilla/5.0 (Macintosh; Intel Mac OS X 10_15_7) Safari/537.36"
203.0.113.1 - - [05/Apr/2026:14:45:39 +0530] "GET /api/cart HTTP/1.1" 200 1399 "-" "Mozilla/5.0 (Windows NT 10.0; Win64; x64) Chrome/120.0"
192.0.2.1 - - [05/Apr/2026:14:47:05 +0530] "GET /api/checkout HTTP/1.1" 200 4918 "-" "Python/3.11"
198.51.100.2 - - [05/Apr/2026:14:48:31 +0530] "PUT /api/health HTTP/1.1" 200 2409 "-" "Python/3.11"
192.168.1.2 - - [05/Apr/2026:14:49:57 +0530] "GET /api/users HTTP/1.1" 200 2106 "-" "Python/3.11"
172.16.0.2 - - [05/Apr/2026:14:51:23 +0530] "GET /api/login HTTP/1.1" 200 4109 "-" "Mozilla/5.0 (Windows NT 10.0; Win64; x64) Chrome/120.0"
192.168.1.2 - - [05/Apr/2026:14:52:49 +0530] "GET /api/cart HTTP/1.1" 200 2461 "-" "Python/3.11"
198.51.100.2 - - [05/Apr/2026:14:54:15 +0530] "GET /api/users HTTP/1.1" 200 3269 "-" "Python/3.11"
203.0.113.2 - - [05/Apr/2026:14:55:41 +0530] "POST /api/products HTTP/1.1" 200 1609 "-" "Googlebot/2.1"
192.0.2.1 - - [05/Apr/2026:14:57:07 +0530] "POST /static/css/app.css HTTP/1.1" 200 4632 "-" "Mozilla/5.0 (Windows NT 10.0; Win64; x64) Chrome/120.0"
192.168.1.2 - - [05/Apr/2026:14:58:33 +0530] "POST /static/css/app.css HTTP/1.1" 200 2702 "-" "Mozilla/5.0 (Windows NT 10.0; Win64; x64) Chrome/120.0"
203.0.113.2 - - [05/Apr/2026:14:59:59 +0530] "GET /static/css/app.css HTTP/1.1" 200 4392 "-" "Mozilla/5.0 (Windows NT 10.0; Win64; x64) Chrome/120.0"
10.0.0.2 - - [05/Apr/2026:15:01:25 +0530] "GET /api/orders HTTP/1.1" 404 4042 "-" "Mozilla/5.0 (Macintosh; Intel Mac OS X 10_15_7) Safari/537.36"
172.16.0.1 - - [05/Apr/2026:15:02:51 +0530] "GET /api/cart HTTP/1.1" 200 3217 "-" "Python/3.11"
172.16.0.1 - - [05/Apr/2026:15:04:17 +0530] "GET /static/js/bundle.js HTTP/1.1" 200 893 "-" "Googlebot/2.1"
198.51.100.2 - - [05/Apr/2026:15:05:43 +0530] "GET /api/users HTTP/1.1" 500 3385 "-" "Mozilla/5.0 (Windows NT 10.0; Win64; x64) Chrome/120.0"
192.0.2.2 - - [05/Apr/2026:15:07:09 +0530] "PUT /api/cart HTTP/1.1" 200 3624 "-" "Mozilla/5.0 (Macintosh; Intel Mac OS X 10_15_7) Safari/537.36"
192.0.2.2 - - [05/Apr/2026:15:08:35 +0530] "POST /api/cart HTTP/1.1" 200 2506 "-" "Python/3.11"
198.51.100.2 - - [05/Apr/2026:15:10:01 +0530] "GET /static/css/app.css HTTP/1.1" 200 4778 "-" "Googlebot/2.1"
203.0.113.1 - - [05/Apr/2026:15:11:27 +0530] "GET /api/checkout HTTP/1.1" 304 0 "-" "Mozilla/5.0 (Macintosh; Intel Mac OS X 10_15_7) Safari/537.36"
203.0.113.1 - - [05/Apr/2026:15:12:53 +0530] "GET /static/css/app.css HTTP/1.1" 200 4464 "-" "Googlebot/2.1"
10.0.0.2 - - [05/Apr/2026:15:14:19 +0530] "DELETE /favicon.ico HTTP/1.1" 301 4982 "-" "Mozilla/5.0 (Windows NT 10.0; Win64; x64) Chrome/120.0"
203.0.113.1 - - [05/Apr/2026:15:15:45 +0530] "DELETE /api/orders HTTP/1.1" 304 0 "-" "Googlebot/2.1"
203.0.113.1 - - [05/Apr/2026:15:17:11 +0530] "GET /api/login HTTP/1.1" 404 3134 "-" "Mozilla/5.0 (Macintosh; Intel Mac OS X 10_15_7) Safari/537.36"
192.168.1.1 - - [05/Apr/2026:15:18:37 +0530] "GET /api/cart HTTP/1.1" 200 4033 "-" "Mozilla/5.0 (Windows NT 10.0; Win64; x64) Chrome/120.0"
192.0.2.2 - - [05/Apr/2026:15:20:03 +0530] "GET /favicon.ico HTTP/1.1" 401 4885 "-" "Python/3.11"
192.0.2.2 - - [05/Apr/2026:15:21:29 +0530] "GET /api/login HTTP/1.1" 200 1695 "-" "curl/7.68.0"
198.51.100.1 - - [05/Apr/2026:15:22:55 +0530] "GET /api/cart HTTP/1.1" 400 121 "-" "Googlebot/2.1"
203.0.113.2 - - [05/Apr/2026:15:24:21 +0530] "POST /static/js/bundle.js HTTP/1.1" 200 3282 "-" "Python/3.11"
192.0.2.1 - - [05/Apr/2026:15:25:47 +0530] "GET /api/orders HTTP/1.1" 200 4262 "-" "Mozilla/5.0 (Macintosh; Intel Mac OS X 10_15_7) Safari/537.36"
203.0.113.2 - - [05/Apr/2026:15:27:13 +0530] "GET /api/users HTTP/1.1" 200 292 "-" "Googlebot/2.1"
10.0.0.1 - - [05/Apr/2026:15:28:39 +0530] "GET /static/js/bundle.js HTTP/1.1" 401 3008 "-" "Mozilla/5.0 (Macintosh; Intel Mac OS X 10_15_7) Safari/537.36"
198.51.100.1 - - [05/Apr/2026:15:30:05 +0530] "GET /static/js/bundle.js HTTP/1.1" 200 2123 "-" "curl/7.68.0"
10.0.0.1 - - [05/Apr/2026:15:31:31 +0530] "GET /static/js/bundle.js HTTP/1.1" 200 4847 "-" "Mozilla/5.0 (Windows NT 10.0; Win64; x64) Chrome/120.0"
192.168.1.1 - - [05/Apr/2026:15:32:57 +0530] "GET /api/users HTTP/1.1" 200 318 "-" "curl/7.68.0"
192.168.1.2 - - [05/Apr/2026:15:34:23 +0530] "GET /static/js/bundle.js HTTP/1.1" 200 3376 "-" "Python/3.11"
198.51.100.1 - - [05/Apr/2026:15:35:49 +0530] "POST /static/css/app.css HTTP/1.1" 200 4548 "-" "curl/7.68.0"
172.16.0.1 - - [05/Apr/2026:15:37:15 +0530] "POST /api/login HTTP/1.1" 200 408 "-" "Mozilla/5.0 (Macintosh; Intel Mac OS X 10_15_7) Safari/537.36"
172.16.0.1 - - [05/Apr/2026:15:38:41 +0530] "POST /api/login HTTP/1.1" 400 4581 "-" "Python/3.11"
198.51.100.2 - - [05/Apr/2026:15:40:07 +0530] "GET /static/css/app.css HTTP/1.1" 200 603 "-" "curl/7.68.0"
172.16.0.2 - - [05/Apr/2026:15:41:33 +0530] "POST /static/js/bundle.js HTTP/1.1" 403 4544 "-" "Mozilla/5.0 (Windows NT 10.0; Win64; x64) Chrome/120.0"
172.16.0.2 - - [05/Apr/2026:15:42:59 +0530] "GET /static/js/bundle.js HTTP/1.1" 200 1718 "-" "Mozilla/5.0 (Windows NT 10.0; Win64; x64) Chrome/120.0"
172.16.0.1 - - [05/Apr/2026:15:44:25 +0530] "GET /api/orders HTTP/1.1" 400 4192 "-" "Googlebot/2.1"
192.0.2.1 - - [05/Apr/2026:15:45:51 +0530] "GET /api/cart HTTP/1.1" 404 1400 "-" "Googlebot/2.1"
203.0.113.2 - - [05/Apr/2026:15:47:17 +0530] "GET /api/products HTTP/1.1" 200 4109 "-" "Mozilla/5.0 (Windows NT 10.0; Win64; x64) Chrome/120.0"
192.0.2.1 - - [05/Apr/2026:15:48:43 +0530] "PUT /favicon.ico HTTP/1.1" 200 2728 "-" "Python/3.11"
203.0.113.1 - - [05/Apr/2026:15:50:09 +0530] "GET /static/js/bundle.js HTTP/1.1" 200 4658 "-" "Mozilla/5.0 (Macintosh; Intel Mac OS X 10_15_7) Safari/537.36"
198.51.100.2 - - [05/Apr/2026:15:51:35 +0530] "GET /api/orders HTTP/1.1" 200 441 "-" "Mozilla/5.0 (Macintosh; Intel Mac OS X 10_15_7) Safari/537.36"
10.0.0.2 - - [05/Apr/2026:15:53:01 +0530] "GET /static/css/app.css HTTP/1.1" 200 3695 "-" "Googlebot/2.1"
192.0.2.2 - - [05/Apr/2026:15:54:27 +0530] "GET /api/cart HTTP/1.1" 200 2547 "-" "Python/3.11"
192.168.1.2 - - [05/Apr/2026:15:55:53 +0530] "GET /static/js/bundle.js HTTP/1.1" 200 4065 "-" "Mozilla/5.0 (Windows NT 10.0; Win64; x64) Chrome/120.0"
192.0.2.2 - - [05/Apr/2026:15:57:19 +0530] "GET /api/users HTTP/1.1" 200 1856 "-" "Googlebot/2.1"
172.16.0.1 - - [05/Apr/2026:15:58:45 +0530] "PUT /static/js/bundle.js HTTP/1.1" 200 1746 "-" "Python/3.11"
203.0.113.2 - - [05/Apr/2026:16:00:11 +0530] "GET /api/orders HTTP/1.1" 200 2040 "-" "curl/7.68.0"
192.0.2.2 - - [05/Apr/2026:16:01:37 +0530] "GET /api/users HTTP/1.1" 200 1848 "-" "curl/7.68.0"
10.0.0.1 - - [05/Apr/2026:16:03:03 +0530] "POST /static/css/app.css HTTP/1.1" 200 4432 "-" "Mozilla/5.0 (Windows NT 10.0; Win64; x64) Chrome/120.0"
192.0.2.2 - - [05/Apr/2026:16:04:29 +0530] "GET /api/users HTTP/1.1" 200 2805 "-" "Python/3.11"
172.16.0.1 - - [05/Apr/2026:16:05:55 +0530] "GET /static/js/bundle.js HTTP/1.1" 200 2992 "-" "Mozilla/5.0 (Windows NT 10.0; Win64; x64) Chrome/120.0"
192.0.2.2 - - [05/Apr/2026:16:07:21 +0530] "POST /api/products HTTP/1.1" 200 2195 "-" "Mozilla/5.0 (Windows NT 10.0; Win64; x64) Chrome/120.0"
192.168.1.2 - - [05/Apr/2026:16:08:47 +0530] "PUT /api/products HTTP/1.1" 400 1178 "-" "Googlebot/2.1"
198.51.100.2 - - [05/Apr/2026:16:10:13 +0530] "POST /api/login HTTP/1.1" 200 644 "-" "Googlebot/2.1"
172.16.0.1 - - [05/Apr/2026:16:11:39 +0530] "POST /api/orders HTTP/1.1" 200 231 "-" "curl/7.68.0"
10.0.0.1 - - [05/Apr/2026:16:13:05 +0530] "POST /api/cart HTTP/1.1" 400 1023 "-" "curl/7.68.0"
198.51.100.1 - - [05/Apr/2026:16:14:31 +0530] "GET /api/orders HTTP/1.1" 404 3987 "-" "Mozilla/5.0 (Macintosh; Intel Mac OS X 10_15_7) Safari/537.36"
172.16.0.2 - - [05/Apr/2026:16:15:57 +0530] "GET /api/users HTTP/1.1" 200 1428 "-" "curl/7.68.0"
192.0.2.1 - - [05/Apr/2026:16:17:23 +0530] "GET /api/orders HTTP/1.1" 200 4536 "-" "Googlebot/2.1"
10.0.0.2 - - [05/Apr/2026:16:18:49 +0530] "GET /api/health HTTP/1.1" 404 1339 "-" "Python/3.11"
172.16.0.2 - - [05/Apr/2026:16:20:15 +0530] "POST /static/css/app.css HTTP/1.1" 200 2781 "-" "curl/7.68.0"
10.0.0.2 - - [05/Apr/2026:16:21:41 +0530] "PUT /static/css/app.css HTTP/1.1" 304 0 "-" "Mozilla/5.0 (Windows NT 10.0; Win64; x64) Chrome/120.0"
203.0.113.1 - - [05/Apr/2026:16:23:07 +0530] "GET /static/js/bundle.js HTTP/1.1" 200 666 "-" "Python/3.11"
172.16.0.1 - - [05/Apr/2026:16:24:33 +0530] "GET /api/cart HTTP/1.1" 401 3730 "-" "Mozilla/5.0 (Macintosh; Intel Mac OS X 10_15_7) Safari/537.36"
192.0.2.2 - - [05/Apr/2026:16:25:59 +0530] "DELETE /static/css/app.css HTTP/1.1" 200 2775 "-" "curl/7.68.0"
203.0.113.2 - - [05/Apr/2026:16:27:25 +0530] "GET /api/users HTTP/1.1" 200 1750 "-" "Googlebot/2.1"
198.51.100.1 - - [05/Apr/2026:16:28:51 +0530] "GET /api/orders HTTP/1.1" 200 2769 "-" "Mozilla/5.0 (Windows NT 10.0; Win64; x64) Chrome/120.0"
10.0.0.1 - - [05/Apr/2026:16:30:17 +0530] "POST /api/cart HTTP/1.1" 403 307 "-" "Mozilla/5.0 (Windows NT 10.0; Win64; x64) Chrome/120.0"
172.16.0.1 - - [05/Apr/2026:16:31:43 +0530] "POST /api/login HTTP/1.1" 304 0 "-" "Mozilla/5.0 (Macintosh; Intel Mac OS X 10_15_7) Safari/537.36"
198.51.100.2 - - [05/Apr/2026:16:33:09 +0530] "GET /api/health HTTP/1.1" 200 1442 "-" "curl/7.68.0"
198.51.100.1 - - [05/Apr/2026:16:34:35 +0530] "PUT /api/orders HTTP/1.1" 304 0 "-" "curl/7.68.0"
198.51.100.1 - - [05/Apr/2026:16:36:01 +0530] "DELETE /api/products HTTP/1.1" 200 2030 "-" "Mozilla/5.0 (Macintosh; Intel Mac OS X 10_15_7) Safari/537.36"
203.0.113.1 - - [05/Apr/2026:16:37:27 +0530] "GET /static/js/bundle.js HTTP/1.1" 200 1153 "-" "Mozilla/5.0 (Macintosh; Intel Mac OS X 10_15_7) Safari/537.36"
203.0.113.2 - - [05/Apr/2026:16:38:53 +0530] "PUT /static/css/app.css HTTP/1.1" 200 3031 "-" "Python/3.11"
192.168.1.1 - - [05/Apr/2026:16:40:19 +0530] "GET /api/orders HTTP/1.1" 301 1130 "-" "curl/7.68.0"
192.168.1.1 - - [05/Apr/2026:16:41:45 +0530] "GET /api/health HTTP/1.1" 200 2250 "-" "Mozilla/5.0 (Windows NT 10.0; Win64; x64) Chrome/120.0"
192.0.2.1 - - [05/Apr/2026:16:43:11 +0530] "GET /api/health HTTP/1.1" 200 4650 "-" "curl/7.68.0"
192.168.1.1 - - [05/Apr/2026:16:44:37 +0530] "POST /api/checkout HTTP/1.1" 200 2845 "-" "Mozilla/5.0 (Macintosh; Intel Mac OS X 10_15_7) Safari/537.36"
192.168.1.1 - - [05/Apr/2026:16:46:03 +0530] "GET /api/checkout HTTP/1.1" 404 4589 "-" "Googlebot/2.1"
203.0.113.2 - - [05/Apr/2026:16:47:29 +0530] "GET /api/orders HTTP/1.1" 400 2139 "-" "curl/7.68.0"
172.16.0.2 - - [05/Apr/2026:16:48:55 +0530] "POST /favicon.ico HTTP/1.1" 200 3018 "-" "Python/3.11"
198.51.100.1 - - [05/Apr/2026:16:50:21 +0530] "GET /favicon.ico HTTP/1.1" 200 3595 "-" "Mozilla/5.0 (Windows NT 10.0; Win64; x64) Chrome/120.0"
10.0.0.1 - - [05/Apr/2026:16:51:47 +0530] "GET /static/css/app.css HTTP/1.1" 200 521 "-" "Mozilla/5.0 (Macintosh; Intel Mac OS X 10_15_7) Safari/537.36"
192.168.1.2 - - [05/Apr/2026:16:53:13 +0530] "GET /static/js/bundle.js HTTP/1.1" 200 926 "-" "Mozilla/5.0 (Windows NT 10.0; Win64; x64) Chrome/120.0"
192.168.1.2 - - [05/Apr/2026:16:54:39 +0530] "GET /api/health HTTP/1.1" 200 3541 "-" "curl/7.68.0"
203.0.113.2 - - [05/Apr/2026:16:56:05 +0530] "GET /static/css/app.css HTTP/1.1" 200 1355 "-" "curl/7.68.0"
10.0.0.1 - - [05/Apr/2026:16:57:31 +0530] "GET /api/health HTTP/1.1" 200 692 "-" "Googlebot/2.1"
198.51.100.2 - - [05/Apr/2026:16:58:57 +0530] "POST /api/login HTTP/1.1" 301 3662 "-" "Googlebot/2.1"
172.16.0.1 - - [05/Apr/2026:17:00:23 +0530] "GET /api/products HTTP/1.1" 304 0 "-" "Mozilla/5.0 (Macintosh; Intel Mac OS X 10_15_7) Safari/537.36"
203.0.113.2 - - [05/Apr/2026:17:01:49 +0530] "PUT /favicon.ico HTTP/1.1" 200 3056 "-" "Mozilla/5.0 (Macintosh; Intel Mac OS X 10_15_7) Safari/537.36"
192.168.1.2 - - [05/Apr/2026:17:03:15 +0530] "GET /api/health HTTP/1.1" 401 3516 "-" "curl/7.68.0"
192.168.1.2 - - [05/Apr/2026:17:04:41 +0530] "GET /api/products HTTP/1.1" 200 3996 "-" "Googlebot/2.1"
192.168.1.2 - - [05/Apr/2026:17:06:07 +0530] "POST /static/js/bundle.js HTTP/1.1" 200 3857 "-" "curl/7.68.0"
192.0.2.2 - - [05/Apr/2026:17:07:33 +0530] "GET /api/health HTTP/1.1" 200 3783 "-" "Mozilla/5.0 (Macintosh; Intel Mac OS X 10_15_7) Safari/537.36"
203.0.113.2 - - [05/Apr/2026:17:08:59 +0530] "POST /static/js/bundle.js HTTP/1.1" 200 658 "-" "Python/3.11"
192.168.1.1 - - [05/Apr/2026:17:10:25 +0530] "GET /api/login HTTP/1.1" 200 2746 "-" "curl/7.68.0"
198.51.100.2 - - [05/Apr/2026:17:11:51 +0530] "GET /api/users HTTP/1.1" 200 1271 "-" "Python/3.11"
198.51.100.1 - - [05/Apr/2026:17:13:17 +0530] "POST /api/cart HTTP/1.1" 404 3099 "-" "curl/7.68.0"
10.0.0.1 - - [05/Apr/2026:17:14:43 +0530] "POST /api/orders HTTP/1.1" 200 306 "-" "Mozilla/5.0 (Windows NT 10.0; Win64; x64) Chrome/120.0"
198.51.100.1 - - [05/Apr/2026:17:16:09 +0530] "POST /api/users HTTP/1.1" 200 3067 "-" "Python/3.11"
10.0.0.2 - - [05/Apr/2026:17:17:35 +0530] "PUT /static/css/app.css HTTP/1.1" 200 4704 "-" "Mozilla/5.0 (Macintosh; Intel Mac OS X 10_15_7) Safari/537.36"
203.0.113.2 - - [05/Apr/2026:17:19:01 +0530] "GET /api/login HTTP/1.1" 304 0 "-" "curl/7.68.0"
203.0.113.2 - - [05/Apr/2026:17:20:27 +0530] "GET /api/cart HTTP/1.1" 200 498 "-" "curl/7.68.0"
192.0.2.2 - - [05/Apr/2026:17:21:53 +0530] "GET /api/orders HTTP/1.1" 200 4383 "-" "Googlebot/2.1"
10.0.0.2 - - [05/Apr/2026:17:23:19 +0530] "GET /api/orders HTTP/1.1" 400 1375 "-" "Mozilla/5.0 (Windows NT 10.0; Win64; x64) Chrome/120.0"
172.16.0.1 - - [05/Apr/2026:17:24:45 +0530] "POST /favicon.ico HTTP/1.1" 200 2495 "-" "Python/3.11"
203.0.113.2 - - [05/Apr/2026:17:26:11 +0530] "GET /api/cart HTTP/1.1" 200 4989 "-" "Mozilla/5.0 (Macintosh; Intel Mac OS X 10_15_7) Safari/537.36"
203.0.113.1 - - [05/Apr/2026:17:27:37 +0530] "GET /api/health HTTP/1.1" 200 2490 "-" "curl/7.68.0"
203.0.113.2 - - [05/Apr/2026:17:29:03 +0530] "GET /favicon.ico HTTP/1.1" 200 3507 "-" "Googlebot/2.1"
192.168.1.2 - - [05/Apr/2026:17:30:29 +0530] "GET /api/checkout HTTP/1.1" 200 3604 "-" "Python/3.11"
10.0.0.1 - - [05/Apr/2026:17:31:55 +0530] "GET /api/health HTTP/1.1" 200 1310 "-" "Mozilla/5.0 (Macintosh; Intel Mac OS X 10_15_7) Safari/537.36"
203.0.113.1 - - [05/Apr/2026:17:33:21 +0530] "GET /api/login HTTP/1.1" 200 452 "-" "curl/7.68.0"
192.168.1.2 - - [05/Apr/2026:17:34:47 +0530] "POST /api/orders HTTP/1.1" 200 4908 "-" "curl/7.68.0"
172.16.0.2 - - [05/Apr/2026:17:36:13 +0530] "DELETE /api/health HTTP/1.1" 301 3628 "-" "Googlebot/2.1"
192.168.1.2 - - [05/Apr/2026:17:37:39 +0530] "GET /api/health HTTP/1.1" 200 3440 "-" "Mozilla/5.0 (Windows NT 10.0; Win64; x64) Chrome/120.0"
192.168.1.2 - - [05/Apr/2026:17:39:05 +0530] "GET /api/users HTTP/1.1" 301 4494 "-" "Python/3.11"
192.0.2.2 - - [05/Apr/2026:17:40:31 +0530] "PUT /api/orders HTTP/1.1" 200 3714 "-" "Python/3.11"
10.0.0.1 - - [05/Apr/2026:17:41:57 +0530] "PUT /static/css/app.css HTTP/1.1" 301 2799 "-" "Mozilla/5.0 (Macintosh; Intel Mac OS X 10_15_7) Safari/537.36"
203.0.113.1 - - [05/Apr/2026:17:43:23 +0530] "GET /api/login HTTP/1.1" 200 4378 "-" "curl/7.68.0"
192.168.1.1 - - [05/Apr/2026:17:44:49 +0530] "GET /api/health HTTP/1.1" 200 4041 "-" "curl/7.68.0"
172.16.0.1 - - [05/Apr/2026:17:46:15 +0530] "GET /api/products HTTP/1.1" 200 3091 "-" "Mozilla/5.0 (Windows NT 10.0; Win64; x64) Chrome/120.0"
172.16.0.1 - - [05/Apr/2026:17:47:41 +0530] "GET /static/css/app.css HTTP/1.1" 200 4844 "-" "Googlebot/2.1"
203.0.113.1 - - [05/Apr/2026:17:49:07 +0530] "POST /api/login HTTP/1.1" 200 2170 "-" "Mozilla/5.0 (Windows NT 10.0; Win64; x64) Chrome/120.0"
172.16.0.2 - - [05/Apr/2026:17:50:33 +0530] "GET /api/cart HTTP/1.1" 200 795 "-" "Mozilla/5.0 (Macintosh; Intel Mac OS X 10_15_7) Safari/537.36"
172.16.0.2 - - [05/Apr/2026:17:51:59 +0530] "GET /api/users HTTP/1.1" 200 2350 "-" "Googlebot/2.1"
203.0.113.2 - - [05/Apr/2026:17:53:25 +0530] "POST /api/products HTTP/1.1" 200 2623 "-" "Python/3.11"
