192.168.1.2 - - [04/Apr/2026:18:23:46 +0530] "PUT /api/login HTTP/1.1" 200 148 "-" "Python/3.11"
192.0.2.1 - - [04/Apr/2026:18:25:12 +0530] "POST /static/js/bundle.js HTTP/1.1" 200 3433 "-" "Googlebot/2.1"
198.51.100.2 - - [04/Apr/2026:18:26:38 +0530] "DELETE /api/health HTTP/1.1" 404 3359 "-" "Mozilla/5.0 (Windows NT 10.0; Win64; x64) Chrome/120.0"
10.0.0.2 - - [04/Apr/2026:18:28:04 +0530] "PUT /api/orders HTTP/1.1" 401 919 "-" "Mozilla/5.0 (Windows NT 10.0; Win64; x64) Chrome/120.0"
198.51.100.2 - - [04/Apr/2026:18:29:30 +0530] "PUT /static/js/bundle.js HTTP/1.1" 200 2394 "-" "curl/7.68.0"
203.0.113.2 - - [04/Apr/2026:18:30:56 +0530] "GET /api/users HTTP/1.1" 401 3327 "-" "Python/3.11"
198.51.100.1 - - [04/Apr/2026:18:32:22 +0530] "GET /api/products HTTP/1.1" 200 3714 "-" "Python/3.11"
203.0.113.1 - - [04/Apr/2026:18:33:48 +0530] "POST /api/cart HTTP/1.1" 200 2235 "-" "curl/7.68.0"
203.0.113.1 - - [04/Apr/2026:18:35:14 +0530] "GET /static/js/bundle.js HTTP/1.1" 200 1728 "-" "Mozilla/5.0 (Macintosh; Intel Mac OS X 10_15_7) Safari/537.36"
172.16.0.2 - - [04/Apr/2026:18:36:40 +0530] "DELETE /api/users HTTP/1.1" 304 0 "-" "curl/7.68.0"
203.0.113.1 - - [04/Apr/2026:18:38:06 +0530] "GET /api/orders HTTP/1.1" 401 4806 "-" "curl/7.68.0"
192.168.1.1 - - [04/Apr/2026:18:39:32 +0530] "POST /api/products HTTP/1.1" 200 1810 "-" "Mozilla/5.0 (Windows NT 10.0; Win64; x64) Chrome/120.0"
192.168.1.2 - - [04/Apr/2026:18:40:58 +0530] "POST /static/js/bundle.js HTTP/1.1" 200 3279 "-" "Mozilla/5.0 (Windows NT 10.0; Win64; x64) Chrome/120.0"
198.51.100.2 - - [04/Apr/2026:18:42:24 +0530] "GET /api/orders HTTP/1.1" 200 570 "-" "Python/3.11"
198.51.100.1 - - [04/Apr/2026:18:43:50 +0530] "PUT /static/css/app.css HTTP/1.1" 200 2879 "-" "curl/7.68.0"
203.0.113.2 - - [04/Apr/2026:18:45:16 +0530] "GET /api/products HTTP/1.1" 200 1919 "-" "Mozilla/5.0 (Windows NT 10.0; Win64; x64) Chrome/120.0"
172.16.0.1 - - [04/Apr/2026:18:46:42 +0530] "GET /static/js/bundle.js HTTP/1.1" 301 2621 "-" "Python/3.11"
172.16.0.2 - - [04/Apr/2026:18:48:08 +0530] "PUT /static/css/app.css HTTP/1.1" 200 3265 "-" "Mozilla/5.0 (Windows NT 10.0; Win64; x64) Chrome/120.0"
192.168.1.2 - - [04/Apr/2026:18:49:34 +0530] "GET /api/checkout HTTP/1.1" 404 707 "-" "curl/7.68.0"
192.0.2.2 - - [04/Apr/2026:18:51:00 +0530] "PUT /api/products HTTP/1.1" 200 3893 "-" "Mozilla/5.0 (Windows NT 10.0; Win64; x64) Chrome/120.0"
172.16.0.1 - - [04/Apr/2026:18:52:26 +0530] "GET /api/orders HTTP/1.1" 400 4350 "-" "Googlebot/2.1"
203.0.113.1 - - [04/Apr/2026:18:53:52 +0530] "GET /api/users HTTP/1.1" 200 1216 "-" "Mozilla/5.0 (Windows NT 10.0; Win64; x64) Chrome/120.0"
203.0.113.2 - - [04/Apr/2026:18:55:18 +0530] "GET /api/users HTTP/1.1" 200 4418 "-" "Mozilla/5.0 (Macintosh; Intel Mac OS X 10_15_7) Safari/537.36"
198.51.100.1 - - [04/Apr/2026:18:56:44 +0530] "GET /static/css/app.css HTTP/1.1" 200 342 "-" "Googlebot/2.1"
192.0.2.2 - - [04/Apr/2026:18:58:10 +0530] "POST /favicon.ico HTTP/1.1" 200 915 "-" "Mozilla/5.0 (Windows NT 10.0; Win64; x64) Chrome/120.0"
198.51.100.1 - - [04/Apr/2026:18:59:36 +0530] "GET /static/css/app.css HTTP/1.1" 200 2140 "-" "Googlebot/2.1"
192.168.1.1 - - [04/Apr/2026:19:01:02 +0530] "GET /static/js/bundle.js HTTP/1.1" 400 3428 "-" "Mozilla/5.0 (Macintosh; Intel Mac OS X 10_15_7) Safari/537.36"
198.51.100.1 - - [04/Apr/2026:19:02:28 +0530] "GET /static/js/bundle.js HTTP/1.1" 200 3768 "-" "curl/7.68.0"
198.51.100.1 - - [04/Apr/2026:19:03:54 +0530] "GET /api/login HTTP/1.1" 200 1918 "-" "Googlebot/2.1"
192.0.2.2 - - [04/Apr/2026:19:05:20 +0530] "GET /api/products HTTP/1.1" 200 3175 "-" "Python/3.11"
203.0.113.2 - - [04/Apr/2026:19:06:46 +0530] "POST /static/css/app.css HTTP/1.1" 200 1041 "-" "Python/3.11"
10.0.0.2 - - [04/Apr/2026:19:08:12 +0530] "POST /api/users HTTP/1.1" 401 4017 "-" "Python/3.11"
198.51.100.1 - - [04/Apr/2026:19:09:38 +0530] "GET /static/js/bundle.js HTTP/1.1" 200 1466 "-" "Mozilla/5.0 (Macintosh; Intel Mac OS X 10_15_7) Safari/537.36"
10.0.0.2 - - [04/Apr/2026:19:11:04 +0530] "GET /api/login HTTP/1.1" 200 2677 "-" "Googlebot/2.1"
198.51.100.1 - - [04/Apr/2026:19:12:30 +0530] "PUT /api/orders HTTP/1.1" 200 1821 "-" "Mozilla/5.0 (Windows NT 10.0; Win64; x64) Chrome/120.0"
192.168.1.1 - - [04/Apr/2026:19:13:56 +0530] "GET /api/cart HTTP/1.1" 200 3357 "-" "Python/3.11"
198.51.100.2 - - [04/Apr/2026:19:15:22 +0530] "GET /static/css/app.css HTTP/1.1" 200 2735 "-" "Mozilla/5.0 (Macintosh; Intel Mac OS X 10_15_7) Safari/537.36"
198.51.100.1 - - [04/Apr/2026:19:16:48 +0530] "GET /api/users HTTP/1.1" 200 3537 "-" "Python/3.11"
203.0.113.2 - - [04/Apr/2026:19:18:14 +0530] "GET /static/js/bundle.js HTTP/1.1" 200 3108 "-" "Googlebot/2.1"
198.51.100.1 - - [04/Apr/2026:19:19:40 +0530] "PUT /api/users HTTP/1.1" 403 1875 "-" "Mozilla/5.0 (Macintosh; Intel Mac OS X 10_15_7) Safari/537.36"
192.0.2.1 - - [04/Apr/2026:19:21:06 +0530] "POST /api/users HTTP/1.1" 200 4529 "-" "Python/3.11"
198.51.100.2 - - [04/Apr/2026:19:22:32 +0530] "GET /api/checkout HTTP/1.1" 200 4071 "-" "Mozilla/5.0 (Windows NT 10.0; Win64; x64) Chrome/120.0"
192.0.2.2 - - [04/Apr/2026:19:23:58 +0530] "GET /static/css/app.css HTTP/1.1" 304 0 "-" "Googlebot/2.1"
172.16.0.1 - - [04/Apr/2026:19:25:24 +0530] "PUT /api/products HTTP/1.1" 301 4653 "-" "Python/3.11"
172.16.0.2 - - [04/Apr/2026:19:26:50 +0530] "POST /api/orders HTTP/1.1" 200 2318 "-" "curl/7.68.0"
192.168.1.1 - - [04/Apr/2026:19:28:16 +0530] "PUT /api/orders HTTP/1.1" 200 2750 "-" "Googlebot/2.1"
192.0.2.1 - - [04/Apr/2026:19:29:42 +0530] "POST /api/cart HTTP/1.1" 404 612 "-" "Python/3.11"
192.0.2.2 - - [04/Apr/2026:19:31:08 +0530] "GET /api/health HTTP/1.1" 200 4504 "-" "curl/7.68.0"
172.16.0.1 - - [04/Apr/2026:19:32:34 +0530] "POST /api/products HTTP/1.1" 304 0 "-" "Mozilla/5.0 (Macintosh; Intel Mac OS X 10_15_7) Safari/537.36"
198.51.100.1 - - [04/Apr/2026:19:34:00 +0530] "PUT /api/checkout HTTP/1.1" 200 4634 "-" "Googlebot/2.1"
192.168.1.2 - - [04/Apr/2026:19:35:26 +0530] "GET /api/cart HTTP/1.1" 301 366 "-" "curl/7.68.0"
172.16.0.1 - - [04/Apr/2026:19:36:52 +0530] "GET /api/products HTTP/1.1" 200 144 "-" "Mozilla/5.0 (Macintosh; Intel Mac OS X 10_15_7) Safari/537.36"
198.51.100.2 - - [04/Apr/2026:19:38:18 +0530] "PUT /api/cart HTTP/1.1" 400 968 "-" "Python/3.11"
198.51.100.2 - - [04/Apr/2026:19:39:44 +0530] "POST /api/health HTTP/1.1" 200 2521 "-" "Mozilla/5.0 (Macintosh; Intel Mac OS X 10_15_7) Safari/537.36"
192.168.1.1 - - [04/Apr/2026:19:41:10 +0530] "GET /static/js/bundle.js HTTP/1.1" 200 380 "-" "Mozilla/5.0 (Windows NT 10.0; Win64; x64) Chrome/120.0"
192.168.1.1 - - [04/Apr/2026:19:42:36 +0530] "GET /api/checkout HTTP/1.1" 200 4125 "-" "Mozilla/5.0 (Windows NT 10.0; Win64; x64) Chrome/120.0"
10.0.0.2 - - [04/Apr/2026:19:44:02 +0530] "POST /api/products HTTP/1.1" 200 2660 "-" "Mozilla/5.0 (Windows NT 10.0; Win64; x64) Chrome/120.0"
172.16.0.1 - - [04/Apr/2026:19:45:28 +0530] "POST /api/cart HTTP/1.1" 301 147 "-" "Googlebot/2.1"
192.168.1.2 - - [04/Apr/2026:19:46:54 +0530] "PUT /api/health HTTP/1.1" 200 4604 "-" "Mozilla/5.0 (Windows NT 10.0; Win64; x64) Chrome/120.0"
172.16.0.2 - - [04/Apr/2026:19:48:20 +0530] "GET /static/js/bundle.js HTTP/1.1" 401 3895 "-" "Mozilla/5.0 (Windows NT 10.0; Win64; x64) Chrome/120.0"
172.16.0.2 - - [04/Apr/2026:19:49:46 +0530] "POST /api/checkout HTTP/1.1" 200 1355 "-" "curl/7.68.0"
10.0.0.2 - - [04/Apr/2026:19:51:12 +0530] "GET /static/js/bundle.js HTTP/1.1" 200 4471 "-" "curl/7.68.0"
172.16.0.2 - - [04/Apr/2026:19:52:38 +0530] "POST /api/orders HTTP/1.1" 400 1710 "-" "Mozilla/5.0 (Windows NT 10.0; Win64; x64) Chrome/120.0"
192.168.1.2 - - [04/Apr/2026:19:54:04 +0530] "POST /api/users HTTP/1.1" 200 4814 "-" "Googlebot/2.1"
192.0.2.1 - - [04/Apr/2026:19:55:30 +0530] "GET /api/users HTTP/1.1" 200 3429 "-" "Python/3.11"
10.0.0.1 - - [04/Apr/2026:19:56:56 +0530] "GET /api/users HTTP/1.1" 304 0 "-" "Googlebot/2.1"
10.0.0.1 - - [04/Apr/2026:19:58:22 +0530] "GET /api/login HTTP/1.1" 200 2533 "-" "Mozilla/5.0 (Windows NT 10.0; Win64; x64) Chrome/120.0"
10.0.0.2 - - [04/Apr/2026:19:59:48 +0530] "POST /api/orders HTTP/1.1" 304 0 "-" "Mozilla/5.0 (Macintosh; Intel Mac OS X 10_15_7) Safari/537.36"
192.0.2.2 - - [04/Apr/2026:20:01:14 +0530] "POST /static/js/bundle.js HTTP/1.1" 301 433 "-" "Mozilla/5.0 (Windows NT 10.0; Win64; x64) Chrome/120.0"
172.16.0.1 - - [04/Apr/2026:20:02:40 +0530] "GET /api/login HTTP/1.1" 500 166 "-" "Python/3.11"
203.0.113.1 - - [04/Apr/2026:20:04:06 +0530] "GET /api/login HTTP/1.1" 200 4570 "-" "curl/7.68.0"
203.0.113.2 - - [04/Apr/2026:20:05:32 +0530] "GET /favicon.ico HTTP/1.1" 200 944 "-" "curl/7.68.0"
172.16.0.1 - - [04/Apr/2026:20:06:58 +0530] "GET /api/orders HTTP/1.1" 200 2751 "-" "curl/7.68.0"
192.168.1.1 - - [04/Apr/2026:20:08:24 +0530] "GET /api/orders HTTP/1.1" 200 4736 "-" "Googlebot/2.1"
192.0.2.2 - - [04/Apr/2026:20:09:50 +0530] "PUT /static/css/app.css HTTP/1.1" 200 171 "-" "curl/7.68.0"
198.51.100.2 - - [04/Apr/2026:20:11:16 +0530] "GET /api/checkout HTTP/1.1" 200 3074 "-" "Python/3.11"
192.168.1.2 - - [04/Apr/2026:20:12:42 +0530] "DELETE /api/products HTTP/1.1" 200 3340 "-" "Mozilla/5.0 (Macintosh; Intel Mac OS X 10_15_7) Safari/537.36"
172.16.0.2 - - [04/Apr/2026:20:14:08 +0530] "GET /api/orders HTTP/1.1" 400 4277 "-" "Mozilla/5.0 (Windows NT 10.0; Win64; x64) Chrome/120.0"
192.168.1.1 - - [04/Apr/2026:20:15:34 +0530] "POST /api/checkout HTTP/1.1" 404 1932 "-" "Python/3.11"
192.168.1.2 - - [04/Apr/2026:20:17:00 +0530] "GET /api/users HTTP/1.1" 200 4562 "-" "Googlebot/2.1"
203.0.113.1 - - [04/Apr/2026:20:18:26 +0530] "GET /api/login HTTP/1.1" 200 1606 "-" "Mozilla/5.0 (Windows NT 10.0; Win64; x64) Chrome/120.0"
192.168.1.2 - - [04/Apr/2026:20:19:52 +0530] "GET /api/health HTTP/1.1" 200 3109 "-" "Mozilla/5.0 (Macintosh; Intel Mac OS X 10_15_7) Safari/537.36"
198.51.100.1 - - [04/Apr/2026:20:21:18 +0530] "GET /api/health HTTP/1.1" 200 4766 "-" "Googlebot/2.1"
10.0.0.2 - - [04/Apr/2026:20:22:44 +0530] "DELETE /api/health HTTP/1.1" 200 3788 "-" "Mozilla/5.0 (Macintosh; Intel Mac OS X 10_15_7) Safari/537.36"
10.0.0.2 - - [04/Apr/2026:20:24:10 +0530] "GET /api/login HTTP/1.1" 200 2331 "-" "Mozilla/5.0 (Macintosh; Intel Mac OS X 10_15_7) Safari/537.36"
10.0.0.2 - - [04/Apr/2026:20:25:36 +0530] "POST /api/login HTTP/1.1" 200 716 "-" "Mozilla/5.0 (Macintosh; Intel Mac OS X 10_15_7) Safari/537.36"
192.0.2.1 - - [04/Apr/2026:20:27:02 +0530] "GET /api/checkout HTTP/1.1" 404 4489 "-" "Mozilla/5.0 (Macintosh; Intel Mac OS X 10_15_7) Safari/537.36"
10.0.0.2 - - [04/Apr/2026:20:28:28 +0530] "GET /api/orders HTTP/1.1" 200 880 "-" "curl/7.68.0"
203.0.113.1 - - [04/Apr/2026:20:29:54 +0530] "GET /api/checkout HTTP/1.1" 200 1745 "-" "Googlebot/2.1"
10.0.0.1 - - [04/Apr/2026:20:31:20 +0530] "GET /api/cart HTTP/1.1" 200 3167 "-" "Python/3.11"
172.16.0.1 - - [04/Apr/2026:20:32:46 +0530] "POST /favicon.ico HTTP/1.1" 200 3952 "-" "Mozilla/5.0 (Macintosh; Intel Mac OS X 10_15_7) Safari/537.36"
192.168.1.2 - - [04/Apr/2026:20:34:12 +0530] "GET /api/orders HTTP/1.1" 200 2473 "-" "Python/3.11"
192.0.2.2 - - [04/Apr/2026:20:35:38 +0530] "GET /api/login HTTP/1.1" 304 0 "-" "Googlebot/2.1"
172.16.0.2 - - [04/Apr/2026:20:37:04 +0530] "GET /api/users HTTP/1.1" 200 1658 "-" "curl/7.68.0"
172.16.0.2 - - [04/Apr/2026:20:38:30 +0530] "PUT /static/js/bundle.js HTTP/1.1" 301 1641 "-" "Mozilla/5.0 (Windows NT 10.0; Win64; x64) Chrome/120.0"
192.168.1.2 - - [04/Apr/2026:20:39:56 +0530] "POST /api/cart HTTP/1.1" 200 3042 "-" "Mozilla/5.0 (Macintosh; Intel Mac OS X 10_15_7) Safari/537.36"
192.168.1.1 - - [04/Apr/2026:20:41:22 +0530] "GET /api/checkout HTTP/1.1" 200 564 "-" "curl/7.68.0"
192.0.2.1 - - [04/Apr/2026:20:42:48 +0530] "GET /api/orders HTTP/1.1" 200 2333 "-" "Mozilla/5.0 (Windows NT 10.0; Win64; x64) Chrome/120.0"
198.51.100.2 - - [04/Apr/2026:20:44:14 +0530] "GET /api/login HTTP/1.1" 200 351 "-" "Mozilla/5.0 (Windows NT 10.0; Win64; x64) Chrome/120.0"
172.16.0.2 - - [04/Apr/2026:20:45:40 +0530] "GET /api/health HTTP/1.1" 200 1012 "-" "curl/7.68.0"
198.51.100.2 - - [04/Apr/2026:20:47:06 +0530] "POST /api/users HTTP/1.1" 200 949 "-" "curl/7.68.0"
192.168.1.2 - - [04/Apr/2026:20:48:32 +0530] "PUT /api/login HTTP/1.1" 200 4664 "-" "Python/3.11"
198.51.100.1 - - [04/Apr/2026:20:49:58 +0530] "DELETE /api/users HTTP/1.1" 200 2579 "-" "curl/7.68.0"
172.16.0.1 - - [04/Apr/2026:20:51:24 +0530] "GET /static/css/app.css HTTP/1.1" 401 4994 "-" "Mozilla/5.0 (Macintosh; Intel Mac OS X 10_15_7) Safari/537.36"
10.0.0.2 - - [04/Apr/2026:20:52:50 +0530] "GET /favicon.ico HTTP/1.1" 200 1998 "-" "Googlebot/2.1"
192.0.2.1 - - [04/Apr/2026:20:54:16 +0530] "POST /api/health HTTP/1.1" 200 2612 "-" "Googlebot/2.1"
198.51.100.2 - - [04/Apr/2026:20:55:42 +0530] "DELETE /api/users HTTP/1.1" 200 3514 "-" "Mozilla/5.0 (Windows NT 10.0; Win64; x64) Chrome/120.0"
10.0.0.1 - - [04/Apr/2026:20:57:08 +0530] "POST /api/products HTTP/1.1" 200 1157 "-" "Mozilla/5.0 (Windows NT 10.0; Win64; x64) Chrome/120.0"
203.0.113.1 - - [04/Apr/2026:20:58:34 +0530] "GET /static/js/bundle.js HTTP/1.1" 304 0 "-" "Mozilla/5.0 (Macintosh; Intel Mac OS X 10_15_7) Safari/537.36"
10.0.0.2 - - [04/Apr/2026:21:00:00 +0530] "GET /api/checkout HTTP/1.1" 401 1696 "-" "Python/3.11"
10.0.0.1 - - [04/Apr/2026:21:01:26 +0530] "PUT /static/js/bundle.js HTTP/1.1" 200 1543 "-" "Mozilla/5.0 (Macintosh; Intel Mac OS X 10_15_7) Safari/537.36"
172.16.0.2 - - [04/Apr/2026:21:02:52 +0530] "GET /api/checkout HTTP/1.1" 200 368 "-" "Python/3.11"
198.51.100.2 - - [04/Apr/2026:21:04:18 +0530] "GET /api/health HTTP/1.1" 200 2374 "-" "Googlebot/2.1"
172.16.0.1 - - [04/Apr/2026:21:05:44 +0530] "GET /static/js/bundle.js HTTP/1.1" 200 1806 "-" "Mozilla/5.0 (Windows NT 10.0; Win64; x64) Chrome/120.0"
10.0.0.2 - - [04/Apr/2026:21:07:10 +0530] "GET /favicon.ico HTTP/1.1" 401 4630 "-" "Mozilla/5.0 (Windows NT 10.0; Win64; x64) Chrome/120.0"
172.16.0.2 - - [04/Apr/2026:21:08:36 +0530] "PUT /api/checkout HTTP/1.1" 200 2032 "-" "Python/3.11"
192.0.2.1 - - [04/Apr/2026:21:10:02 +0530] "GET /api/health HTTP/1.1" 404 2946 "-" "Mozilla/5.0 (Windows NT 10.0; Win64; x64) Chrome/120.0"
198.51.100.1 - - [04/Apr/2026:21:11:28 +0530] "GET /api/login HTTP/1.1" 401 3510 "-" "curl/7.68.0"
10.0.0.1 - - [04/Apr/2026:21:12:54 +0530] "GET /favicon.ico HTTP/1.1" 200 1524 "-" "curl/7.68.0"
192.168.1.2 - - [04/Apr/2026:21:14:20 +0530] "GET /api/cart HTTP/1.1" 301 4277 "-" "Python/3.11"
192.0.2.2 - - [04/Apr/2026:21:15:46 +0530] "GET /static/css/app.css HTTP/1.1" 200 285 "-" "Googlebot/2.1"
203.0.113.2 - - [04/Apr/2026:21:17:12 +0530] "PUT /favicon.ico HTTP/1.1" 200 274 "-" "Mozilla/5.0 (Windows NT 10.0; Win64; x64) Chrome/120.0"
172.16.0.1 - - [04/Apr/2026:21:18:38 +0530] "GET /static/js/bundle.js HTTP/1.1" 404 953 "-" "curl/7.68.0"
192.168.1.2 - - [04/Apr/2026:21:20:04 +0530] "POST /api/health HTTP/1.1" 200 621 "-" "curl/7.68.0"
192.0.2.1 - - [04/Apr/2026:21:21:30 +0530] "POST /api/cart HTTP/1.1" 200 1677 "-" "Mozilla/5.0 (Windows NT 10.0; Win64; x64) Chrome/120.0"
10.0.0.2 - - [04/Apr/2026:21:22:56 +0530] "POST /api/health HTTP/1.1" 200 1967 "-" "Mozilla/5.0 (Windows NT 10.0; Win64; x64) Chrome/120.0"
172.16.0.1 - - [04/Apr/2026:21:24:22 +0530] "POST /static/js/bundle.js HTTP/1.1" 400 200 "-" "Python/3.11"
172.16.0.2 - - [04/Apr/2026:21:25:48 +0530] "GET /static/css/app.css HTTP/1.1" 200 874 "-" "Mozilla/5.0 (Macintosh; Intel Mac OS X 10_15_7) Safari/537.36"
192.168.1.2 - - [04/Apr/2026:21:27:14 +0530] "GET /static/css/app.css HTTP/1.1" 400 4508 "-" "Mozilla/5.0 (Macintosh; Intel Mac OS X 10_15_7) Safari/537.36"
198.51.100.1 - - [04/Apr/2026:21:28:40 +0530] "GET /api/orders HTTP/1.1" 301 875 "-" "Python/3.11"
192.0.2.2 - - [04/Apr/2026:21:30:06 +0530] "GET /static/css/app.css HTTP/1.1" 200 202 "-" "Mozilla/5.0 (Macintosh; Intel Mac OS X 10_15_7) Safari/537.36"
203.0.113.2 - - [04/Apr/2026:21:31:32 +0530] "GET /api/login HTTP/1.1" 500 4192 "-" "curl/7.68.0"
192.168.1.1 - - [04/Apr/2026:21:32:58 +0530] "POST /api/cart HTTP/1.1" 200 2871 "-" "Googlebot/2.1"
203.0.113.1 - - [04/Apr/2026:21:34:24 +0530] "GET /api/login HTTP/1.1" 200 3865 "-" "Python/3.11"
192.168.1.2 - - [04/Apr/2026:21:35:50 +0530] "GET /api/orders HTTP/1.1" 200 4177 "-" "Googlebot/2.1"
203.0.113.1 - - [04/Apr/2026:21:37:16 +0530] "POST /api/products HTTP/1.1" 200 618 "-" "curl/7.68.0"
203.0.113.2 - - [04/Apr/2026:21:38:42 +0530] "PUT /api/login HTTP/1.1" 500 593 "-" "curl/7.68.0"
203.0.113.2 - - [04/Apr/2026:21:40:08 +0530] "PUT /api/login HTTP/1.1" 400 2946 "-" "Mozilla/5.0 (Windows NT 10.0; Win64; x64) Chrome/120.0"
192.168.1.1 - - [04/Apr/2026:21:41:34 +0530] "GET /api/checkout HTTP/1.1" 200 632 "-" "curl/7.68.0"
192.168.1.1 - - [04/Apr/2026:21:43:00 +0530] "POST /api/products HTTP/1.1" 400 1131 "-" "Googlebot/2.1"
198.51.100.1 - - [04/Apr/2026:21:44:26 +0530] "GET /static/js/bundle.js HTTP/1.1" 200 1101 "-" "Googlebot/2.1"
10.0.0.1 - - [04/Apr/2026:21:45:52 +0530] "POST /api/checkout HTTP/1.1" 200 4043 "-" "Googlebot/2.1"
203.0.113.2 - - [04/Apr/2026:21:47:18 +0530] "GET /static/css/app.css HTTP/1.1" 200 4154 "-" "curl/7.68.0"
172.16.0.1 - - [04/Apr/2026:21:48:44 +0530] "GET /api/checkout HTTP/1.1" 200 1545 "-" "Python/3.11"
198.51.100.2 - - [04/Apr/2026:21:50:10 +0530] "GET /api/products HTTP/1.1" 200 1194 "-" "Mozilla/5.0 (Macintosh; Intel Mac OS X 10_15_7) Safari/537.36"
203.0.113.2 - - [04/Apr/2026:21:51:36 +0530] "DELETE /api/products HTTP/1.1" 301 882 "-" "curl/7.68.0"
172.16.0.2 - - [04/Apr/2026:21:53:02 +0530] "GET /api/users HTTP/1.1" 401 4409 "-" "Mozilla/5.0 (Windows NT 10.0; Win64; x64) Chrome/120.0"
172.16.0.2 - - [04/Apr/2026:21:54:28 +0530] "PUT /api/cart HTTP/1.1" 200 495 "-" "Googlebot/2.1"
10.0.0.1 - - [04/Apr/2026:21:55:54 +0530] "GET /favicon.ico HTTP/1.1" 200 3389 "-" "curl/7.68.0"
10.0.0.1 - - [04/Apr/2026:21:57:20 +0530] "GET /api/products HTTP/1.1" 200 4178 "-" "curl/7.68.0"
172.16.0.2 - - [04/Apr/2026:21:58:46 +0530] "POST /api/products HTTP/1.1" 200 1081 "-" "Googlebot/2.1"
172.16.0.2 - - [04/Apr/2026:22:00:12 +0530] "GET /static/js/bundle.js HTTP/1.1" 304 0 "-" "curl/7.68.0"
192.0.2.2 - - [04/Apr/2026:22:01:38 +0530] "DELETE /api/orders HTTP/1.1" 200 2772 "-" "Mozilla/5.0 (Windows NT 10.0; Win64; x64) Chrome/120.0"
192.0.2.1 - - [04/Apr/2026:22:03:04 +0530] "PUT /api/users HTTP/1.1" 301 2008 "-" "Googlebot/2.1"
192.0.2.1 - - [04/Apr/2026:22:04:30 +0530] "GET /api/login HTTP/1.1" 200 142 "-" "Mozilla/5.0 (Windows NT 10.0; Win64; x64) Chrome/120.0"
10.0.0.1 - - [04/Apr/2026:22:05:56 +0530] "GET /api/cart HTTP/1.1" 401 478 "-" "Python/3.11"
10.0.0.1 - - [04/Apr/2026:22:07:22 +0530] "GET /api/cart HTTP/1.1" 404 101 "-" "Mozilla/5.0 (Windows NT 10.0; Win64; x64) Chrome/120.0"
203.0.113.2 - - [04/Apr/2026:22:08:48 +0530] "GET /static/css/app.css HTTP/1.1" 200 1728 "-" "Googlebot/2.1"
198.51.100.1 - - [04/Apr/2026:22:10:14 +0530] "POST /static/css/app.css HTTP/1.1" 200 4193 "-" "Mozilla/5.0 (Windows NT 10.0; Win64; x64) Chrome/120.0"
10.0.0.1 - - [04/Apr/2026:22:11:40 +0530] "GET /api/products HTTP/1.1" 200 2629 "-" "Mozilla/5.0 (Macintosh; Intel Mac OS X 10_15_7) Safari/537.36"
172.16.0.2 - - [04/Apr/2026:22:13:06 +0530] "POST /api/cart HTTP/1.1" 200 4411 "-" "Googlebot/2.1"
203.0.113.2 - - [04/Apr/2026:22:14:32 +0530] "POST /api/users HTTP/1.1" 200 3693 "-" "Mozilla/5.0 (Windows NT 10.0; Win64; x64) Chrome/120.0"
172.16.0.1 - - [04/Apr/2026:22:15:58 +0530] "PUT /api/products HTTP/1.1" 200 408 "-" "Mozilla/5.0 (Windows NT 10.0; Win64; x64) Chrome/120.0"
203.0.113.1 - - [04/Apr/2026:22:17:24 +0530] "DELETE /api/products HTTP/1.1" 200 1180 "-" "curl/7.68.0"
203.0.113.2 - - [04/Apr/2026:22:18:50 +0530] "DELETE /static/js/bundle.js HTTP/1.1" 200 3847 "-" "Python/3.11"
203.0.113.1 - - [04/Apr/2026:22:20:16 +0530] "GET /api/products HTTP/1.1" 200 2959 "-" "Googlebot/2.1"
203.0.113.1 - - [04/Apr/2026:22:21:42 +0530] "DELETE /api/users HTTP/1.1" 404 2106 "-" "Mozilla/5.0 (Windows NT 10.0; Win64; x64) Chrome/120.0"
192.168.1.1 - - [04/Apr/2026:22:23:08 +0530] "GET /api/users HTTP/1.1" 200 3413 "-" "Python/3.11"
198.51.100.1 - - [04/Apr/2026:22:24:34 +0530] "GET /static/css/app.css HTTP/1.1" 200 3466 "-" "Mozilla/5.0 (Windows NT 10.0; Win64; x64) Chrome/120.0"
192.0.2.1 - - [04/Apr/2026:22:26:00 +0530] "GET /static/css/app.css HTTP/1.1" 200 3008 "-" "Mozilla/5.0 (Windows NT 10.0; Win64; x64) Chrome/120.0"
10.0.0.2 - - [04/Apr/2026:22:27:26 +0530] "GET /api/health HTTP/1.1" 200 4885 "-" "Mozilla/5.0 (Macintosh; Intel Mac OS X 10_15_7) Safari/537.36"
172.16.0.2 - - [04/Apr/2026:22:28:52 +0530] "GET /static/js/bundle.js HTTP/1.1" 200 1224 "-" "curl/7.68.0"
198.51.100.1 - - [04/Apr/2026:22:30:18 +0530] "GET /favicon.ico HTTP/1.1" 200 3719 "-" "curl/7.68.0"
192.0.2.2 - - [04/Apr/2026:22:31:44 +0530] "DELETE /static/js/bundle.js HTTP/1.1" 200 4733 "-" "Googlebot/2.1"
10.0.0.1 - - [04/Apr/2026:22:33:10 +0530] "GET /api/users HTTP/1.1" 200 738 "-" "Mozilla/5.0 (Windows NT 10.0; Win64; x64) Chrome/120.0"
192.168.1.2 - - [04/Apr/2026:22:34:36 +0530] "GET /api/users HTTP/1.1" 200 3632 "-" "Mozilla/5.0 (Macintosh; Intel Mac OS X 10_15_7) Safari/537.36"
172.16.0.1 - - [04/Apr/2026:22:36:02 +0530] "GET /api/checkout HTTP/1.1" 200 2401 "-" "Googlebot/2.1"
10.0.0.1 - - [04/Apr/2026:22:37:28 +0530] "GET /favicon.ico HTTP/1.1" 200 2164 "-" "curl/7.68.0"
172.16.0.1 - - [04/Apr/2026:22:38:54 +0530] "GET /api/login HTTP/1.1" 200 1192 "-" "Mozilla/5.0 (Windows NT 10.0; Win64; x64) Chrome/120.0"
203.0.113.2 - - [04/Apr/2026:22:40:20 +0530] "POST /api/products HTTP/1.1" 403 870 "-" "Googlebot/2.1"
203.0.113.1 - - [04/Apr/2026:22:41:46 +0530] "DELETE /static/css/app.css HTTP/1.1" 200 619 "-" "Mozilla/5.0 (Windows NT 10.0; Win64; x64) Chrome/120.0"
198.51.100.2 - - [04/Apr/2026:22:43:12 +0530] "POST /api/checkout HTTP/1.1" 301 803 "-" "Googlebot/2.1"
203.0.113.1 - - [04/Apr/2026:22:44:38 +0530] "POST /favicon.ico HTTP/1.1" 200 4085 "-" "curl/7.68.0"
192.0.2.2 - - [04/Apr/2026:22:46:04 +0530] "GET /api/checkout HTTP/1.1" 200 3833 "-" "Mozilla/5.0 (Macintosh; Intel Mac OS X 10_15_7) Safari/537.36"
198.51.100.1 - - [04/Apr/2026:22:47:30 +0530] "GET /favicon.ico HTTP/1.1" 200 3387 "-" "Mozilla/5.0 (Windows NT 10.0; Win64; x64) Chrome/120.0"
203.0.113.2 - - [04/Apr/2026:22:48:56 +0530] "GET /static/js/bundle.js HTTP/1.1" 301 3371 "-" "curl/7.68.0"
192.0.2.1 - - [04/Apr/2026:22:50:22 +0530] "GET /static/css/app.css HTTP/1.1" 200 2862 "-" "Mozilla/5.0 (Windows NT 10.0; Win64; x64) Chrome/120.0"
172.16.0.1 - - [04/Apr/2026:22:51:48 +0530] "GET /static/js/bundle.js HTTP/1.1" 200 2485 "-" "Python/3.11"
192.0.2.1 - - [04/Apr/2026:22:53:14 +0530] "POST /api/health HTTP/1.1" 404 3027 "-" "Mozilla/5.0 (Windows NT 10.0; Win64; x64) Chrome/120.0"
198.51.100.1 - - [04/Apr/2026:22:54:40 +0530] "GET /static/css/app.css HTTP/1.1" 200 2781 "-" "curl/7.68.0"
192.168.1.1 - - [04/Apr/2026:22:56:06 +0530] "POST /api/products HTTP/1.1" 200 3121 "-" "Mozilla/5.0 (Macintosh; Intel Mac OS X 10_15_7) Safari/537.36"
10.0.0.2 - - [04/Apr/2026:22:57:32 +0530] "GET /api/login HTTP/1.1" 304 0 "-" "Googlebot/2.1"
172.16.0.1 - - [04/Apr/2026:22:58:58 +0530] "GET /favicon.ico HTTP/1.1" 404 1660 "-" "curl/7.68.0"
192.168.1.1 - - [04/Apr/2026:23:00:24 +0530] "POST /api/login HTTP/1.1" 403 1422 "-" "Python/3.11"
198.51.100.2 - - [04/Apr/2026:23:01:50 +0530] "GET /api/users HTTP/1.1" 200 2510 "-" "curl/7.68.0"
192.0.2.2 - - [04/Apr/2026:23:03:16 +0530] "POST /api/checkout HTTP/1.1" 200 3564 "-" "Mozilla/5.0 (Macintosh; Intel Mac OS X 10_15_7) Safari/537.36"
172.16.0.1 - - [04/Apr/2026:23:04:42 +0530] "POST /static/css/app.css HTTP/1.1" 200 3751 "-" "Mozilla/5.0 (Macintosh; Intel Mac OS X 10_15_7) Safari/537.36"
203.0.113.1 - - [04/Apr/2026:23:06:08 +0530] "PUT /api/orders HTTP/1.1" 200 1339 "-" "Mozilla/5.0 (Macintosh; Intel Mac OS X 10_15_7) Safari/537.36"
192.0.2.2 - - [04/Apr/2026:23:07:34 +0530] "GET /api/orders HTTP/1.1" 200 2949 "-" "Mozilla/5.0 (Windows NT 10.0; Win64; x64) Chrome/120.0"
198.51.100.2 - - [04/Apr/2026:23:09:00 +0530] "POST /api/orders HTTP/1.1" 200 3340 "-" "Mozilla/5.0 (Macintosh; Intel Mac OS X 10_15_7) Safari/537.36"
10.0.0.2 - - [04/Apr/2026:23:10:26 +0530] "PUT /favicon.ico HTTP/1.1" 200 764 "-" "curl/7.68.0"
192.168.1.1 - - [04/Apr/2026:23:11:52 +0530] "GET /api/checkout HTTP/1.1" 200 2637 "-" "Mozilla/5.0 (Macintosh; Intel Mac OS X 10_15_7) Safari/537.36"
192.168.1.1 - - [04/Apr/2026:23:13:18 +0530] "PUT /api/health HTTP/1.1" 200 3487 "-" "Mozilla/5.0 (Macintosh; Intel Mac OS X 10_15_7) Safari/537.36"
203.0.113.2 - - [04/Apr/2026:23:14:44 +0530] "POST /api/cart HTTP/1.1" 200 1060 "-" "Mozilla/5.0 (Windows NT 10.0; Win64; x64) Chrome/120.0"
192.168.1.2 - - [04/Apr/2026:23:16:10 +0530] "PUT /api/users HTTP/1.1" 200 239 "-" "Googlebot/2.1"
10.0.0.2 - - [04/Apr/2026:23:17:36 +0530] "GET /api/orders HTTP/1.1" 200 2873 "-" "Python/3.11"
192.168.1.2 - - [04/Apr/2026:23:19:02 +0530] "GET /api/health HTTP/1.1" 301 1264 "-" "Googlebot/2.1"
172.16.0.1 - - [04/Apr/2026:23:20:28 +0530] "GET /favicon.ico HTTP/1.1" 200 4923 "-" "Googlebot/2.1"
198.51.100.2 - - [04/Apr/2026:23:21:54 +0530] "GET /api/checkout HTTP/1.1" 400 4681 "-" "curl/7.68.0"
198.51.100.1 - - [04/Apr/2026:23:23:20 +0530] "PUT /api/products HTTP/1.1" 200 893 "-" "Python/3.11"
192.168.1.2 - - [04/Apr/2026:23:24:46 +0530] "GET /favicon.ico HTTP/1.1" 200 160 "-" "Googlebot/2.1"
172.16.0.1 - - [04/Apr/2026:23:26:12 +0530] "GET /api/cart HTTP/1.1" 200 1618 "-" "Googlebot/2.1"
198.51.100.1 - - [04/Apr/2026:23:27:38 +0530] "GET /api/cart HTTP/1.1" 200 3285 "-" "Python/3.11"
172.16.0.2 - - [04/Apr/2026:23:29:04 +0530] "GET /api/login HTTP/1.1" 200 114 "-" "Googlebot/2.1"
192.0.2.2 - - [04/Apr/2026:23:30:30 +0530] "DELETE /api/login HTTP/1.1" 200 1016 "-" "curl/7.68.0"
198.51.100.1 - - [04/Apr/2026:23:31:56 +0530] "POST /api/health HTTP/1.1" 200 2766 "-" "Mozilla/5.0 (Macintosh; Intel Mac OS X 10_15_7) Safari/537.36"
203.0.113.1 - - [04/Apr/2026:23:33:22 +0530] "POST /api/login HTTP/1.1" 200 1027 "-" "Mozilla/5.0 (Windows NT 10.0; Win64; x64) Chrome/120.0"
10.0.0.1 - - [04/Apr/2026:23:34:48 +0530] "GET /api/orders HTTP/1.1" 404 4950 "-" "Mozilla/5.0 (Macintosh; Intel Mac OS X 10_15_7) Safari/537.36"
192.0.2.1 - - [04/Apr/2026:23:36:14 +0530] "GET /api/cart HTTP/1.1" 200 4329 "-" "Mozilla/5.0 (Windows NT 10.0; Win64; x64) Chrome/120.0"
192.168.1.2 - - [04/Apr/2026:23:37:40 +0530] "GET /favicon.ico HTTP/1.1" 200 3609 "-" "Mozilla/5.0 (Windows NT 10.0; Win64; x64) Chrome/120.0"
10.0.0.2 - - [04/Apr/2026:23:39:06 +0530] "GET /static/js/bundle.js HTTP/1.1" 200 4935 "-" "Mozilla/5.0 (Macintosh; Intel Mac OS X 10_15_7) Safari/537.36"
192.0.2.2 - - [04/Apr/2026:23:40:32 +0530] "GET /api/users HTTP/1.1" 404 4737 "-" "Googlebot/2.1"
203.0.113.2 - - [04/Apr/2026:23:41:58 +0530] "GET /static/css/app.css HTTP/1.1" 200 294 "-" "Python/3.11"
203.0.113.1 - - [04/Apr/2026:23:43:24 +0530] "GET /api/users HTTP/1.1" 200 4464 "-" "Googlebot/2.1"
203.0.113.1 - - [04/Apr/2026:23:44:50 +0530] "PUT /favicon.ico HTTP/1.1" 200 1542 "-" "Python/3.11"
172.16.0.1 - - [04/Apr/2026:23:46:16 +0530] "POST /favicon.ico HTTP/1.1" 200 1422 "-" "Mozilla/5.0 (Macintosh; Intel Mac OS X 10_15_7) Safari/537.36"
192.168.1.2 - - [04/Apr/2026:23:47:42 +0530] "DELETE /api/checkout HTTP/1.1" 200 4147 "-" "Mozilla/5.0 (Macintosh; Intel Mac OS X 10_15_7) Safari/537.36"
203.0.113.2 - - [04/Apr/2026:23:49:08 +0530] "GET /api/checkout HTTP/1.1" 200 4037 "-" "Googlebot/2.1"
10.0.0.2 - - [04/Apr/2026:23:50:34 +0530] "GET /static/js/bundle.js HTTP/1.1" 401 2938 "-" "Mozilla/5.0 (Macintosh; Intel Mac OS X 10_15_7) Safari/537.36"
192.0.2.1 - - [04/Apr/2026:23:52:00 +0530] "GET /api/cart HTTP/1.1" 200 3462 "-" "curl/7.68.0"
172.16.0.1 - - [04/Apr/2026:23:53:26 +0530] "GET /api/login HTTP/1.1" 301 1039 "-" "Python/3.11"
192.168.1.1 - - [04/Apr/2026:23:54:52 +0530] "GET /api/health HTTP/1.1" 400 4465 "-" "Mozilla/5.0 (Windows NT 10.0; Win64; x64) Chrome/120.0"
172.16.0.2 - - [04/Apr/2026:23:56:18 +0530] "POST /api/login HTTP/1.1" 404 2638 "-" "curl/7.68.0"
172.16.0.1 - - [04/Apr/2026:23:57:44 +0530] "GET /api/health HTTP/1.1" 403 4667 "-" "Mozilla/5.0 (Macintosh; Intel Mac OS X 10_15_7) Safari/537.36"
192.168.1.2 - - [04/Apr/2026:23:59:10 +0530] "GET /api/orders HTTP/1.1" 400 1631 "-" "curl/7.68.0"
10.0.0.2 - - [05/Apr/2026:00:00:36 +0530] "GET /api/login HTTP/1.1" 200 1034 "-" "Mozilla/5.0 (Windows NT 10.0; Win64; x64) Chrome/120.0"
192.168.1.2 - - [05/Apr/2026:00:02:02 +0530] "POST /api/users HTTP/1.1" 200 728 "-" "Mozilla/5.0 (Macintosh; Intel Mac OS X 10_15_7) Safari/537.36"
192.168.1.1 - - [05/Apr/2026:00:03:28 +0530] "GET /api/products HTTP/1.1" 304 0 "-" "curl/7.68.0"
203.0.113.2 - - [05/Apr/2026:00:04:54 +0530] "GET /api/health HTTP/1.1" 200 2862 "-" "Mozilla/5.0 (Macintosh; Intel Mac OS X 10_15_7) Safari/537.36"
172.16.0.1 - - [05/Apr/2026:00:06:20 +0530] "POST /api/cart HTTP/1.1" 200 2971 "-" "Mozilla/5.0 (Macintosh; Intel Mac OS X 10_15_7) Safari/537.36"
10.0.0.2 - - [05/Apr/2026:00:07:46 +0530] "GET /static/js/bundle.js HTTP/1.1" 404 2113 "-" "Mozilla/5.0 (Windows NT 10.0; Win64; x64) Chrome/120.0"
198.51.100.2 - - [05/Apr/2026:00:09:12 +0530] "POST /api/checkout HTTP/1.1" 400 4820 "-" "Mozilla/5.0 (Macintosh; Intel Mac OS X 10_15_7) Safari/537.36"
198.51.100.1 - - [05/Apr/2026:00:10:38 +0530] "GET /api/login HTTP/1.1" 200 3267 "-" "curl/7.68.0"
192.0.2.1 - - [05/Apr/2026:00:12:04 +0530] "PUT /api/cart HTTP/1.1" 200 1432 "-" "Mozilla/5.0 (Macintosh; Intel Mac OS X 10_15_7) Safari/537.36"
10.0.0.2 - - [05/Apr/2026:00:13:30 +0530] "GET /api/checkout HTTP/1.1" 200 2991 "-" "curl/7.68.0"
192.0.2.2 - - [05/Apr/2026:00:14:56 +0530] "POST /favicon.ico HTTP/1.1" 200 2728 "-" "Mozilla/5.0 (Macintosh; Intel Mac OS X 10_15_7) Safari/537.36"
192.0.2.1 - - [05/Apr/2026:00:16:22 +0530] "GET /favicon.ico HTTP/1.1" 404 4918 "-" "Googlebot/2.1"
192.0.2.1 - - [05/Apr/2026:00:17:48 +0530] "GET /api/users HTTP/1.1" 200 3903 "-" "Python/3.11"
10.0.0.2 - - [05/Apr/2026:00:19:14 +0530] "POST /api/orders HTTP/1.1" 200 2590 "-" "Googlebot/2.1"
198.51.100.2 - - [05/Apr/2026:00:20:40 +0530] "POST /api/health HTTP/1.1" 200 2016 "-" "Mozilla/5.0 (Macintosh; Intel Mac OS X 10_15_7) Safari/537.36"
10.0.0.2 - - [05/Apr/2026:00:22:06 +0530] "GET /api/orders HTTP/1.1" 200 4515 "-" "Python/3.11"
172.16.0.1 - - [05/Apr/2026:00:23:32 +0530] "PUT /favicon.ico HTTP/1.1" 500 2069 "-" "Mozilla/5.0 (Macintosh; Intel Mac OS X 10_15_7) Safari/537.36"
192.168.1.2 - - [05/Apr/2026:00:24:58 +0530] "GET /api/orders HTTP/1.1" 200 4723 "-" "Python/3.11"
203.0.113.1 - - [05/Apr/2026:00:26:24 +0530] "GET /api/orders HTTP/1.1" 200 645 "-" "curl/7.68.0"
172.16.0.2 - - [05/Apr/2026:00:27:50 +0530] "PUT /api/checkout HTTP/1.1" 200 340 "-" "Googlebot/2.1"
172.16.0.1 - - [05/Apr/2026:00:29:16 +0530] "GET /api/login HTTP/1.1" 401 4742 "-" "Mozilla/5.0 (Macintosh; Intel Mac OS X 10_15_7) Safari/537.36"
192.0.2.1 - - [05/Apr/2026:00:30:42 +0530] "GET /api/login HTTP/1.1" 200 1640 "-" "Python/3.11"
172.16.0.1 - - [05/Apr/2026:00:32:08 +0530] "POST /api/checkout HTTP/1.1" 200 3242 "-" "Googlebot/2.1"
192.168.1.2 - - [05/Apr/2026:00:33:34 +0530] "GET /api/orders HTTP/1.1" 200 4508 "-" "Python/3.11"
192.168.1.1 - - [05/Apr/2026:00:35:00 +0530] "POST /static/css/app.css HTTP/1.1" 200 3797 "-" "Mozilla/5.0 (Macintosh; Intel Mac OS X 10_15_7) Safari/537.36"
192.168.1.2 - - [05/Apr/2026:00:36:26 +0530] "POST /api/products HTTP/1.1" 200 845 "-" "curl/7.68.0"
192.0.2.1 - - [05/Apr/2026:00:37:52 +0530] "GET /api/users HTTP/1.1" 200 4895 "-" "Python/3.11"
192.168.1.1 - - [05/Apr/2026:00:39:18 +0530] "GET /static/css/app.css HTTP/1.1" 401 495 "-" "curl/7.68.0"
192.0.2.2 - - [05/Apr/2026:00:40:44 +0530] "GET /static/js/bundle.js HTTP/1.1" 200 376 "-" "Mozilla/5.0 (Macintosh; Intel Mac OS X 10_15_7) Safari/537.36"
10.0.0.2 - - [05/Apr/2026:00:42:10 +0530] "POST /api/products HTTP/1.1" 400 1134 "-" "curl/7.68.0"
172.16.0.1 - - [05/Apr/2026:00:43:36 +0530] "GET /static/css/app.css HTTP/1.1" 403 1360 "-" "Python/3.11"
203.0.113.2 - - [05/Apr/2026:00:45:02 +0530] "POST /favicon.ico HTTP/1.1" 200 3035 "-" "Mozilla/5.0 (Macintosh; Intel Mac OS X 10_15_7) Safari/537.36"
192.0.2.2 - - [05/Apr/2026:00:46:28 +0530] "GET /api/health HTTP/1.1" 200 2647 "-" "Googlebot/2.1"
192.0.2.2 - - [05/Apr/2026:00:47:54 +0530] "GET /api/login HTTP/1.1" 200 3806 "-" "curl/7.68.0"
192.0.2.1 - - [05/Apr/2026:00:49:20 +0530] "GET /api/orders HTTP/1.1" 200 1431 "-" "Python/3.11"
198.51.100.2 - - [05/Apr/2026:00:50:46 +0530] "GET /api/checkout HTTP/1.1" 301 3200 "-" "Mozilla/5.0 (Macintosh; Intel Mac OS X 10_15_7) Safari/537.36"
10.0.0.2 - - [05/Apr/2026:00:52:12 +0530] "GET /static/js/bundle.js HTTP/1.1" 200 2530 "-" "curl/7.68.0"
10.0.0.2 - - [05/Apr/2026:00:53:38 +0530] "POST /api/cart HTTP/1.1" 200 2280 "-" "Python/3.11"
192.0.2.1 - - [05/Apr/2026:00:55:04 +0530] "GET /static/css/app.css HTTP/1.1" 200 3370 "-" "Mozilla/5.0 (Windows NT 10.0; Win64; x64) Chrome/120.0"
172.16.0.2 - - [05/Apr/2026:00:56:30 +0530] "GET /static/js/bundle.js HTTP/1.1" 200 1748 "-" "Python/3.11"
203.0.113.2 - - [05/Apr/2026:00:57:56 +0530] "GET /api/health HTTP/1.1" 401 1433 "-" "Mozilla/5.0 (Windows NT 10.0; Win64; x64) Chrome/120.0"
203.0.113.2 - - [05/Apr/2026:00:59:22 +0530] "GET /api/health HTTP/1.1" 400 2494 "-" "Mozilla/5.0 (Windows NT 10.0; Win64; x64) Chrome/120.0"
198.51.100.1 - - [05/Apr/2026:01:00:48 +0530] "GET /api/users HTTP/1.1" 404 1124 "-" "Googlebot/2.1"
10.0.0.1 - - [05/Apr/2026:01:02:14 +0530] "GET /static/js/bundle.js HTTP/1.1" 200 1365 "-" "Mozilla/5.0 (Macintosh; Intel Mac OS X 10_15_7) Safari/537.36"
172.16.0.1 - - [05/Apr/2026:01:03:40 +0530] "POST /api/cart HTTP/1.1" 200 4581 "-" "Python/3.11"
10.0.0.2 - - [05/Apr/2026:01:05:06 +0530] "PUT /api/orders HTTP/1.1" 200 4620 "-" "Mozilla/5.0 (Windows NT 10.0; Win64; x64) Chrome/120.0"
10.0.0.1 - - [05/Apr/2026:01:06:32 +0530] "PUT /favicon.ico HTTP/1.1" 200 4789 "-" "Googlebot/2.1"
172.16.0.1 - - [05/Apr/2026:01:07:58 +0530] "PUT /api/orders HTTP/1.1" 200 3422 "-" "curl/7.68.0"
203.0.113.2 - - [05/Apr/2026:01:09:24 +0530] "POST /api/login HTTP/1.1" 200 428 "-" "Python/3.11"
192.168.1.2 - - [05/Apr/2026:01:10:50 +0530] "GET /api/products HTTP/1.1" 200 857 "-" "Mozilla/5.0 (Macintosh; Intel Mac OS X 10_15_7) Safari/537.36"
203.0.113.2 - - [05/Apr/2026:01:12:16 +0530] "POST /favicon.ico HTTP/1.1" 200 2242 "-" "Mozilla/5.0 (Windows NT 10.0; Win64; x64) Chrome/120.0"
172.16.0.2 - - [05/Apr/2026:01:13:42 +0530] "POST /api/checkout HTTP/1.1" 401 1283 "-" "curl/7.68.0"
192.168.1.2 - - [05/Apr/2026:01:15:08 +0530] "GET /static/js/bundle.js HTTP/1.1" 403 407 "-" "Mozilla/5.0 (Windows NT 10.0; Win64; x64) Chrome/120.0"
203.0.113.2 - - [05/Apr/2026:01:16:34 +0530] "GET /static/css/app.css HTTP/1.1" 200 3146 "-" "Mozilla/5.0 (Windows NT 10.0; Win64; x64) Chrome/120.0"
10.0.0.1 - - [05/Apr/2026:01:18:00 +0530] "PUT /static/js/bundle.js HTTP/1.1" 200 4230 "-" "Mozilla/5.0 (Macintosh; Intel Mac OS X 10_15_7) Safari/537.36"
10.0.0.2 - - [05/Apr/2026:01:19:26 +0530] "GET /api/health HTTP/1.1" 404 4834 "-" "curl/7.68.0"
172.16.0.1 - - [05/Apr/2026:01:20:52 +0530] "GET /api/products HTTP/1.1" 401 1183 "-" "curl/7.68.0"
172.16.0.1 - - [05/Apr/2026:01:22:18 +0530] "GET /static/css/app.css HTTP/1.1" 200 3813 "-" "curl/7.68.0"
192.0.2.2 - - [05/Apr/2026:01:23:44 +0530] "GET /api/login HTTP/1.1" 200 3047 "-" "Mozilla/5.0 (Windows NT 10.0; Win64; x64) Chrome/120.0"
192.168.1.1 - - [05/Apr/2026:01:25:10 +0530] "GET /api/users HTTP/1.1" 200 890 "-" "Mozilla/5.0 (Macintosh; Intel Mac OS X 10_15_7) Safari/537.36"
172.16.0.1 - - [05/Apr/2026:01:26:36 +0530] "GET /static/css/app.css HTTP/1.1" 200 1242 "-" "Python/3.11"
198.51.100.2 - - [05/Apr/2026:01:28:02 +0530] "POST /api/orders HTTP/1.1" 400 1075 "-" "Mozilla/5.0 (Windows NT 10.0; Win64; x64) Chrome/120.0"
203.0.113.2 - - [05/Apr/2026:01:29:28 +0530] "POST /api/orders HTTP/1.1" 304 0 "-" "curl/7.68.0"
192.168.1.1 - - [05/Apr/2026:01:30:54 +0530] "GET /api/health HTTP/1.1" 200 600 "-" "curl/7.68.0"
192.168.1.2 - - [05/Apr/2026:01:32:20 +0530] "POST /api/orders HTTP/1.1" 200 3454 "-" "Python/3.11"
192.168.1.2 - - [05/Apr/2026:01:33:46 +0530] "GET /api/checkout HTTP/1.1" 200 2181 "-" "Googlebot/2.1"
203.0.113.2 - - [05/Apr/2026:01:35:12 +0530] "GET /static/css/app.css HTTP/1.1" 403 3515 "-" "curl/7.68.0"
198.51.100.1 - - [05/Apr/2026:01:36:38 +0530] "PUT /api/cart HTTP/1.1" 400 1679 "-" "Mozilla/5.0 (Windows NT 10.0; Win64; x64) Chrome/120.0"
198.51.100.1 - - [05/Apr/2026:01:38:04 +0530] "GET /api/health HTTP/1.1" 404 2714 "-" "Mozilla/5.0 (Windows NT 10.0; Win64; x64) Chrome/120.0"
192.0.2.1 - - [05/Apr/2026:01:39:30 +0530] "GET /static/css/app.css HTTP/1.1" 400 3357 "-" "Python/3.11"
192.0.2.1 - - [05/Apr/2026:01:40:56 +0530] "GET /static/js/bundle.js HTTP/1.1" 301 1633 "-" "Mozilla/5.0 (Macintosh; Intel Mac OS X 10_15_7) Safari/537.36"
192.0.2.1 - - [05/Apr/2026:01:42:22 +0530] "GET /favicon.ico HTTP/1.1" 200 3262 "-" "Python/3.11"
198.51.100.2 - - [05/Apr/2026:01:43:48 +0530] "DELETE /favicon.ico HTTP/1.1" 200 4654 "-" "Mozilla/5.0 (Windows NT 10.0; Win64; x64) Chrome/120.0"
192.0.2.2 - - [05/Apr/2026:01:45:14 +0530] "GET /api/orders HTTP/1.1" 200 3141 "-" "Googlebot/2.1"
172.16.0.1 - - [05/Apr/2026:01:46:40 +0530] "GET /api/orders HTTP/1.1" 200 1302 "-" "Mozilla/5.0 (Macintosh; Intel Mac OS X 10_15_7) Safari/537.36"
10.0.0.1 - - [05/Apr/2026:01:48:06 +0530] "GET /api/health HTTP/1.1" 200 1640 "-" "Python/3.11"
192.0.2.2 - - [05/Apr/2026:01:49:32 +0530] "GET /api/orders HTTP/1.1" 200 4822 "-" "Mozilla/5.0 (Macintosh; Intel Mac OS X 10_15_7) Safari/537.36"
198.51.100.1 - - [05/Apr/2026:01:50:58 +0530] "GET /static/css/app.css HTTP/1.1" 200 3932 "-" "Mozilla/5.0 (Macintosh; Intel Mac OS X 10_15_7) Safari/537.36"
203.0.113.2 - - [05/Apr/2026:01:52:24 +0530] "GET /api/cart HTTP/1.1" 200 3266 "-" "Mozilla/5.0 (Macintosh; Intel Mac OS X 10_15_7) Safari/537.36"
172.16.0.2 - - [05/Apr/2026:01:53:50 +0530] "GET /api/products HTTP/1.1" 401 2101 "-" "Googlebot/2.1"
198.51.100.1 - - [05/Apr/2026:01:55:16 +0530] "GET /favicon.ico HTTP/1.1" 304 0 "-" "curl/7.68.0"
198.51.100.1 - - [05/Apr/2026:01:56:42 +0530] "GET /api/products HTTP/1.1" 200 3022 "-" "Python/3.11"
192.168.1.1 - - [05/Apr/2026:01:58:08 +0530] "GET /api/orders HTTP/1.1" 200 1090 "-" "Mozilla/5.0 (Windows NT 10.0; Win64; x64) Chrome/120.0"
192.168.1.1 - - [05/Apr/2026:01:59:34 +0530] "GET /static/css/app.css HTTP/1.1" 200 498 "-" "Mozilla/5.0 (Windows NT 10.0; Win64; x64) Chrome/120.0"
192.0.2.1 - - [05/Apr/2026:02:01:00 +0530] "GET /api/orders HTTP/1.1" 404 3171 "-" "Mozilla/5.0 (Macintosh; Intel Mac OS X 10_15_7) Safari/537.36"
10.0.0.1 - - [05/Apr/2026:02:02:26 +0530] "GET /api/orders HTTP/1.1" 200 4582 "-" "Python/3.11"
172.16.0.1 - - [05/Apr/2026:02:03:52 +0530] "GET /api/orders HTTP/1.1" 404 4665 "-" "Mozilla/5.0 (Windows NT 10.0; Win64; x64) Chrome/120.0"
10.0.0.1 - - [05/Apr/2026:02:05:18 +0530] "GET /api/checkout HTTP/1.1" 200 4042 "-" "Mozilla/5.0 (Windows NT 10.0; Win64; x64) Chrome/120.0"
192.0.2.1 - - [05/Apr/2026:02:06:44 +0530] "GET /api/cart HTTP/1.1" 200 1735 "-" "Mozilla/5.0 (Windows NT 10.0; Win64; x64) Chrome/120.0"
203.0.113.1 - - [05/Apr/2026:02:08:10 +0530] "GET /api/login HTTP/1.1" 200 1547 "-" "Python/3.11"
198.51.100.1 - - [05/Apr/2026:02:09:36 +0530] "GET /api/login HTTP/1.1" 404 3274 "-" "curl/7.68.0"
198.51.100.1 - - [05/Apr/2026:02:11:02 +0530] "GET /static/js/bundle.js HTTP/1.1" 200 309 "-" "Python/3.11"
198.51.100.2 - - [05/Apr/2026:02:12:28 +0530] "GET /api/health HTTP/1.1" 200 4964 "-" "Googlebot/2.1"
203.0.113.2 - - [05/Apr/2026:02:13:54 +0530] "GET /api/orders HTTP/1.1" 304 0 "-" "Googlebot/2.1"
10.0.0.1 - - [05/Apr/2026:02:15:20 +0530] "GET /api/checkout HTTP/1.1" 404 4457 "-" "Mozilla/5.0 (Windows NT 10.0; Win64; x64) Chrome/120.0"
198.51.100.1 - - [05/Apr/2026:02:16:46 +0530] "GET /api/cart HTTP/1.1" 200 4753 "-" "Mozilla/5.0 (Macintosh; Intel Mac OS X 10_15_7) Safari/537.36"
203.0.113.2 - - [05/Apr/2026:02:18:12 +0530] "GET /api/cart HTTP/1.1" 200 2341 "-" "curl/7.68.0"
172.16.0.1 - - [05/Apr/2026:02:19:38 +0530] "GET /api/login HTTP/1.1" 200 3745 "-" "Googlebot/2.1"
198.51.100.1 - - [05/Apr/2026:02:21:04 +0530] "GET /api/login HTTP/1.1" 404 3776 "-" "Mozilla/5.0 (Windows NT 10.0; Win64; x64) Chrome/120.0"
10.0.0.1 - - [05/Apr/2026:02:22:30 +0530] "GET /api/login HTTP/1.1" 200 1246 "-" "Mozilla/5.0 (Windows NT 10.0; Win64; x64) Chrome/120.0"
172.16.0.1 - - [05/Apr/2026:02:23:56 +0530] "POST /api/users HTTP/1.1" 200 1980 "-" "Mozilla/5.0 (Macintosh; Intel Mac OS X 10_15_7) Safari/537.36"
198.51.100.2 - - [05/Apr/2026:02:25:22 +0530] "GET /api/users HTTP/1.1" 200 1856 "-" "Python/3.11"
192.168.1.1 - - [05/Apr/2026:02:26:48 +0530] "POST /api/users HTTP/1.1" 200 221 "-" "Python/3.11"
203.0.113.1 - - [05/Apr/2026:02:28:14 +0530] "PUT /api/orders HTTP/1.1" 200 3457 "-" "curl/7.68.0"
198.51.100.2 - - [05/Apr/2026:02:29:40 +0530] "GET /static/css/app.css HTTP/1.1" 301 3872 "-" "Googlebot/2.1"
192.0.2.2 - - [05/Apr/2026:02:31:06 +0530] "PUT /api/checkout HTTP/1.1" 200 2432 "-" "Mozilla/5.0 (Windows NT 10.0; Win64; x64) Chrome/120.0"
198.51.100.1 - - [05/Apr/2026:02:32:32 +0530] "POST /static/css/app.css HTTP/1.1" 400 1781 "-" "Googlebot/2.1"
198.51.100.2 - - [05/Apr/2026:02:33:58 +0530] "POST /api/products HTTP/1.1" 200 3186 "-" "Mozilla/5.0 (Macintosh; Intel Mac OS X 10_15_7) Safari/537.36"
172.16.0.2 - - [05/Apr/2026:02:35:24 +0530] "POST /api/users HTTP/1.1" 200 1813 "-" "Mozilla/5.0 (Windows NT 10.0; Win64; x64) Chrome/120.0"
172.16.0.2 - - [05/Apr/2026:02:36:50 +0530] "POST /api/checkout HTTP/1.1" 200 3549 "-" "Googlebot/2.1"
198.51.100.1 - - [05/Apr/2026:02:38:16 +0530] "POST /api/cart HTTP/1.1" 200 2552 "-" "Mozilla/5.0 (Windows NT 10.0; Win64; x64) Chrome/120.0"
192.168.1.1 - - [05/Apr/2026:02:39:42 +0530] "POST /api/orders HTTP/1.1" 404 180 "-" "Googlebot/2.1"
172.16.0.2 - - [05/Apr/2026:02:41:08 +0530] "POST /api/users HTTP/1.1" 200 4689 "-" "Googlebot/2.1"
203.0.113.1 - - [05/Apr/2026:02:42:34 +0530] "GET /api/login HTTP/1.1" 200 3801 "-" "Mozilla/5.0 (Macintosh; Intel Mac OS X 10_15_7) Safari/537.36"
192.168.1.1 - - [05/Apr/2026:02:44:00 +0530] "GET /static/css/app.css HTTP/1.1" 200 1597 "-" "Googlebot/2.1"
10.0.0.1 - - [05/Apr/2026:02:45:26 +0530] "GET /api/products HTTP/1.1" 200 3540 "-" "Mozilla/5.0 (Windows NT 10.0; Win64; x64) Chrome/120.0"
192.168.1.2 - - [05/Apr/2026:02:46:52 +0530] "POST /static/js/bundle.js HTTP/1.1" 200 3288 "-" "Mozilla/5.0 (Macintosh; Intel Mac OS X 10_15_7) Safari/537.36"
203.0.113.1 - - [05/Apr/2026:02:48:18 +0530] "POST /api/checkout HTTP/1.1" 200 1292 "-" "Googlebot/2.1"
198.51.100.2 - - [05/Apr/2026:02:49:44 +0530] "PUT /api/orders HTTP/1.1" 301 1747 "-" "Mozilla/5.0 (Windows NT 10.0; Win64; x64) Chrome/120.0"
203.0.113.2 - - [05/Apr/2026:02:51:10 +0530] "GET /static/js/bundle.js HTTP/1.1" 200 607 "-" "Python/3.11"
192.168.1.2 - - [05/Apr/2026:02:52:36 +0530] "GET /api/orders HTTP/1.1" 200 1242 "-" "Python/3.11"
192.168.1.2 - - [05/Apr/2026:02:54:02 +0530] "PUT /favicon.ico HTTP/1.1" 301 1232 "-" "curl/7.68.0"
192.0.2.1 - - [05/Apr/2026:02:55:28 +0530] "POST /api/checkout HTTP/1.1" 200 3696 "-" "Googlebot/2.1"
192.168.1.1 - - [05/Apr/2026:02:56:54 +0530] "POST /api/cart HTTP/1.1" 200 1642 "-" "Mozilla/5.0 (Windows NT 10.0; Win64; x64) Chrome/120.0"
10.0.0.1 - - [05/Apr/2026:02:58:20 +0530] "GET /api/cart HTTP/1.1" 200 3931 "-" "Mozilla/5.0 (Windows NT 10.0; Win64; x64) Chrome/120.0"
10.0.0.2 - - [05/Apr/2026:02:59:46 +0530] "GET /api/orders HTTP/1.1" 200 1906 "-" "Googlebot/2.1"
172.16.0.1 - - [05/Apr/2026:03:01:12 +0530] "GET /api/products HTTP/1.1" 500 2496 "-" "Googlebot/2.1"
203.0.113.1 - - [05/Apr/2026:03:02:38 +0530] "GET /api/health HTTP/1.1" 200 4109 "-" "Mozilla/5.0 (Macintosh; Intel Mac OS X 10_15_7) Safari/537.36"
192.0.2.2 - - [05/Apr/2026:03:04:04 +0530] "PUT /static/js/bundle.js HTTP/1.1" 200 2803 "-" "Mozilla/5.0 (Windows NT 10.0; Win64; x64) Chrome/120.0"
172.16.0.1 - - [05/Apr/2026:03:05:30 +0530] "GET /api/cart HTTP/1.1" 200 1790 "-" "curl/7.68.0"
198.51.100.2 - - [05/Apr/2026:03:06:56 +0530] "POST /api/login HTTP/1.1" 200 4986 "-" "curl/7.68.0"
192.168.1.1 - - [05/Apr/2026:03:08:22 +0530] "GET /static/css/app.css HTTP/1.1" 301 3305 "-" "Mozilla/5.0 (Macintosh; Intel Mac OS X 10_15_7) Safari/537.36"
198.51.100.2 - - [05/Apr/2026:03:09:48 +0530] "GET /api/checkout HTTP/1.1" 200 3971 "-" "curl/7.68.0"
192.0.2.2 - - [05/Apr/2026:03:11:14 +0530] "POST /favicon.ico HTTP/1.1" 200 1770 "-" "Googlebot/2.1"
198.51.100.1 - - [05/Apr/2026:03:12:40 +0530] "GET /static/css/app.css HTTP/1.1" 200 4699 "-" "Mozilla/5.0 (Windows NT 10.0; Win64; x64) Chrome/120.0"
192.0.2.2 - - [05/Apr/2026:03:14:06 +0530] "POST /api/login HTTP/1.1" 200 4587 "-" "Googlebot/2.1"
203.0.113.2 - - [05/Apr/2026:03:15:32 +0530] "GET /static/css/app.css HTTP/1.1" 200 1871 "-" "Mozilla/5.0 (Windows NT 10.0; Win64; x64) Chrome/120.0"
10.0.0.2 - - [05/Apr/2026:03:16:58 +0530] "POST /api/orders HTTP/1.1" 200 1872 "-" "Mozilla/5.0 (Macintosh; Intel Mac OS X 10_15_7) Safari/537.36"
172.16.0.1 - - [05/Apr/2026:03:18:24 +0530] "GET /static/js/bundle.js HTTP/1.1" 301 215 "-" "Mozilla/5.0 (Macintosh; Intel Mac OS X 10_15_7) Safari/537.36"
192.0.2.2 - - [05/Apr/2026:03:19:50 +0530] "DELETE /api/checkout HTTP/1.1" 304 0 "-" "Mozilla/5.0 (Macintosh; Intel Mac OS X 10_15_7) Safari/537.36"
192.168.1.2 - - [05/Apr/2026:03:21:16 +0530] "GET /api/products HTTP/1.1" 400 4098 "-" "Mozilla/5.0 (Windows NT 10.0; Win64; x64) Chrome/120.0"
192.0.2.1 - - [05/Apr/2026:03:22:42 +0530] "POST /api/orders HTTP/1.1" 200 2955 "-" "curl/7.68.0"
192.0.2.1 - - [05/Apr/2026:03:24:08 +0530] "GET /api/users HTTP/1.1" 200 239 "-" "Mozilla/5.0 (Windows NT 10.0; Win64; x64) Chrome/120.0"
172.16.0.1 - - [05/Apr/2026:03:25:34 +0530] "GET /static/css/app.css HTTP/1.1" 401 2504 "-" "Googlebot/2.1"
192.168.1.2 - - [05/Apr/2026:03:27:00 +0530] "GET /api/users HTTP/1.1" 200 4559 "-" "Googlebot/2.1"
172.16.0.2 - - [05/Apr/2026:03:28:26 +0530] "GET /api/cart HTTP/1.1" 301 799 "-" "Googlebot/2.1"
198.51.100.1 - - [05/Apr/2026:03:29:52 +0530] "GET /favicon.ico HTTP/1.1" 400 2640 "-" "curl/7.68.0"
172.16.0.2 - - [05/Apr/2026:03:31:18 +0530] "PUT /api/products HTTP/1.1" 200 3080 "-" "curl/7.68.0"
198.51.100.1 - - [05/Apr/2026:03:32:44 +0530] "GET /api/products HTTP/1.1" 200 4607 "-" "Googlebot/2.1"
192.0.2.2 - - [05/Apr/2026:03:34:10 +0530] "POST /api/login HTTP/1.1" 200 3917 "-" "Googlebot/2.1"
10.0.0.2 - - [05/Apr/2026:03:35:36 +0530] "GET /api/cart HTTP/1.1" 200 1682 "-" "Mozilla/5.0 (Windows NT 10.0; Win64; x64) Chrome/120.0"
172.16.0.1 - - [05/Apr/2026:03:37:02 +0530] "GET /api/login HTTP/1.1" 401 4271 "-" "Googlebot/2.1"
172.16.0.1 - - [05/Apr/2026:03:38:28 +0530] "GET /static/js/bundle.js HTTP/1.1" 200 2921 "-" "Mozilla/5.0 (Windows NT 10.0; Win64; x64) Chrome/120.0"
192.0.2.1 - - [05/Apr/2026:03:39:54 +0530] "GET /api/orders HTTP/1.1" 401 1636 "-" "Mozilla/5.0 (Macintosh; Intel Mac OS X 10_15_7) Safari/537.36"
192.168.1.2 - - [05/Apr/2026:03:41:20 +0530] "GET /api/checkout HTTP/1.1" 200 3087 "-" "curl/7.68.0"
203.0.113.2 - - [05/Apr/2026:03:42:46 +0530] "GET /static/css/app.css HTTP/1.1" 304 0 "-" "Python/3.11"
192.168.1.2 - - [05/Apr/2026:03:44:12 +0530] "DELETE /api/users HTTP/1.1" 200 2981 "-" "Python/3.11"
10.0.0.1 - - [05/Apr/2026:03:45:38 +0530] "GET /api/health HTTP/1.1" 200 1092 "-" "Python/3.11"
172.16.0.2 - - [05/Apr/2026:03:47:04 +0530] "GET /static/css/app.css HTTP/1.1" 200 4297 "-" "Googlebot/2.1"
172.16.0.2 - - [05/Apr/2026:03:48:30 +0530] "GET /api/cart HTTP/1.1" 200 1378 "-" "Googlebot/2.1"
203.0.113.1 - - [05/Apr/2026:03:49:56 +0530] "GET /api/checkout HTTP/1.1" 200 4835 "-" "Python/3.11"
198.51.100.1 - - [05/Apr/2026:03:51:22 +0530] "POST /static/js/bundle.js HTTP/1.1" 200 855 "-" "Googlebot/2.1"
192.0.2.1 - - [05/Apr/2026:03:52:48 +0530] "GET /api/login HTTP/1.1" 500 3158 "-" "curl/7.68.0"
203.0.113.1 - - [05/Apr/2026:03:54:14 +0530] "GET /api/login HTTP/1.1" 301 765 "-" "Googlebot/2.1"
198.51.100.1 - - [05/Apr/2026:03:55:40 +0530] "POST /static/js/bundle.js HTTP/1.1" 200 4006 "-" "Googlebot/2.1"
10.0.0.2 - - [05/Apr/2026:03:57:06 +0530] "DELETE /api/health HTTP/1.1" 200 3125 "-" "Python/3.11"
203.0.113.2 - - [05/Apr/2026:03:58:32 +0530] "GET /api/products HTTP/1.1" 301 227 "-" "Mozilla/5.0 (Windows NT 10.0; Win64; x64) Chrome/120.0"
172.16.0.2 - - [05/Apr/2026:03:59:58 +0530] "POST /api/health HTTP/1.1" 401 458 "-" "Mozilla/5.0 (Macintosh; Intel Mac OS X 10_15_7) Safari/537.36"
192.0.2.2 - - [05/Apr/2026:04:01:24 +0530] "POST /api/products HTTP/1.1" 200 2337 "-" "Mozilla/5.0 (Windows NT 10.0; Win64; x64) Chrome/120.0"
192.0.2.2 - - [05/Apr/2026:04:02:50 +0530] "GET /api/users HTTP/1.1" 200 2718 "-" "Python/3.11"
203.0.113.2 - - [05/Apr/2026:04:04:16 +0530] "GET /api/products HTTP/1.1" 200 3498 "-" "Mozilla/5.0 (Windows NT 10.0; Win64; x64) Chrome/120.0"
203.0.113.2 - - [05/Apr/2026:04:05:42 +0530] "GET /favicon.ico HTTP/1.1" 200 4700 "-" "Python/3.11"
198.51.100.2 - - [05/Apr/2026:04:07:08 +0530] "POST /api/products HTTP/1.1" 200 251 "-" "Googlebot/2.1"
192.0.2.1 - - [05/Apr/2026:04:08:34 +0530] "GET /api/orders HTTP/1.1" 200 1019 "-" "Googlebot/2.1"
192.0.2.2 - - [05/Apr/2026:04:10:00 +0530] "POST /api/products HTTP/1.1" 200 2807 "-" "Mozilla/5.0 (Windows NT 10.0; Win64; x64) Chrome/120.0"
10.0.0.1 - - [05/Apr/2026:04:11:26 +0530] "GET /api/users HTTP/1.1" 200 299 "-" "Python/3.11"
10.0.0.2 - - [05/Apr/2026:04:12:52 +0530] "GET /api/health HTTP/1.1" 400 1692 "-" "Googlebot/2.1"
198.51.100.1 - - [05/Apr/2026:04:14:18 +0530] "GET /favicon.ico HTTP/1.1" 200 2562 "-" "Mozilla/5.0 (Macintosh; Intel Mac OS X 10_15_7) Safari/537.36"
203.0.113.1 - - [05/Apr/2026:04:15:44 +0530] "PUT /api/health HTTP/1.1" 200 4011 "-" "Python/3.11"
172.16.0.2 - - [05/Apr/2026:04:17:10 +0530] "GET /static/js/bundle.js HTTP/1.1" 200 4942 "-" "Python/3.11"
192.0.2.2 - - [05/Apr/2026:04:18:36 +0530] "GET /api/health HTTP/1.1" 304 0 "-" "Mozilla/5.0 (Windows NT 10.0; Win64; x64) Chrome/120.0"
